[2026-06-03 16:20:01 +0800] start hk_market_history
$3690.HK: possibly delisted; no price data found  (1d 2021-05-15 -> 2026-06-03)

1 Failed download:
['3690.HK']: possibly delisted; no price data found  (1d 2021-05-15 -> 2026-06-03)

1 Failed download:
['0981.HK']: YFRateLimitError('Too Many Requests. Rate limited. Try after a while.')

1 Failed download:
['9618.HK']: YFRateLimitError('Too Many Requests. Rate limited. Try after a while.')

1 Failed download:
['1024.HK']: YFRateLimitError('Too Many Requests. Rate limited. Try after a while.')

1 Failed download:
['2015.HK']: YFRateLimitError('Too Many Requests. Rate limited. Try after a while.')

1 Failed download:
['1347.HK']: YFRateLimitError('Too Many Requests. Rate limited. Try after a while.')

1 Failed download:
['0005.HK']: YFRateLimitError('Too Many Requests. Rate limited. Try after a while.')

1 Failed download:
['1299.HK']: YFRateLimitError('Too Many Requests. Rate limited. Try after a while.')

1 Failed download:
['0941.HK']: YFRateLimitError('Too Many Requests. Rate limited. Try after a while.')

1 Failed download:
['2020.HK']: YFRateLimitError('Too Many Requests. Rate limited. Try after a while.')

1 Failed download:
['2269.HK']: YFRateLimitError('Too Many Requests. Rate limited. Try after a while.')
HK market history update status: updated
Database: /home/zj/workspace/stok-mapping/data/hk_market_history.sqlite
Latest date: 2026-06-02
Coverage: 1.0000 (30/30)
Fetched rows: 23488
Inserted rows: 19
Updated rows: 23469
Source: yfinance
Warning: yfinance HK.03690 returned empty data.
Warning: yfinance HK.00981 returned empty data.
Warning: yfinance HK.09618 returned empty data.
Warning: yfinance HK.01024 returned empty data.
Warning: yfinance HK.02015 returned empty data.
Warning: yfinance HK.01347 returned empty data.
Warning: yfinance HK.00005 returned empty data.
Warning: yfinance HK.01299 returned empty data.
Warning: yfinance HK.00941 returned empty data.
Warning: yfinance HK.02020 returned empty data.
Warning: yfinance HK.02269 returned empty data.
[2026-06-03 16:21:00 +0800] finish hk_market_history
