[2026-06-03 17:10:01 +0800] start us_market_history
Traceback (most recent call last):
  File "<frozen runpy>", line 198, in _run_module_as_main
  File "<frozen runpy>", line 88, in _run_code
  File "/home/zj/workspace/stok-mapping/phase0/cli.py", line 958, in <module>
    raise SystemExit(main())
                     ~~~~^^
  File "/home/zj/workspace/stok-mapping/phase0/cli.py", line 874, in main
    result = update_us_market_history_from_config(cfg, config_path.parent, check_only=args.check_only)
  File "/home/zj/workspace/stok-mapping/phase0/external_market_history.py", line 388, in update_us_market_history_from_config
    return _update_market_history(_us_settings, check_only=check_only)
  File "/home/zj/workspace/stok-mapping/phase0/external_market_history.py", line 318, in _update_market_history
    conn.execute(
    ~~~~~~~~~~~~^
        f"""
        ^^^^
    ...<18 lines>...
        ),
        ^^
    )
    ^
sqlite3.ProgrammingError: Error binding parameter 12: type 'NAType' is not supported
[2026-06-03 17:10:05 +0800] fail us_market_history
[2026-06-04 17:10:01 +0800] start us_market_history
$NVDA: possibly delisted; no price data found  (1d 2021-05-16 -> 2026-06-04)

1 Failed download:
['NVDA']: possibly delisted; no price data found  (1d 2021-05-16 -> 2026-06-04)

1 Failed download:
['^VIX']: YFRateLimitError('Too Many Requests. Rate limited. Try after a while.')
US market history update status: updated
Database: /home/zj/workspace/stok-mapping/data/us_market_history.sqlite
Latest date: 2026-06-03
Coverage: 1.0000 (6/6)
Fetched rows: 5117
Inserted rows: 4
Updated rows: 5113
Source: yfinance
Warning: yfinance NVDA returned empty data.
Warning: yfinance ^VIX returned empty data.
[2026-06-04 17:10:15 +0800] finish us_market_history
