Tushare financial backfill started
Tushare financial backfill selected: 0/6230 (0.0%), fetched=0, empty=0, 
failed=0, inserted_rows=0, rate=0.0/min, elapsed=1s, eta=unknown
Tushare financial backfill progress: 1/6230 (0.0%), fetched=0, empty=1, 
failed=0, inserted_rows=0, rate=1.7/min, elapsed=34s, eta=59h53m38s
Tushare financial backfill progress: 36/6230 (0.6%), fetched=4, empty=32, 
failed=0, inserted_rows=4, rate=32.3/min, elapsed=1m06s, eta=3h11m28s
Tushare financial backfill progress: 48/6230 (0.8%), fetched=4, empty=44, 
failed=0, inserted_rows=4, rate=18.9/min, elapsed=2m31s, eta=5h26m14s
Tushare financial backfill progress: 57/6230 (0.9%), fetched=4, empty=53, 
failed=0, inserted_rows=4, rate=17.2/min, elapsed=3m19s, eta=5h59m46s
Tushare financial backfill progress: 78/6230 (1.3%), fetched=4, empty=74, 
failed=0, inserted_rows=4, rate=20.3/min, elapsed=3m50s, eta=5h03m21s
Tushare financial backfill progress: 82/6230 (1.3%), fetched=4, empty=78, 
failed=0, inserted_rows=4, rate=18.3/min, elapsed=4m29s, eta=5h36m24s
Tushare financial backfill progress: 85/6230 (1.4%), fetched=4, empty=81, 
failed=0, inserted_rows=4, rate=16.6/min, elapsed=5m06s, eta=6h09m15s
Tushare financial backfill progress: 106/6230 (1.7%), fetched=4, empty=102, 
failed=0, inserted_rows=4, rate=18.8/min, elapsed=5m37s, eta=5h25m20s
Tushare financial backfill progress: 124/6230 (2.0%), fetched=4, empty=120, 
failed=0, inserted_rows=4, rate=20.2/min, elapsed=6m08s, eta=5h02m30s
Tushare financial backfill progress: 144/6230 (2.3%), fetched=6, empty=137, 
failed=1, inserted_rows=6, rate=21.7/min, elapsed=6m38s, eta=4h40m47s
Tushare financial backfill progress: 163/6230 (2.6%), fetched=6, empty=156, 
failed=1, inserted_rows=6, rate=21.5/min, elapsed=7m35s, eta=4h42m45s
Tushare financial backfill progress: 195/6230 (3.1%), fetched=9, empty=184, 
failed=2, inserted_rows=9, rate=23.8/min, elapsed=8m10s, eta=4h13m06s
Tushare financial backfill progress: 198/6230 (3.2%), fetched=9, empty=184, 
failed=5, inserted_rows=9, rate=21.9/min, elapsed=9m01s, eta=4h35m11s
Tushare financial backfill progress: 232/6230 (3.7%), fetched=16, empty=211, 
failed=5, inserted_rows=16, rate=24.3/min, elapsed=9m32s, eta=4h06m37s
Tushare financial backfill progress: 238/6230 (3.8%), fetched=16, empty=213, 
failed=9, inserted_rows=16, rate=23.7/min, elapsed=10m03s, eta=4h13m12s
Tushare financial backfill progress: 248/6230 (4.0%), fetched=16, empty=223, 
failed=9, inserted_rows=16, rate=22.8/min, elapsed=10m51s, eta=4h21m54s
Tushare financial backfill progress: 268/6230 (4.3%), fetched=16, empty=243, 
failed=9, inserted_rows=16, rate=23.6/min, elapsed=11m21s, eta=4h12m46s
Tushare financial backfill progress: 288/6230 (4.6%), fetched=22, empty=255, 
failed=11, inserted_rows=22, rate=24.0/min, elapsed=11m58s, eta=4h07m09s
Tushare financial backfill progress: 309/6230 (5.0%), fetched=33, empty=265, 
failed=11, inserted_rows=33, rate=24.7/min, elapsed=12m29s, eta=3h59m15s
Tushare financial backfill progress: 323/6230 (5.2%), fetched=36, empty=273, 
failed=14, inserted_rows=36, rate=24.7/min, elapsed=13m04s, eta=3h59m06s
Tushare financial backfill progress: 355/6230 (5.7%), fetched=38, empty=302, 
failed=15, inserted_rows=38, rate=26.0/min, elapsed=13m38s, eta=3h45m50s
Tushare financial backfill progress: 364/6230 (5.8%), fetched=38, empty=308, 
failed=18, inserted_rows=38, rate=25.7/min, elapsed=14m08s, eta=3h47m59s
Tushare financial backfill progress: 385/6230 (6.2%), fetched=38, empty=328, 
failed=19, inserted_rows=38, rate=26.2/min, elapsed=14m40s, eta=3h42m42s
Tushare financial backfill progress: 392/6230 (6.3%), fetched=38, empty=332, 
failed=22, inserted_rows=38, rate=25.8/min, elapsed=15m10s, eta=3h46m03s
Tushare financial backfill progress: 412/6230 (6.6%), fetched=38, empty=352, 
failed=22, inserted_rows=38, rate=26.3/min, elapsed=15m41s, eta=3h41m31s
Tushare financial backfill progress: 421/6230 (6.8%), fetched=38, empty=359, 
failed=24, inserted_rows=38, rate=26.0/min, elapsed=16m11s, eta=3h43m23s
Tushare financial backfill progress: 442/6230 (7.1%), fetched=38, empty=380, 
failed=24, inserted_rows=38, rate=26.5/min, elapsed=16m42s, eta=3h38m48s
Tushare financial backfill progress: 452/6230 (7.3%), fetched=38, empty=388, 
failed=26, inserted_rows=38, rate=26.3/min, elapsed=17m13s, eta=3h40m06s
Tushare financial backfill progress: 469/6230 (7.5%), fetched=38, empty=405, 
failed=26, inserted_rows=38, rate=25.8/min, elapsed=18m11s, eta=3h43m24s
Tushare financial backfill progress: 496/6230 (8.0%), fetched=38, empty=432, 
failed=26, inserted_rows=38, rate=26.5/min, elapsed=18m42s, eta=3h36m14s
Tushare financial backfill progress: 504/6230 (8.1%), fetched=38, empty=437, 
failed=29, inserted_rows=38, rate=26.2/min, elapsed=19m14s, eta=3h38m41s
Tushare financial backfill progress: 536/6230 (8.6%), fetched=39, empty=467, 
failed=30, inserted_rows=39, rate=27.0/min, elapsed=19m51s, eta=3h30m59s
Tushare financial backfill progress: 552/6230 (8.9%), fetched=41, empty=479, 
failed=32, inserted_rows=41, rate=27.1/min, elapsed=20m22s, eta=3h29m39s
Tushare financial backfill progress: 572/6230 (9.2%), fetched=44, empty=493, 
failed=35, inserted_rows=44, rate=27.2/min, elapsed=21m00s, eta=3h27m46s
Tushare financial backfill progress: 594/6230 (9.5%), fetched=47, empty=511, 
failed=36, inserted_rows=47, rate=27.6/min, elapsed=21m30s, eta=3h24m04s
Tushare financial backfill progress: 608/6230 (9.8%), fetched=51, empty=518, 
failed=39, inserted_rows=51, rate=27.6/min, elapsed=22m02s, eta=3h23m49s
Tushare financial backfill progress: 630/6230 (10.1%), fetched=56, empty=534, 
failed=40, inserted_rows=56, rate=27.9/min, elapsed=22m33s, eta=3h20m32s
Tushare financial backfill progress: 638/6230 (10.2%), fetched=56, empty=539, 
failed=43, inserted_rows=56, rate=27.6/min, elapsed=23m04s, eta=3h22m16s
Tushare financial backfill progress: 655/6230 (10.5%), fetched=56, empty=556, 
failed=43, inserted_rows=56, rate=27.8/min, elapsed=23m36s, eta=3h20m52s
Tushare financial backfill progress: 667/6230 (10.7%), fetched=56, empty=566, 
failed=45, inserted_rows=56, rate=27.7/min, elapsed=24m06s, eta=3h21m04s
Tushare financial backfill progress: 689/6230 (11.1%), fetched=58, empty=585, 
failed=46, inserted_rows=58, rate=28.0/min, elapsed=24m36s, eta=3h17m56s
Tushare financial backfill progress: 701/6230 (11.3%), fetched=58, empty=594, 
failed=49, inserted_rows=58, rate=27.9/min, elapsed=25m08s, eta=3h18m20s
Tushare financial backfill progress: 726/6230 (11.7%), fetched=61, empty=616, 
failed=49, inserted_rows=61, rate=28.3/min, elapsed=25m39s, eta=3h14m27s
Tushare financial backfill progress: 739/6230 (11.9%), fetched=64, empty=622, 
failed=53, inserted_rows=64, rate=28.2/min, elapsed=26m13s, eta=3h14m54s
Tushare financial backfill progress: 771/6230 (12.4%), fetched=65, empty=653, 
failed=53, inserted_rows=65, rate=28.8/min, elapsed=26m44s, eta=3h09m20s
Tushare financial backfill progress: 777/6230 (12.5%), fetched=65, empty=655, 
failed=57, inserted_rows=65, rate=28.4/min, elapsed=27m19s, eta=3h11m47s
Tushare financial backfill progress: 806/6230 (12.9%), fetched=68, empty=680, 
failed=58, inserted_rows=68, rate=28.9/min, elapsed=27m52s, eta=3h07m36s
Tushare financial backfill progress: 813/6230 (13.0%), fetched=68, empty=684, 
failed=61, inserted_rows=68, rate=28.6/min, elapsed=28m23s, eta=3h09m10s
Tushare financial backfill progress: 833/6230 (13.4%), fetched=68, empty=704, 
failed=61, inserted_rows=68, rate=28.8/min, elapsed=28m53s, eta=3h07m12s
Tushare financial backfill progress: 841/6230 (13.5%), fetched=68, empty=710, 
failed=63, inserted_rows=68, rate=28.6/min, elapsed=29m25s, eta=3h08m30s
Tushare financial backfill progress: 862/6230 (13.8%), fetched=68, empty=731, 
failed=63, inserted_rows=68, rate=28.8/min, elapsed=29m56s, eta=3h06m27s
Tushare financial backfill progress: 869/6230 (13.9%), fetched=68, empty=736, 
failed=65, inserted_rows=68, rate=28.5/min, elapsed=30m26s, eta=3h07m49s
Tushare financial backfill progress: 889/6230 (14.3%), fetched=68, empty=756, 
failed=65, inserted_rows=68, rate=28.7/min, elapsed=30m56s, eta=3h05m55s
Tushare financial backfill progress: 897/6230 (14.4%), fetched=68, empty=762, 
failed=67, inserted_rows=68, rate=28.5/min, elapsed=31m27s, eta=3h07m02s
Tushare financial backfill progress: 924/6230 (14.8%), fetched=69, empty=788, 
failed=67, inserted_rows=69, rate=28.9/min, elapsed=31m58s, eta=3h03m36s
Tushare financial backfill progress: 935/6230 (15.0%), fetched=69, empty=797, 
failed=69, inserted_rows=69, rate=28.8/min, elapsed=32m29s, eta=3h04m01s
Tushare financial backfill progress: 960/6230 (15.4%), fetched=71, empty=819, 
failed=70, inserted_rows=71, rate=29.1/min, elapsed=33m02s, eta=3h01m20s
Tushare financial backfill progress: 974/6230 (15.6%), fetched=73, empty=829, 
failed=72, inserted_rows=73, rate=29.0/min, elapsed=33m32s, eta=3h01m00s
Tushare financial backfill progress: 994/6230 (16.0%), fetched=75, empty=845, 
failed=74, inserted_rows=75, rate=29.2/min, elapsed=34m04s, eta=2h59m29s
Tushare financial backfill progress: 1013/6230 (16.3%), fetched=77, empty=860, 
failed=76, inserted_rows=77, rate=29.3/min, elapsed=34m35s, eta=2h58m07s
Tushare financial backfill progress: 1032/6230 (16.6%), fetched=77, empty=876, 
failed=79, inserted_rows=77, rate=29.3/min, elapsed=35m13s, eta=2h57m22s
Tushare financial backfill progress: 1059/6230 (17.0%), fetched=80, empty=899, 
failed=80, inserted_rows=80, rate=29.6/min, elapsed=35m43s, eta=2h54m26s
Tushare financial backfill progress: 1071/6230 (17.2%), fetched=82, empty=905, 
failed=84, inserted_rows=82, rate=29.5/min, elapsed=36m18s, eta=2h54m55s
Tushare financial backfill progress: 1094/6230 (17.6%), fetched=84, empty=926, 
failed=84, inserted_rows=84, rate=29.7/min, elapsed=36m49s, eta=2h52m52s
Tushare financial backfill progress: 1101/6230 (17.7%), fetched=84, empty=930, 
failed=87, inserted_rows=84, rate=29.5/min, elapsed=37m21s, eta=2h54m01s
Tushare financial backfill progress: 1122/6230 (18.0%), fetched=84, empty=951, 
failed=87, inserted_rows=84, rate=29.6/min, elapsed=37m52s, eta=2h52m27s
Tushare financial backfill progress: 1138/6230 (18.3%), fetched=89, empty=960, 
failed=89, inserted_rows=89, rate=29.7/min, elapsed=38m22s, eta=2h51m44s
Tushare financial backfill progress: 1164/6230 (18.7%), fetched=97, empty=978, 
failed=89, inserted_rows=97, rate=29.9/min, elapsed=38m53s, eta=2h49m16s
Tushare financial backfill progress: 1170/6230 (18.8%), fetched=100, empty=978, 
failed=92, inserted_rows=100, rate=29.7/min, elapsed=39m24s, eta=2h50m24s
Tushare financial backfill progress: 1203/6230 (19.3%), fetched=123, empty=987, 
failed=93, inserted_rows=123, rate=30.1/min, elapsed=39m59s, eta=2h47m05s
Tushare financial backfill progress: 1215/6230 (19.5%), fetched=123, empty=996, 
failed=96, inserted_rows=123, rate=30.0/min, elapsed=40m30s, eta=2h47m10s
Tushare financial backfill progress: 1237/6230 (19.9%), fetched=123, empty=1017,
failed=97, inserted_rows=123, rate=30.2/min, elapsed=41m00s, eta=2h45m32s
Tushare financial backfill progress: 1246/6230 (20.0%), fetched=123, empty=1024,
failed=99, inserted_rows=123, rate=30.0/min, elapsed=41m31s, eta=2h46m04s
Tushare financial backfill progress: 1272/6230 (20.4%), fetched=128, empty=1044,
failed=100, inserted_rows=128, rate=30.3/min, elapsed=42m01s, eta=2h43m47s
Tushare financial backfill progress: 1286/6230 (20.6%), fetched=129, empty=1054,
failed=103, inserted_rows=129, rate=30.2/min, elapsed=42m31s, eta=2h43m29s
Tushare financial backfill progress: 1307/6230 (21.0%), fetched=129, empty=1074,
failed=104, inserted_rows=129, rate=30.4/min, elapsed=43m02s, eta=2h42m07s
Tushare financial backfill progress: 1318/6230 (21.2%), fetched=129, empty=1083,
failed=106, inserted_rows=129, rate=30.3/min, elapsed=43m33s, eta=2h42m20s
Tushare financial backfill progress: 1336/6230 (21.4%), fetched=129, empty=1100,
failed=107, inserted_rows=129, rate=30.3/min, elapsed=44m06s, eta=2h41m34s
Tushare financial backfill progress: 1348/6230 (21.6%), fetched=129, empty=1111,
failed=108, inserted_rows=129, rate=30.2/min, elapsed=44m37s, eta=2h41m36s
Tushare financial backfill progress: 1365/6230 (21.9%), fetched=129, empty=1127,
failed=109, inserted_rows=129, rate=30.2/min, elapsed=45m09s, eta=2h40m57s
Tushare financial backfill progress: 1376/6230 (22.1%), fetched=129, empty=1137,
failed=110, inserted_rows=129, rate=30.1/min, elapsed=45m40s, eta=2h41m08s
Tushare financial backfill progress: 1393/6230 (22.4%), fetched=129, empty=1153,
failed=111, inserted_rows=129, rate=30.1/min, elapsed=46m13s, eta=2h40m30s
Tushare financial backfill progress: 1405/6230 (22.6%), fetched=129, empty=1164,
failed=112, inserted_rows=129, rate=30.1/min, elapsed=46m43s, eta=2h40m28s
Tushare financial backfill progress: 1425/6230 (22.9%), fetched=131, empty=1181,
failed=113, inserted_rows=131, rate=30.2/min, elapsed=47m14s, eta=2h39m18s
Tushare financial backfill progress: 1451/6230 (23.3%), fetched=134, empty=1204,
failed=113, inserted_rows=134, rate=30.4/min, elapsed=47m44s, eta=2h37m16s
Tushare financial backfill progress: 1465/6230 (23.5%), fetched=138, empty=1211,
failed=116, inserted_rows=138, rate=30.3/min, elapsed=48m16s, eta=2h37m01s
Tushare financial backfill progress: 1490/6230 (23.9%), fetched=144, empty=1230,
failed=116, inserted_rows=144, rate=30.5/min, elapsed=48m46s, eta=2h35m11s
Tushare financial backfill progress: 1506/6230 (24.2%), fetched=147, empty=1240,
failed=119, inserted_rows=147, rate=30.5/min, elapsed=49m19s, eta=2h34m44s
Tushare financial backfill progress: 1533/6230 (24.6%), fetched=150, empty=1264,
failed=119, inserted_rows=150, rate=30.8/min, elapsed=49m50s, eta=2h32m41s
Tushare financial backfill progress: 1547/6230 (24.8%), fetched=150, empty=1275,
failed=122, inserted_rows=150, rate=30.7/min, elapsed=50m27s, eta=2h32m43s
Tushare financial backfill progress: 1567/6230 (25.2%), fetched=150, empty=1295,
failed=122, inserted_rows=150, rate=30.7/min, elapsed=50m57s, eta=2h31m38s
Tushare financial backfill progress: 1574/6230 (25.3%), fetched=150, empty=1300,
failed=124, inserted_rows=150, rate=30.6/min, elapsed=51m27s, eta=2h32m13s
Tushare financial backfill progress: 1596/6230 (25.6%), fetched=154, empty=1318,
failed=124, inserted_rows=154, rate=30.7/min, elapsed=51m58s, eta=2h30m53s
Tushare financial backfill progress: 1608/6230 (25.8%), fetched=157, empty=1324,
failed=127, inserted_rows=157, rate=30.6/min, elapsed=52m28s, eta=2h30m50s
Tushare financial backfill progress: 1632/6230 (26.2%), fetched=158, empty=1347,
failed=127, inserted_rows=158, rate=30.8/min, elapsed=52m58s, eta=2h29m15s
Tushare financial backfill progress: 1639/6230 (26.3%), fetched=158, empty=1351,
failed=130, inserted_rows=158, rate=30.6/min, elapsed=53m29s, eta=2h29m49s
Tushare financial backfill progress: 1673/6230 (26.9%), fetched=160, empty=1382,
failed=131, inserted_rows=160, rate=30.9/min, elapsed=54m05s, eta=2h27m20s
Tushare financial backfill progress: 1686/6230 (27.1%), fetched=163, empty=1390,
failed=133, inserted_rows=163, rate=30.9/min, elapsed=54m35s, eta=2h27m08s
Tushare financial backfill progress: 1714/6230 (27.5%), fetched=163, empty=1417,
failed=134, inserted_rows=163, rate=31.1/min, elapsed=55m07s, eta=2h25m13s
Tushare financial backfill progress: 1728/6230 (27.7%), fetched=163, empty=1429,
failed=136, inserted_rows=163, rate=31.1/min, elapsed=55m39s, eta=2h24m59s
Tushare financial backfill progress: 1752/6230 (28.1%), fetched=165, empty=1449,
failed=138, inserted_rows=165, rate=31.2/min, elapsed=56m12s, eta=2h23m39s
Tushare financial backfill progress: 1773/6230 (28.5%), fetched=168, empty=1466,
failed=139, inserted_rows=168, rate=31.3/min, elapsed=56m42s, eta=2h22m33s
Tushare financial backfill progress: 1792/6230 (28.8%), fetched=171, empty=1480,
failed=141, inserted_rows=171, rate=31.3/min, elapsed=57m12s, eta=2h21m41s
Tushare financial backfill progress: 1812/6230 (29.1%), fetched=171, empty=1498,
failed=143, inserted_rows=171, rate=31.4/min, elapsed=57m43s, eta=2h20m44s
Tushare financial backfill progress: 1825/6230 (29.3%), fetched=172, empty=1508,
failed=145, inserted_rows=172, rate=31.3/min, elapsed=58m13s, eta=2h20m32s
Tushare financial backfill progress: 1836/6230 (29.5%), fetched=172, empty=1518,
failed=146, inserted_rows=172, rate=31.3/min, elapsed=58m44s, eta=2h20m34s
Tushare financial backfill progress: 1851/6230 (29.7%), fetched=172, empty=1531,
failed=148, inserted_rows=172, rate=31.2/min, elapsed=59m21s, eta=2h20m24s
Tushare financial backfill progress: 1865/6230 (29.9%), fetched=172, empty=1545,
failed=148, inserted_rows=172, rate=31.2/min, elapsed=59m51s, eta=2h20m06s
Tushare financial backfill progress: 1878/6230 (30.1%), fetched=172, empty=1556,
failed=150, inserted_rows=172, rate=31.1/min, elapsed=1h00m24s, eta=2h19m59s
Tushare financial backfill progress: 1894/6230 (30.4%), fetched=172, empty=1572,
failed=150, inserted_rows=172, rate=31.1/min, elapsed=1h00m54s, eta=2h19m26s
Tushare financial backfill progress: 1904/6230 (30.6%), fetched=172, empty=1580,
failed=152, inserted_rows=172, rate=31.0/min, elapsed=1h01m28s, eta=2h19m41s
Tushare financial backfill progress: 1930/6230 (31.0%), fetched=173, empty=1605,
failed=152, inserted_rows=172, rate=31.1/min, elapsed=1h01m58s, eta=2h18m05s
Tushare financial backfill progress: 1936/6230 (31.1%), fetched=173, empty=1607,
failed=156, inserted_rows=172, rate=31.0/min, elapsed=1h02m29s, eta=2h18m37s
Tushare financial backfill progress: 1962/6230 (31.5%), fetched=173, empty=1633,
failed=156, inserted_rows=172, rate=31.1/min, elapsed=1h03m00s, eta=2h17m03s
Tushare financial backfill progress: 1971/6230 (31.6%), fetched=173, empty=1639,
failed=159, inserted_rows=172, rate=31.0/min, elapsed=1h03m31s, eta=2h17m15s
Tushare financial backfill progress: 2004/6230 (32.2%), fetched=174, empty=1670,
failed=160, inserted_rows=172, rate=31.2/min, elapsed=1h04m08s, eta=2h15m14s
Tushare financial backfill progress: 2019/6230 (32.4%), fetched=175, empty=1682,
failed=162, inserted_rows=172, rate=31.2/min, elapsed=1h04m38s, eta=2h14m49s
Tushare financial backfill progress: 2045/6230 (32.8%), fetched=179, empty=1702,
failed=164, inserted_rows=172, rate=31.3/min, elapsed=1h05m14s, eta=2h13m30s
Tushare financial backfill progress: 2066/6230 (33.2%), fetched=184, empty=1717,
failed=165, inserted_rows=173, rate=31.4/min, elapsed=1h05m45s, eta=2h12m32s
Tushare financial backfill progress: 2085/6230 (33.5%), fetched=188, empty=1729,
failed=168, inserted_rows=173, rate=31.4/min, elapsed=1h06m21s, eta=2h11m54s
Tushare financial backfill progress: 2113/6230 (33.9%), fetched=196, empty=1748,
failed=169, inserted_rows=175, rate=31.6/min, elapsed=1h06m52s, eta=2h10m17s
Tushare financial backfill progress: 2123/6230 (34.1%), fetched=198, empty=1753,
failed=172, inserted_rows=175, rate=31.5/min, elapsed=1h07m23s, eta=2h10m22s
Tushare financial backfill progress: 2139/6230 (34.3%), fetched=198, empty=1769,
failed=172, inserted_rows=175, rate=31.5/min, elapsed=1h07m54s, eta=2h09m52s
Tushare financial backfill progress: 2153/6230 (34.6%), fetched=198, empty=1781,
failed=174, inserted_rows=175, rate=31.4/min, elapsed=1h08m28s, eta=2h09m40s
Tushare financial backfill progress: 2172/6230 (34.9%), fetched=198, empty=1800,
failed=174, inserted_rows=175, rate=31.5/min, elapsed=1h08m58s, eta=2h08m52s
Tushare financial backfill progress: 2182/6230 (35.0%), fetched=198, empty=1808,
failed=176, inserted_rows=175, rate=31.4/min, elapsed=1h09m29s, eta=2h08m54s
Tushare financial backfill progress: 2207/6230 (35.4%), fetched=201, empty=1830,
failed=176, inserted_rows=177, rate=31.5/min, elapsed=1h09m59s, eta=2h07m35s
Tushare financial backfill progress: 2215/6230 (35.6%), fetched=203, empty=1833,
failed=179, inserted_rows=177, rate=31.4/min, elapsed=1h10m30s, eta=2h07m48s
Tushare financial backfill progress: 2249/6230 (36.1%), fetched=225, empty=1844,
failed=180, inserted_rows=180, rate=31.6/min, elapsed=1h11m07s, eta=2h05m53s
Tushare financial backfill progress: 2261/6230 (36.3%), fetched=226, empty=1852,
failed=183, inserted_rows=181, rate=31.6/min, elapsed=1h11m37s, eta=2h05m43s
Tushare financial backfill progress: 2286/6230 (36.7%), fetched=227, empty=1875,
failed=184, inserted_rows=181, rate=31.7/min, elapsed=1h12m07s, eta=2h04m26s
Tushare financial backfill progress: 2298/6230 (36.9%), fetched=227, empty=1884,
failed=187, inserted_rows=181, rate=31.6/min, elapsed=1h12m37s, eta=2h04m16s
Tushare financial backfill progress: 2320/6230 (37.2%), fetched=228, empty=1904,
failed=188, inserted_rows=181, rate=31.7/min, elapsed=1h13m08s, eta=2h03m15s
Tushare financial backfill progress: 2327/6230 (37.4%), fetched=228, empty=1909,
failed=190, inserted_rows=181, rate=31.6/min, elapsed=1h13m38s, eta=2h03m30s
Tushare financial backfill progress: 2347/6230 (37.7%), fetched=228, empty=1929,
failed=190, inserted_rows=181, rate=31.6/min, elapsed=1h14m09s, eta=2h02m42s
Tushare financial backfill progress: 2357/6230 (37.8%), fetched=228, empty=1937,
failed=192, inserted_rows=181, rate=31.6/min, elapsed=1h14m40s, eta=2h02m42s
Tushare financial backfill progress: 2377/6230 (38.2%), fetched=228, empty=1957,
failed=192, inserted_rows=181, rate=31.6/min, elapsed=1h15m11s, eta=2h01m53s
Tushare financial backfill progress: 2387/6230 (38.3%), fetched=228, empty=1965,
failed=194, inserted_rows=181, rate=31.5/min, elapsed=1h15m42s, eta=2h01m52s
Tushare financial backfill progress: 2407/6230 (38.6%), fetched=228, empty=1984,
failed=195, inserted_rows=181, rate=31.5/min, elapsed=1h16m19s, eta=2h01m14s
Tushare financial backfill progress: 2421/6230 (38.9%), fetched=228, empty=1997,
failed=196, inserted_rows=181, rate=31.5/min, elapsed=1h16m50s, eta=2h00m53s
Tushare financial backfill progress: 2422/6230 (38.9%), fetched=228, empty=1998,
failed=196, inserted_rows=181, rate=31.3/min, elapsed=1h17m24s, eta=2h01m42s
Tushare financial backfill progress: 2443/6230 (39.2%), fetched=228, empty=2019,
failed=196, inserted_rows=181, rate=31.3/min, elapsed=1h17m55s, eta=2h00m47s
Tushare financial backfill progress: 2458/6230 (39.5%), fetched=231, empty=2028,
failed=199, inserted_rows=184, rate=31.3/min, elapsed=1h18m28s, eta=2h00m25s
Tushare financial backfill progress: 2485/6230 (39.9%), fetched=252, empty=2034,
failed=199, inserted_rows=205, rate=31.5/min, elapsed=1h18m58s, eta=1h59m01s
Tushare financial backfill progress: 2493/6230 (40.0%), fetched=256, empty=2034,
failed=203, inserted_rows=209, rate=31.3/min, elapsed=1h19m31s, eta=1h59m12s
Tushare financial backfill progress: 2524/6230 (40.5%), fetched=274, empty=2047,
failed=203, inserted_rows=227, rate=31.5/min, elapsed=1h20m01s, eta=1h57m30s
Tushare financial backfill progress: 2530/6230 (40.6%), fetched=274, empty=2050,
failed=206, inserted_rows=227, rate=31.4/min, elapsed=1h20m36s, eta=1h57m53s
Tushare financial backfill progress: 2549/6230 (40.9%), fetched=274, empty=2069,
failed=206, inserted_rows=227, rate=31.4/min, elapsed=1h21m07s, eta=1h57m09s
Tushare financial backfill progress: 2561/6230 (41.1%), fetched=274, empty=2079,
failed=208, inserted_rows=227, rate=31.4/min, elapsed=1h21m39s, eta=1h56m58s
Tushare financial backfill progress: 2580/6230 (41.4%), fetched=274, empty=2098,
failed=208, inserted_rows=227, rate=31.4/min, elapsed=1h22m09s, eta=1h56m13s
Tushare financial backfill progress: 2591/6230 (41.6%), fetched=274, empty=2108,
failed=209, inserted_rows=227, rate=31.3/min, elapsed=1h22m39s, eta=1h56m05s
Tushare financial backfill progress: 2617/6230 (42.0%), fetched=275, empty=2133,
failed=209, inserted_rows=227, rate=31.5/min, elapsed=1h23m10s, eta=1h54m50s
Tushare financial backfill progress: 2630/6230 (42.2%), fetched=276, empty=2143,
failed=211, inserted_rows=227, rate=31.4/min, elapsed=1h23m42s, eta=1h54m34s
Tushare financial backfill progress: 2661/6230 (42.7%), fetched=284, empty=2166,
failed=211, inserted_rows=235, rate=31.6/min, elapsed=1h24m12s, eta=1h52m56s
Tushare financial backfill progress: 2671/6230 (42.9%), fetched=285, empty=2173,
failed=213, inserted_rows=236, rate=31.5/min, elapsed=1h24m42s, eta=1h52m52s
Traceback (most recent call last):
  File "<frozen runpy>", line 198, in _run_module_as_main
  File "<frozen runpy>", line 88, in _run_code
  File "/home/zj/workspace/stok-mapping/phase0/cli.py", line 1632, in <module>
    raise SystemExit(main())
                     ~~~~^^
  File "/home/zj/workspace/stok-mapping/phase0/cli.py", line 1500, in main
    result = backfill_tushare_financials_from_config(
        config_path,
    ...<13 lines>...
        progress_callback=lambda progress: _print_tushare_financial_progress(console, progress),
    )
  File "/home/zj/workspace/stok-mapping/phase0/tushare_history_backfill.py", line 1459, in backfill_tushare_financials_from_config
    conn.commit()
    ~~~~~~~~~~~^^
sqlite3.OperationalError: database is locked
