Tushare financial backfill started
Tushare financial backfill selected: 0/6150 (0.0%), fetched=0, empty=0, 
failed=0, inserted_rows=0, rate=0.0/min, elapsed=0s, eta=unknown
Tushare financial backfill progress: 4/6150 (0.1%), fetched=0, empty=4, 
failed=0, inserted_rows=0, rate=6.2/min, elapsed=38s, eta=16h26m06s
Tushare financial backfill progress: 25/6150 (0.4%), fetched=0, empty=25, 
failed=0, inserted_rows=0, rate=21.6/min, elapsed=1m09s, eta=4h43m56s
Tushare financial backfill progress: 43/6150 (0.7%), fetched=0, empty=43, 
failed=0, inserted_rows=0, rate=25.8/min, elapsed=1m40s, eta=3h56m56s
Tushare financial backfill progress: 62/6150 (1.0%), fetched=1, empty=60, 
failed=1, inserted_rows=1, rate=28.5/min, elapsed=2m10s, eta=3h33m19s
Tushare financial backfill progress: 82/6150 (1.3%), fetched=1, empty=80, 
failed=1, inserted_rows=1, rate=26.2/min, elapsed=3m07s, eta=3h51m36s
Tushare financial backfill progress: 115/6150 (1.9%), fetched=5, empty=108, 
failed=2, inserted_rows=5, rate=30.9/min, elapsed=3m43s, eta=3h15m29s
Tushare financial backfill progress: 118/6150 (1.9%), fetched=5, empty=108, 
failed=5, inserted_rows=5, rate=25.7/min, elapsed=4m34s, eta=3h54m15s
Tushare financial backfill progress: 152/6150 (2.5%), fetched=10, empty=136, 
failed=6, inserted_rows=10, rate=29.2/min, elapsed=5m12s, eta=3h25m21s
Tushare financial backfill progress: 159/6150 (2.6%), fetched=11, empty=139, 
failed=9, inserted_rows=11, rate=27.8/min, elapsed=5m42s, eta=3h35m20s
Tushare financial backfill progress: 164/6150 (2.7%), fetched=11, empty=144, 
failed=9, inserted_rows=11, rate=25.7/min, elapsed=6m22s, eta=3h52m50s
Tushare financial backfill progress: 184/6150 (3.0%), fetched=11, empty=164, 
failed=9, inserted_rows=11, rate=26.7/min, elapsed=6m53s, eta=3h43m39s
Tushare financial backfill progress: 203/6150 (3.3%), fetched=16, empty=176, 
failed=11, inserted_rows=16, rate=27.1/min, elapsed=7m29s, eta=3h39m14s
Tushare financial backfill progress: 222/6150 (3.6%), fetched=21, empty=190, 
failed=11, inserted_rows=21, rate=27.8/min, elapsed=7m59s, eta=3h33m26s
Tushare financial backfill progress: 236/6150 (3.8%), fetched=28, empty=194, 
failed=14, inserted_rows=28, rate=27.7/min, elapsed=8m31s, eta=3h33m31s
Tushare financial backfill progress: 264/6150 (4.3%), fetched=30, empty=220, 
failed=14, inserted_rows=30, rate=29.3/min, elapsed=9m01s, eta=3h21m10s
Tushare financial backfill progress: 271/6150 (4.4%), fetched=30, empty=223, 
failed=18, inserted_rows=30, rate=28.2/min, elapsed=9m36s, eta=3h28m26s
Tushare financial backfill progress: 301/6150 (4.9%), fetched=35, empty=247, 
failed=19, inserted_rows=35, rate=29.5/min, elapsed=10m12s, eta=3h18m12s
Tushare financial backfill progress: 309/6150 (5.0%), fetched=35, empty=252, 
failed=22, inserted_rows=35, rate=28.8/min, elapsed=10m42s, eta=3h22m29s
Tushare financial backfill progress: 329/6150 (5.3%), fetched=35, empty=272, 
failed=22, inserted_rows=35, rate=29.3/min, elapsed=11m13s, eta=3h18m27s
Tushare financial backfill progress: 340/6150 (5.5%), fetched=35, empty=281, 
failed=24, inserted_rows=35, rate=29.0/min, elapsed=11m44s, eta=3h20m31s
Tushare financial backfill progress: 361/6150 (5.9%), fetched=35, empty=302, 
failed=24, inserted_rows=35, rate=29.5/min, elapsed=12m15s, eta=3h16m27s
Tushare financial backfill progress: 369/6150 (6.0%), fetched=35, empty=308, 
failed=26, inserted_rows=35, rate=28.9/min, elapsed=12m45s, eta=3h19m54s
Tushare financial backfill progress: 385/6150 (6.3%), fetched=35, empty=324, 
failed=26, inserted_rows=35, rate=28.1/min, elapsed=13m42s, eta=3h25m17s
Tushare financial backfill progress: 411/6150 (6.7%), fetched=37, empty=348, 
failed=26, inserted_rows=37, rate=28.9/min, elapsed=14m13s, eta=3h18m34s
Tushare financial backfill progress: 420/6150 (6.8%), fetched=37, empty=354, 
failed=29, inserted_rows=37, rate=28.5/min, elapsed=14m44s, eta=3h21m00s
Tushare financial backfill progress: 449/6150 (7.3%), fetched=40, empty=380, 
failed=29, inserted_rows=40, rate=29.5/min, elapsed=15m14s, eta=3h13m32s
Tushare financial backfill progress: 457/6150 (7.4%), fetched=40, empty=385, 
failed=32, inserted_rows=40, rate=29.0/min, elapsed=15m45s, eta=3h16m12s
Tushare financial backfill progress: 486/6150 (7.9%), fetched=42, empty=411, 
failed=33, inserted_rows=42, rate=29.8/min, elapsed=16m17s, eta=3h09m53s
Tushare financial backfill progress: 494/6150 (8.0%), fetched=43, empty=415, 
failed=36, inserted_rows=43, rate=29.4/min, elapsed=16m49s, eta=3h12m32s
Tushare financial backfill progress: 521/6150 (8.5%), fetched=43, empty=441, 
failed=37, inserted_rows=43, rate=30.0/min, elapsed=17m20s, eta=3h07m25s
Tushare financial backfill progress: 529/6150 (8.6%), fetched=45, empty=444, 
failed=40, inserted_rows=45, rate=29.6/min, elapsed=17m51s, eta=3h09m42s
Tushare financial backfill progress: 552/6150 (9.0%), fetched=52, empty=458, 
failed=42, inserted_rows=52, rate=29.9/min, elapsed=18m29s, eta=3h07m28s
Tushare financial backfill progress: 564/6150 (9.2%), fetched=52, empty=469, 
failed=43, inserted_rows=52, rate=29.7/min, elapsed=18m59s, eta=3h08m08s
Tushare financial backfill progress: 580/6150 (9.4%), fetched=52, empty=484, 
failed=44, inserted_rows=52, rate=29.7/min, elapsed=19m29s, eta=3h07m14s
Tushare financial backfill progress: 593/6150 (9.6%), fetched=53, empty=495, 
failed=45, inserted_rows=53, rate=29.6/min, elapsed=20m00s, eta=3h07m31s
Tushare financial backfill progress: 611/6150 (9.9%), fetched=55, empty=509, 
failed=47, inserted_rows=55, rate=29.7/min, elapsed=20m34s, eta=3h06m35s
Tushare financial backfill progress: 628/6150 (10.2%), fetched=55, empty=525, 
failed=48, inserted_rows=55, rate=29.8/min, elapsed=21m05s, eta=3h05m28s
Tushare financial backfill progress: 645/6150 (10.5%), fetched=60, empty=534, 
failed=51, inserted_rows=60, rate=29.7/min, elapsed=21m41s, eta=3h05m05s
Tushare financial backfill progress: 673/6150 (10.9%), fetched=64, empty=558, 
failed=51, inserted_rows=64, rate=30.3/min, elapsed=22m12s, eta=3h00m42s
Tushare financial backfill progress: 683/6150 (11.1%), fetched=64, empty=564, 
failed=55, inserted_rows=64, rate=30.0/min, elapsed=22m44s, eta=3h02m05s
Tushare financial backfill progress: 711/6150 (11.6%), fetched=65, empty=591, 
failed=55, inserted_rows=65, rate=30.6/min, elapsed=23m15s, eta=2h57m53s
Tushare financial backfill progress: 718/6150 (11.7%), fetched=65, empty=594, 
failed=59, inserted_rows=65, rate=30.2/min, elapsed=23m46s, eta=2h59m49s
Tushare financial backfill progress: 740/6150 (12.0%), fetched=66, empty=615, 
failed=59, inserted_rows=66, rate=30.5/min, elapsed=24m16s, eta=2h57m30s
Tushare financial backfill progress: 750/6150 (12.2%), fetched=66, empty=623, 
failed=61, inserted_rows=66, rate=30.2/min, elapsed=24m51s, eta=2h58m55s
Tushare financial backfill progress: 771/6150 (12.5%), fetched=66, empty=644, 
failed=61, inserted_rows=66, rate=30.4/min, elapsed=25m22s, eta=2h57m01s
Tushare financial backfill progress: 779/6150 (12.7%), fetched=66, empty=650, 
failed=63, inserted_rows=66, rate=30.1/min, elapsed=25m53s, eta=2h58m33s
Tushare financial backfill progress: 800/6150 (13.0%), fetched=66, empty=671, 
failed=63, inserted_rows=66, rate=30.3/min, elapsed=26m25s, eta=2h56m40s
Tushare financial backfill progress: 808/6150 (13.1%), fetched=66, empty=677, 
failed=65, inserted_rows=66, rate=30.0/min, elapsed=26m56s, eta=2h58m05s
Tushare financial backfill progress: 829/6150 (13.5%), fetched=66, empty=698, 
failed=65, inserted_rows=66, rate=30.2/min, elapsed=27m27s, eta=2h56m17s
Tushare financial backfill progress: 842/6150 (13.7%), fetched=69, empty=706, 
failed=67, inserted_rows=69, rate=30.1/min, elapsed=27m58s, eta=2h56m22s
Tushare financial backfill progress: 867/6150 (14.1%), fetched=69, empty=730, 
failed=68, inserted_rows=69, rate=30.3/min, elapsed=28m34s, eta=2h54m05s
Tushare financial backfill progress: 882/6150 (14.3%), fetched=70, empty=742, 
failed=70, inserted_rows=70, rate=30.3/min, elapsed=29m05s, eta=2h53m45s
Tushare financial backfill progress: 903/6150 (14.7%), fetched=71, empty=760, 
failed=72, inserted_rows=71, rate=30.5/min, elapsed=29m37s, eta=2h52m05s
Tushare financial backfill progress: 921/6150 (15.0%), fetched=73, empty=774, 
failed=74, inserted_rows=73, rate=30.6/min, elapsed=30m07s, eta=2h51m01s
Tushare financial backfill progress: 939/6150 (15.3%), fetched=78, empty=784, 
failed=77, inserted_rows=78, rate=30.6/min, elapsed=30m42s, eta=2h50m22s
Tushare financial backfill progress: 959/6150 (15.6%), fetched=79, empty=802, 
failed=78, inserted_rows=78, rate=30.7/min, elapsed=31m12s, eta=2h48m53s
Tushare financial backfill progress: 974/6150 (15.8%), fetched=79, empty=814, 
failed=81, inserted_rows=78, rate=30.7/min, elapsed=31m43s, eta=2h48m37s
Tushare financial backfill progress: 999/6150 (16.2%), fetched=80, empty=837, 
failed=82, inserted_rows=78, rate=31.0/min, elapsed=32m14s, eta=2h46m13s
Tushare financial backfill progress: 1009/6150 (16.4%), fetched=80, empty=844, 
failed=85, inserted_rows=78, rate=30.7/min, elapsed=32m51s, eta=2h47m26s
Tushare financial backfill progress: 1024/6150 (16.7%), fetched=80, empty=859, 
failed=85, inserted_rows=78, rate=30.7/min, elapsed=33m22s, eta=2h47m06s
Tushare financial backfill progress: 1032/6150 (16.8%), fetched=80, empty=866, 
failed=86, inserted_rows=78, rate=30.5/min, elapsed=33m52s, eta=2h48m01s
Tushare financial backfill progress: 1050/6150 (17.1%), fetched=81, empty=883, 
failed=86, inserted_rows=78, rate=30.5/min, elapsed=34m23s, eta=2h47m03s
Tushare financial backfill progress: 1058/6150 (17.2%), fetched=81, empty=888, 
failed=89, inserted_rows=78, rate=30.3/min, elapsed=34m53s, eta=2h47m57s
Tushare financial backfill progress: 1079/6150 (17.5%), fetched=81, empty=908, 
failed=90, inserted_rows=78, rate=30.4/min, elapsed=35m32s, eta=2h47m01s
Tushare financial backfill progress: 1088/6150 (17.7%), fetched=81, empty=915, 
failed=92, inserted_rows=78, rate=30.2/min, elapsed=36m03s, eta=2h47m45s
Tushare financial backfill progress: 1112/6150 (18.1%), fetched=82, empty=937, 
failed=93, inserted_rows=78, rate=30.4/min, elapsed=36m34s, eta=2h45m40s
Tushare financial backfill progress: 1121/6150 (18.2%), fetched=83, empty=943, 
failed=95, inserted_rows=79, rate=30.2/min, elapsed=37m04s, eta=2h46m21s
Tushare financial backfill progress: 1142/6150 (18.6%), fetched=84, empty=961, 
failed=97, inserted_rows=79, rate=30.3/min, elapsed=37m41s, eta=2h45m18s
Tushare financial backfill progress: 1160/6150 (18.9%), fetched=84, empty=978, 
failed=98, inserted_rows=79, rate=30.4/min, elapsed=38m12s, eta=2h44m23s
Tushare financial backfill progress: 1173/6150 (19.1%), fetched=84, empty=989, 
failed=100, inserted_rows=79, rate=30.3/min, elapsed=38m45s, eta=2h44m26s
Tushare financial backfill progress: 1199/6150 (19.5%), fetched=92, empty=1006, 
failed=101, inserted_rows=80, rate=30.5/min, elapsed=39m16s, eta=2h42m10s
Tushare financial backfill progress: 1218/6150 (19.8%), fetched=94, empty=1020, 
failed=104, inserted_rows=80, rate=30.5/min, elapsed=39m52s, eta=2h41m26s
Tushare financial backfill progress: 1232/6150 (20.0%), fetched=94, empty=1034, 
failed=104, inserted_rows=80, rate=30.5/min, elapsed=40m22s, eta=2h41m09s
Tushare financial backfill progress: 1240/6150 (20.2%), fetched=94, empty=1040, 
failed=106, inserted_rows=80, rate=30.3/min, elapsed=40m54s, eta=2h41m58s
Tushare financial backfill progress: 1254/6150 (20.4%), fetched=94, empty=1054, 
failed=106, inserted_rows=80, rate=30.3/min, elapsed=41m26s, eta=2h41m48s
Tushare financial backfill progress: 1262/6150 (20.5%), fetched=94, empty=1061, 
failed=107, inserted_rows=80, rate=30.1/min, elapsed=41m56s, eta=2h42m28s
Tushare financial backfill progress: 1276/6150 (20.7%), fetched=94, empty=1075, 
failed=107, inserted_rows=80, rate=30.0/min, elapsed=42m28s, eta=2h42m12s
Tushare financial backfill progress: 1285/6150 (20.9%), fetched=94, empty=1083, 
failed=108, inserted_rows=80, rate=29.9/min, elapsed=42m59s, eta=2h42m45s
Tushare financial backfill progress: 1300/6150 (21.1%), fetched=94, empty=1097, 
failed=109, inserted_rows=80, rate=29.8/min, elapsed=43m37s, eta=2h42m44s
Tushare financial backfill progress: 1307/6150 (21.3%), fetched=94, empty=1102, 
failed=111, inserted_rows=80, rate=29.6/min, elapsed=44m07s, eta=2h43m31s
Tushare financial backfill progress: 1319/6150 (21.4%), fetched=94, empty=1112, 
failed=113, inserted_rows=80, rate=29.5/min, elapsed=44m46s, eta=2h44m00s
Tushare financial backfill progress: 1337/6150 (21.7%), fetched=96, empty=1127, 
failed=114, inserted_rows=80, rate=29.5/min, elapsed=45m17s, eta=2h43m02s
Tushare financial backfill progress: 1346/6150 (21.9%), fetched=96, empty=1134, 
failed=116, inserted_rows=80, rate=29.4/min, elapsed=45m49s, eta=2h43m31s
Tushare financial backfill progress: 1370/6150 (22.3%), fetched=97, empty=1157, 
failed=116, inserted_rows=80, rate=29.6/min, elapsed=46m19s, eta=2h41m36s
Tushare financial backfill progress: 1389/6150 (22.6%), fetched=97, empty=1174, 
failed=118, inserted_rows=80, rate=29.6/min, elapsed=46m50s, eta=2h40m34s
Tushare financial backfill progress: 1413/6150 (23.0%), fetched=97, empty=1198, 
failed=118, inserted_rows=80, rate=29.8/min, elapsed=47m21s, eta=2h38m46s
Tushare financial backfill progress: 1429/6150 (23.2%), fetched=98, empty=1211, 
failed=120, inserted_rows=81, rate=29.8/min, elapsed=47m57s, eta=2h38m25s
Tushare financial backfill progress: 1460/6150 (23.7%), fetched=98, empty=1242, 
failed=120, inserted_rows=81, rate=30.1/min, elapsed=48m28s, eta=2h35m41s
Tushare financial backfill progress: 1468/6150 (23.9%), fetched=98, empty=1247, 
failed=123, inserted_rows=81, rate=30.0/min, elapsed=48m59s, eta=2h36m14s
Tushare financial backfill progress: 1482/6150 (24.1%), fetched=98, empty=1261, 
failed=123, inserted_rows=81, rate=29.9/min, elapsed=49m29s, eta=2h35m54s
Tushare financial backfill progress: 1487/6150 (24.2%), fetched=98, empty=1263, 
failed=126, inserted_rows=81, rate=29.7/min, elapsed=50m00s, eta=2h36m48s
Tushare financial backfill progress: 1502/6150 (24.4%), fetched=98, empty=1278, 
failed=126, inserted_rows=81, rate=29.7/min, elapsed=50m31s, eta=2h36m20s
Tushare financial backfill progress: 1507/6150 (24.5%), fetched=98, empty=1281, 
failed=128, inserted_rows=81, rate=29.5/min, elapsed=51m02s, eta=2h37m14s
Tushare financial backfill progress: 1530/6150 (24.9%), fetched=100, empty=1301,
failed=129, inserted_rows=82, rate=29.6/min, elapsed=51m37s, eta=2h35m52s
Tushare financial backfill progress: 1539/6150 (25.0%), fetched=100, empty=1308,
failed=131, inserted_rows=82, rate=29.5/min, elapsed=52m08s, eta=2h36m14s
Tushare financial backfill progress: 1551/6150 (25.2%), fetched=100, empty=1318,
failed=133, inserted_rows=82, rate=29.4/min, elapsed=52m46s, eta=2h36m29s
Tushare financial backfill progress: 1567/6150 (25.5%), fetched=100, empty=1333,
failed=134, inserted_rows=82, rate=29.4/min, elapsed=53m16s, eta=2h35m50s
Tushare financial backfill progress: 1582/6150 (25.7%), fetched=100, empty=1345,
failed=137, inserted_rows=82, rate=29.4/min, elapsed=53m52s, eta=2h35m34s
Tushare financial backfill progress: 1605/6150 (26.1%), fetched=100, empty=1368,
failed=137, inserted_rows=82, rate=29.5/min, elapsed=54m23s, eta=2h34m02s
Tushare financial backfill progress: 1621/6150 (26.4%), fetched=100, empty=1382,
failed=139, inserted_rows=82, rate=29.5/min, elapsed=54m54s, eta=2h33m25s
Tushare financial backfill progress: 1642/6150 (26.7%), fetched=100, empty=1403,
failed=139, inserted_rows=82, rate=29.6/min, elapsed=55m25s, eta=2h32m10s
Tushare financial backfill progress: 1659/6150 (27.0%), fetched=100, empty=1418,
failed=141, inserted_rows=82, rate=29.6/min, elapsed=56m02s, eta=2h31m41s
Tushare financial backfill progress: 1692/6150 (27.5%), fetched=104, empty=1447,
failed=141, inserted_rows=83, rate=29.9/min, elapsed=56m32s, eta=2h28m58s
Tushare financial backfill progress: 1705/6150 (27.7%), fetched=106, empty=1456,
failed=143, inserted_rows=84, rate=29.9/min, elapsed=57m03s, eta=2h28m44s
Tushare financial backfill progress: 1736/6150 (28.2%), fetched=108, empty=1484,
failed=144, inserted_rows=84, rate=30.1/min, elapsed=57m38s, eta=2h26m33s
Tushare financial backfill progress: 1744/6150 (28.4%), fetched=108, empty=1490,
failed=146, inserted_rows=84, rate=30.0/min, elapsed=58m09s, eta=2h26m55s
Tushare financial backfill progress: 1755/6150 (28.5%), fetched=108, empty=1500,
failed=147, inserted_rows=84, rate=29.9/min, elapsed=58m42s, eta=2h27m00s
Tushare financial backfill progress: 1763/6150 (28.7%), fetched=108, empty=1507,
failed=148, inserted_rows=84, rate=29.8/min, elapsed=59m12s, eta=2h27m19s
Tushare financial backfill progress: 1775/6150 (28.9%), fetched=108, empty=1517,
failed=150, inserted_rows=84, rate=29.7/min, elapsed=59m50s, eta=2h27m28s
Tushare financial backfill progress: 1787/6150 (29.1%), fetched=108, empty=1528,
failed=151, inserted_rows=84, rate=29.6/min, elapsed=1h00m21s, eta=2h27m22s
Tushare financial backfill progress: 1794/6150 (29.2%), fetched=108, empty=1532,
failed=154, inserted_rows=84, rate=29.4/min, elapsed=1h00m56s, eta=2h27m58s
Tushare financial backfill progress: 1807/6150 (29.4%), fetched=108, empty=1545,
failed=154, inserted_rows=84, rate=29.4/min, elapsed=1h01m27s, eta=2h27m42s
Tushare financial backfill progress: 1812/6150 (29.5%), fetched=108, empty=1547,
failed=157, inserted_rows=84, rate=29.2/min, elapsed=1h01m58s, eta=2h28m21s
Tushare financial backfill progress: 1827/6150 (29.7%), fetched=108, empty=1562,
failed=157, inserted_rows=84, rate=29.2/min, elapsed=1h02m29s, eta=2h27m52s
Tushare financial backfill progress: 1832/6150 (29.8%), fetched=108, empty=1564,
failed=160, inserted_rows=84, rate=29.1/min, elapsed=1h03m00s, eta=2h28m31s
Tushare financial backfill progress: 1858/6150 (30.2%), fetched=110, empty=1588,
failed=160, inserted_rows=84, rate=29.2/min, elapsed=1h03m32s, eta=2h26m47s
Tushare financial backfill progress: 1866/6150 (30.3%), fetched=110, empty=1595,
failed=161, inserted_rows=84, rate=29.1/min, elapsed=1h04m03s, eta=2h27m03s
Tushare financial backfill progress: 1898/6150 (30.9%), fetched=110, empty=1627,
failed=161, inserted_rows=84, rate=29.4/min, elapsed=1h04m33s, eta=2h24m38s
Tushare financial backfill progress: 1911/6150 (31.1%), fetched=110, empty=1638,
failed=163, inserted_rows=84, rate=29.4/min, elapsed=1h05m03s, eta=2h24m19s
Tushare financial backfill progress: 1943/6150 (31.6%), fetched=110, empty=1670,
failed=163, inserted_rows=84, rate=29.6/min, elapsed=1h05m34s, eta=2h21m58s
Tushare financial backfill progress: 1947/6150 (31.7%), fetched=110, empty=1671,
failed=166, inserted_rows=84, rate=29.5/min, elapsed=1h06m05s, eta=2h22m39s
Tushare financial backfill progress: 1974/6150 (32.1%), fetched=114, empty=1693,
failed=167, inserted_rows=87, rate=29.6/min, elapsed=1h06m39s, eta=2h21m00s
Tushare financial backfill progress: 1984/6150 (32.3%), fetched=115, empty=1700,
failed=169, inserted_rows=87, rate=29.5/min, elapsed=1h07m09s, eta=2h21m01s
Tushare financial backfill progress: 2007/6150 (32.6%), fetched=117, empty=1720,
failed=170, inserted_rows=88, rate=29.7/min, elapsed=1h07m40s, eta=2h19m41s
Tushare financial backfill progress: 2017/6150 (32.8%), fetched=117, empty=1728,
failed=172, inserted_rows=88, rate=29.6/min, elapsed=1h08m10s, eta=2h19m41s
Tushare financial backfill progress: 2040/6150 (33.2%), fetched=126, empty=1741,
failed=173, inserted_rows=89, rate=29.7/min, elapsed=1h08m41s, eta=2h18m23s
Tushare financial backfill progress: 2047/6150 (33.3%), fetched=126, empty=1746,
failed=175, inserted_rows=89, rate=29.6/min, elapsed=1h09m12s, eta=2h18m43s
Tushare financial backfill progress: 2061/6150 (33.5%), fetched=126, empty=1760,
failed=175, inserted_rows=89, rate=29.6/min, elapsed=1h09m43s, eta=2h18m19s
Tushare financial backfill progress: 2068/6150 (33.6%), fetched=126, empty=1765,
failed=177, inserted_rows=89, rate=29.4/min, elapsed=1h10m13s, eta=2h18m37s
Tushare financial backfill progress: 2083/6150 (33.9%), fetched=126, empty=1780,
failed=177, inserted_rows=89, rate=29.4/min, elapsed=1h10m45s, eta=2h18m09s
Tushare financial backfill progress: 2091/6150 (34.0%), fetched=126, empty=1787,
failed=178, inserted_rows=89, rate=29.3/min, elapsed=1h11m16s, eta=2h18m22s
Tushare financial backfill progress: 2111/6150 (34.3%), fetched=128, empty=1804,
failed=179, inserted_rows=89, rate=29.4/min, elapsed=1h11m52s, eta=2h17m30s
Tushare financial backfill progress: 2121/6150 (34.5%), fetched=129, empty=1812,
failed=180, inserted_rows=89, rate=29.3/min, elapsed=1h12m23s, eta=2h17m30s
Tushare financial backfill progress: 2122/6150 (34.5%), fetched=129, empty=1813,
failed=180, inserted_rows=89, rate=29.1/min, elapsed=1h12m59s, eta=2h18m32s
Tushare financial backfill progress: 2148/6150 (34.9%), fetched=143, empty=1825,
failed=180, inserted_rows=89, rate=29.2/min, elapsed=1h13m31s, eta=2h16m58s
Tushare financial backfill progress: 2161/6150 (35.1%), fetched=153, empty=1825,
failed=183, inserted_rows=89, rate=29.2/min, elapsed=1h14m02s, eta=2h16m40s
Tushare financial backfill progress: 2189/6150 (35.6%), fetched=159, empty=1847,
failed=183, inserted_rows=91, rate=29.4/min, elapsed=1h14m32s, eta=2h14m53s
Tushare financial backfill progress: 2196/6150 (35.7%), fetched=160, empty=1850,
failed=186, inserted_rows=91, rate=29.2/min, elapsed=1h15m06s, eta=2h15m14s
Tushare financial backfill progress: 2223/6150 (36.1%), fetched=161, empty=1875,
failed=187, inserted_rows=92, rate=29.4/min, elapsed=1h15m44s, eta=2h13m47s
Tushare financial backfill progress: 2236/6150 (36.4%), fetched=165, empty=1882,
failed=189, inserted_rows=93, rate=29.3/min, elapsed=1h16m14s, eta=2h13m26s
Tushare financial backfill progress: 2250/6150 (36.6%), fetched=166, empty=1895,
failed=189, inserted_rows=94, rate=29.3/min, elapsed=1h16m45s, eta=2h13m02s
Tushare financial backfill progress: 2258/6150 (36.7%), fetched=166, empty=1902,
failed=190, inserted_rows=94, rate=29.2/min, elapsed=1h17m16s, eta=2h13m11s
Tushare financial backfill progress: 2272/6150 (36.9%), fetched=166, empty=1916,
failed=190, inserted_rows=94, rate=29.2/min, elapsed=1h17m47s, eta=2h12m46s
Tushare financial backfill progress: 2282/6150 (37.1%), fetched=166, empty=1925,
failed=191, inserted_rows=94, rate=29.1/min, elapsed=1h18m19s, eta=2h12m45s
Tushare financial backfill progress: 2296/6150 (37.3%), fetched=166, empty=1938,
failed=192, inserted_rows=94, rate=29.1/min, elapsed=1h18m57s, eta=2h12m31s
Tushare financial backfill progress: 2307/6150 (37.5%), fetched=166, empty=1948,
failed=193, inserted_rows=94, rate=29.0/min, elapsed=1h19m28s, eta=2h12m23s
Tushare financial backfill progress: 2316/6150 (37.7%), fetched=166, empty=1955,
failed=195, inserted_rows=94, rate=28.9/min, elapsed=1h20m01s, eta=2h12m28s
Tushare financial backfill progress: 2327/6150 (37.8%), fetched=166, empty=1966,
failed=195, inserted_rows=94, rate=28.9/min, elapsed=1h20m32s, eta=2h12m19s
Traceback (most recent call last):
  File "<frozen runpy>", line 198, in _run_module_as_main
  File "<frozen runpy>", line 88, in _run_code
  File "/home/zj/workspace/stok-mapping/phase0/cli.py", line 1632, in <module>
    raise SystemExit(main())
                     ~~~~^^
  File "/home/zj/workspace/stok-mapping/phase0/cli.py", line 1500, in main
    result = backfill_tushare_financials_from_config(
        config_path,
    ...<13 lines>...
        progress_callback=lambda progress: _print_tushare_financial_progress(console, progress),
    )
  File "/home/zj/workspace/stok-mapping/phase0/tushare_history_backfill.py", line 1459, in backfill_tushare_financials_from_config
    conn.commit()
    ~~~~~~~~~~~^^
sqlite3.OperationalError: database is locked
