Tushare financial backfill started
Tushare financial backfill selected: 0/6150 (0.0%), fetched=0, empty=0, 
failed=0, inserted_rows=0, rate=0.0/min, elapsed=0s, eta=unknown
Tushare financial backfill progress: 3/6150 (0.0%), fetched=0, empty=3, 
failed=0, inserted_rows=0, rate=4.7/min, elapsed=38s, eta=21h38m42s
Tushare financial backfill progress: 23/6150 (0.4%), fetched=0, empty=23, 
failed=0, inserted_rows=0, rate=20.3/min, elapsed=1m08s, eta=5h02m20s
Tushare financial backfill progress: 41/6150 (0.7%), fetched=0, empty=41, 
failed=0, inserted_rows=0, rate=24.9/min, elapsed=1m38s, eta=4h05m17s
Tushare financial backfill progress: 60/6150 (1.0%), fetched=1, empty=58, 
failed=1, inserted_rows=0, rate=27.8/min, elapsed=2m09s, eta=3h38m49s
Tushare financial backfill progress: 80/6150 (1.3%), fetched=2, empty=77, 
failed=1, inserted_rows=0, rate=25.7/min, elapsed=3m07s, eta=3h56m29s
Tushare financial backfill progress: 114/6150 (1.9%), fetched=5, empty=107, 
failed=2, inserted_rows=0, rate=30.6/min, elapsed=3m43s, eta=3h17m20s
Tushare financial backfill progress: 117/6150 (1.9%), fetched=5, empty=107, 
failed=5, inserted_rows=0, rate=25.5/min, elapsed=4m34s, eta=3h56m11s
Tushare financial backfill progress: 151/6150 (2.5%), fetched=5, empty=141, 
failed=5, inserted_rows=0, rate=29.7/min, elapsed=5m04s, eta=3h21m55s
Tushare financial backfill progress: 156/6150 (2.5%), fetched=5, empty=142, 
failed=9, inserted_rows=0, rate=27.9/min, elapsed=5m35s, eta=3h34m52s
Tushare financial backfill progress: 166/6150 (2.7%), fetched=5, empty=152, 
failed=9, inserted_rows=0, rate=26.0/min, elapsed=6m22s, eta=3h50m02s
Tushare financial backfill progress: 186/6150 (3.0%), fetched=5, empty=172, 
failed=9, inserted_rows=0, rate=27.0/min, elapsed=6m53s, eta=3h41m02s
Tushare financial backfill progress: 206/6150 (3.3%), fetched=7, empty=188, 
failed=11, inserted_rows=0, rate=27.5/min, elapsed=7m30s, eta=3h36m29s
Tushare financial backfill progress: 226/6150 (3.7%), fetched=7, empty=208, 
failed=11, inserted_rows=0, rate=28.2/min, elapsed=8m00s, eta=3h29m59s
Tushare financial backfill progress: 240/6150 (3.9%), fetched=7, empty=219, 
failed=14, inserted_rows=0, rate=27.9/min, elapsed=8m36s, eta=3h31m53s
Tushare financial backfill progress: 271/6150 (4.4%), fetched=9, empty=247, 
failed=15, inserted_rows=1, rate=29.6/min, elapsed=9m10s, eta=3h18m52s
Tushare financial backfill progress: 280/6150 (4.6%), fetched=10, empty=251, 
failed=19, inserted_rows=2, rate=29.0/min, elapsed=9m40s, eta=3h22m40s
Tushare financial backfill progress: 303/6150 (4.9%), fetched=10, empty=273, 
failed=20, inserted_rows=2, rate=29.7/min, elapsed=10m11s, eta=3h16m42s
Tushare financial backfill progress: 311/6150 (5.1%), fetched=10, empty=278, 
failed=23, inserted_rows=2, rate=29.0/min, elapsed=10m42s, eta=3h21m10s
Tushare financial backfill progress: 331/6150 (5.4%), fetched=10, empty=298, 
failed=23, inserted_rows=2, rate=29.5/min, elapsed=11m13s, eta=3h17m18s
Tushare financial backfill progress: 340/6150 (5.5%), fetched=10, empty=305, 
failed=25, inserted_rows=2, rate=29.0/min, elapsed=11m43s, eta=3h20m25s
Tushare financial backfill progress: 361/6150 (5.9%), fetched=10, empty=326, 
failed=25, inserted_rows=2, rate=29.5/min, elapsed=12m15s, eta=3h16m27s
Tushare financial backfill progress: 369/6150 (6.0%), fetched=10, empty=332, 
failed=27, inserted_rows=2, rate=28.9/min, elapsed=12m45s, eta=3h20m00s
Tushare financial backfill progress: 385/6150 (6.3%), fetched=10, empty=348, 
failed=27, inserted_rows=2, rate=28.1/min, elapsed=13m42s, eta=3h25m18s
Tushare financial backfill progress: 411/6150 (6.7%), fetched=10, empty=374, 
failed=27, inserted_rows=2, rate=28.9/min, elapsed=14m12s, eta=3h18m27s
Tushare financial backfill progress: 419/6150 (6.8%), fetched=10, empty=379, 
failed=30, inserted_rows=2, rate=28.5/min, elapsed=14m42s, eta=3h21m14s
Tushare financial backfill progress: 447/6150 (7.3%), fetched=11, empty=406, 
failed=30, inserted_rows=2, rate=29.4/min, elapsed=15m13s, eta=3h14m15s
Tushare financial backfill progress: 456/6150 (7.4%), fetched=12, empty=411, 
failed=33, inserted_rows=3, rate=29.0/min, elapsed=15m44s, eta=3h16m30s
Tushare financial backfill progress: 486/6150 (7.9%), fetched=14, empty=438, 
failed=34, inserted_rows=3, rate=29.8/min, elapsed=16m17s, eta=3h09m55s
Tushare financial backfill progress: 492/6150 (8.0%), fetched=14, empty=441, 
failed=37, inserted_rows=3, rate=29.3/min, elapsed=16m48s, eta=3h13m16s
Tushare financial backfill progress: 521/6150 (8.5%), fetched=15, empty=468, 
failed=38, inserted_rows=3, rate=30.0/min, elapsed=17m20s, eta=3h07m24s
Tushare financial backfill progress: 532/6150 (8.7%), fetched=18, empty=473, 
failed=41, inserted_rows=6, rate=29.8/min, elapsed=17m51s, eta=3h08m34s
Tushare financial backfill progress: 554/6150 (9.0%), fetched=20, empty=491, 
failed=43, inserted_rows=6, rate=30.0/min, elapsed=18m29s, eta=3h06m43s
Tushare financial backfill progress: 566/6150 (9.2%), fetched=20, empty=502, 
failed=44, inserted_rows=6, rate=29.8/min, elapsed=18m59s, eta=3h07m24s
Tushare financial backfill progress: 583/6150 (9.5%), fetched=20, empty=518, 
failed=45, inserted_rows=6, rate=29.9/min, elapsed=19m31s, eta=3h06m24s
Tushare financial backfill progress: 599/6150 (9.7%), fetched=20, empty=533, 
failed=46, inserted_rows=6, rate=29.9/min, elapsed=20m01s, eta=3h05m34s
Tushare financial backfill progress: 614/6150 (10.0%), fetched=20, empty=546, 
failed=48, inserted_rows=6, rate=29.8/min, elapsed=20m34s, eta=3h05m33s
Tushare financial backfill progress: 634/6150 (10.3%), fetched=20, empty=565, 
failed=49, inserted_rows=6, rate=30.1/min, elapsed=21m04s, eta=3h03m25s
Tushare financial backfill progress: 652/6150 (10.6%), fetched=21, empty=579, 
failed=52, inserted_rows=6, rate=30.1/min, elapsed=21m40s, eta=3h02m45s
Tushare financial backfill progress: 678/6150 (11.0%), fetched=21, empty=604, 
failed=53, inserted_rows=6, rate=30.6/min, elapsed=22m10s, eta=2h59m01s
Tushare financial backfill progress: 689/6150 (11.2%), fetched=21, empty=611, 
failed=57, inserted_rows=6, rate=30.3/min, elapsed=22m46s, eta=3h00m29s
Tushare financial backfill progress: 722/6150 (11.7%), fetched=23, empty=642, 
failed=57, inserted_rows=7, rate=31.0/min, elapsed=23m16s, eta=2h54m58s
Tushare financial backfill progress: 727/6150 (11.8%), fetched=23, empty=643, 
failed=61, inserted_rows=7, rate=30.5/min, elapsed=23m52s, eta=2h58m04s
Tushare financial backfill progress: 749/6150 (12.2%), fetched=23, empty=665, 
failed=61, inserted_rows=7, rate=30.7/min, elapsed=24m22s, eta=2h55m45s
Tushare financial backfill progress: 757/6150 (12.3%), fetched=23, empty=671, 
failed=63, inserted_rows=7, rate=30.4/min, elapsed=24m53s, eta=2h57m17s
Tushare financial backfill progress: 777/6150 (12.6%), fetched=23, empty=691, 
failed=63, inserted_rows=7, rate=30.6/min, elapsed=25m23s, eta=2h55m34s
Tushare financial backfill progress: 785/6150 (12.8%), fetched=23, empty=697, 
failed=65, inserted_rows=7, rate=30.3/min, elapsed=25m54s, eta=2h57m06s
Tushare financial backfill progress: 805/6150 (13.1%), fetched=23, empty=717, 
failed=65, inserted_rows=7, rate=30.5/min, elapsed=26m24s, eta=2h55m23s
Tushare financial backfill progress: 813/6150 (13.2%), fetched=23, empty=723, 
failed=67, inserted_rows=7, rate=30.2/min, elapsed=26m55s, eta=2h56m47s
Tushare financial backfill progress: 836/6150 (13.6%), fetched=24, empty=745, 
failed=67, inserted_rows=7, rate=30.5/min, elapsed=27m26s, eta=2h54m23s
Tushare financial backfill progress: 850/6150 (13.8%), fetched=24, empty=757, 
failed=69, inserted_rows=7, rate=30.4/min, elapsed=27m56s, eta=2h54m13s
Tushare financial backfill progress: 877/6150 (14.3%), fetched=24, empty=783, 
failed=70, inserted_rows=7, rate=30.7/min, elapsed=28m33s, eta=2h51m45s
Tushare financial backfill progress: 890/6150 (14.5%), fetched=25, empty=793, 
failed=72, inserted_rows=8, rate=30.6/min, elapsed=29m04s, eta=2h51m47s
Tushare financial backfill progress: 913/6150 (14.8%), fetched=25, empty=814, 
failed=74, inserted_rows=8, rate=30.8/min, elapsed=29m38s, eta=2h49m59s
Tushare financial backfill progress: 934/6150 (15.2%), fetched=27, empty=831, 
failed=76, inserted_rows=10, rate=31.0/min, elapsed=30m08s, eta=2h48m18s
Tushare financial backfill progress: 952/6150 (15.5%), fetched=30, empty=843, 
failed=79, inserted_rows=13, rate=31.0/min, elapsed=30m45s, eta=2h47m53s
Tushare financial backfill progress: 978/6150 (15.9%), fetched=30, empty=869, 
failed=79, inserted_rows=13, rate=31.3/min, elapsed=31m15s, eta=2h45m16s
Tushare financial backfill progress: 990/6150 (16.1%), fetched=30, empty=877, 
failed=83, inserted_rows=13, rate=31.1/min, elapsed=31m50s, eta=2h45m58s
Tushare financial backfill progress: 1014/6150 (16.5%), fetched=31, empty=900, 
failed=83, inserted_rows=14, rate=31.3/min, elapsed=32m22s, eta=2h43m56s
Tushare financial backfill progress: 1021/6150 (16.6%), fetched=31, empty=904, 
failed=86, inserted_rows=14, rate=31.0/min, elapsed=32m54s, eta=2h45m18s
Tushare financial backfill progress: 1042/6150 (16.9%), fetched=31, empty=925, 
failed=86, inserted_rows=14, rate=31.2/min, elapsed=33m25s, eta=2h43m50s
Tushare financial backfill progress: 1054/6150 (17.1%), fetched=32, empty=934, 
failed=88, inserted_rows=15, rate=31.1/min, elapsed=33m56s, eta=2h44m07s
Tushare financial backfill progress: 1081/6150 (17.6%), fetched=32, empty=961, 
failed=88, inserted_rows=15, rate=31.4/min, elapsed=34m27s, eta=2h41m34s
Tushare financial backfill progress: 1088/6150 (17.7%), fetched=35, empty=962, 
failed=91, inserted_rows=17, rate=31.1/min, elapsed=34m57s, eta=2h42m40s
Tushare financial backfill progress: 1119/6150 (18.2%), fetched=36, empty=991, 
failed=92, inserted_rows=18, rate=31.5/min, elapsed=35m31s, eta=2h39m45s
Tushare financial backfill progress: 1130/6150 (18.4%), fetched=39, empty=996, 
failed=95, inserted_rows=21, rate=31.4/min, elapsed=36m02s, eta=2h40m04s
Tushare financial backfill progress: 1154/6150 (18.8%), fetched=39, empty=1019, 
failed=96, inserted_rows=21, rate=31.6/min, elapsed=36m32s, eta=2h38m13s
Tushare financial backfill progress: 1162/6150 (18.9%), fetched=39, empty=1025, 
failed=98, inserted_rows=21, rate=31.4/min, elapsed=37m03s, eta=2h39m02s
Tushare financial backfill progress: 1189/6150 (19.3%), fetched=42, empty=1048, 
failed=99, inserted_rows=21, rate=31.7/min, elapsed=37m33s, eta=2h36m43s
Tushare financial backfill progress: 1203/6150 (19.6%), fetched=43, empty=1058, 
failed=102, inserted_rows=21, rate=31.6/min, elapsed=38m04s, eta=2h36m32s
Tushare financial backfill progress: 1225/6150 (19.9%), fetched=43, empty=1079, 
failed=103, inserted_rows=21, rate=31.8/min, elapsed=38m34s, eta=2h35m06s
Tushare financial backfill progress: 1236/6150 (20.1%), fetched=43, empty=1088, 
failed=105, inserted_rows=21, rate=31.6/min, elapsed=39m05s, eta=2h35m26s
Tushare financial backfill progress: 1253/6150 (20.4%), fetched=43, empty=1104, 
failed=106, inserted_rows=21, rate=31.6/min, elapsed=39m37s, eta=2h34m52s
Tushare financial backfill progress: 1265/6150 (20.6%), fetched=43, empty=1114, 
failed=108, inserted_rows=21, rate=31.5/min, elapsed=40m08s, eta=2h35m00s
Tushare financial backfill progress: 1282/6150 (20.8%), fetched=43, empty=1130, 
failed=109, inserted_rows=21, rate=31.5/min, elapsed=40m40s, eta=2h34m28s
Tushare financial backfill progress: 1293/6150 (21.0%), fetched=43, empty=1140, 
failed=110, inserted_rows=21, rate=31.4/min, elapsed=41m11s, eta=2h34m42s
Tushare financial backfill progress: 1312/6150 (21.3%), fetched=43, empty=1158, 
failed=111, inserted_rows=21, rate=31.4/min, elapsed=41m46s, eta=2h34m04s
Tushare financial backfill progress: 1324/6150 (21.5%), fetched=43, empty=1170, 
failed=111, inserted_rows=21, rate=31.3/min, elapsed=42m17s, eta=2h34m10s
Tushare financial backfill progress: 1345/6150 (21.9%), fetched=45, empty=1188, 
failed=112, inserted_rows=21, rate=31.3/min, elapsed=42m55s, eta=2h33m20s
Tushare financial backfill progress: 1378/6150 (22.4%), fetched=48, empty=1218, 
failed=112, inserted_rows=21, rate=31.7/min, elapsed=43m25s, eta=2h30m23s
Tushare financial backfill progress: 1384/6150 (22.5%), fetched=48, empty=1221, 
failed=115, inserted_rows=21, rate=31.5/min, elapsed=43m57s, eta=2h31m21s
Tushare financial backfill progress: 1417/6150 (23.0%), fetched=49, empty=1253, 
failed=115, inserted_rows=21, rate=31.9/min, elapsed=44m27s, eta=2h28m29s
Tushare financial backfill progress: 1424/6150 (23.2%), fetched=49, empty=1257, 
failed=118, inserted_rows=21, rate=31.7/min, elapsed=44m58s, eta=2h29m15s
Tushare financial backfill progress: 1458/6150 (23.7%), fetched=51, empty=1289, 
failed=118, inserted_rows=22, rate=32.1/min, elapsed=45m28s, eta=2h26m20s
Tushare financial backfill progress: 1466/6150 (23.8%), fetched=51, empty=1294, 
failed=121, inserted_rows=22, rate=31.9/min, elapsed=45m59s, eta=2h26m55s
Tushare financial backfill progress: 1487/6150 (24.2%), fetched=51, empty=1315, 
failed=121, inserted_rows=22, rate=32.0/min, elapsed=46m29s, eta=2h25m48s
Tushare financial backfill progress: 1494/6150 (24.3%), fetched=51, empty=1320, 
failed=123, inserted_rows=22, rate=31.8/min, elapsed=47m00s, eta=2h26m28s
Tushare financial backfill progress: 1516/6150 (24.7%), fetched=53, empty=1340, 
failed=123, inserted_rows=22, rate=31.9/min, elapsed=47m30s, eta=2h25m12s
Tushare financial backfill progress: 1523/6150 (24.8%), fetched=53, empty=1344, 
failed=126, inserted_rows=22, rate=31.7/min, elapsed=48m00s, eta=2h25m51s
Tushare financial backfill progress: 1549/6150 (25.2%), fetched=53, empty=1369, 
failed=127, inserted_rows=22, rate=31.9/min, elapsed=48m37s, eta=2h24m27s
Tushare financial backfill progress: 1562/6150 (25.4%), fetched=53, empty=1380, 
failed=129, inserted_rows=22, rate=31.8/min, elapsed=49m08s, eta=2h24m21s
Tushare financial backfill progress: 1588/6150 (25.8%), fetched=53, empty=1404, 
failed=131, inserted_rows=22, rate=31.9/min, elapsed=49m44s, eta=2h22m54s
Tushare financial backfill progress: 1608/6150 (26.1%), fetched=54, empty=1422, 
failed=132, inserted_rows=23, rate=32.0/min, elapsed=50m14s, eta=2h21m55s
Tushare financial backfill progress: 1629/6150 (26.5%), fetched=54, empty=1441, 
failed=134, inserted_rows=23, rate=32.1/min, elapsed=50m46s, eta=2h20m54s
Tushare financial backfill progress: 1648/6150 (26.8%), fetched=54, empty=1459, 
failed=135, inserted_rows=23, rate=32.1/min, elapsed=51m16s, eta=2h20m04s
Tushare financial backfill progress: 1667/6150 (27.1%), fetched=55, empty=1474, 
failed=138, inserted_rows=23, rate=32.2/min, elapsed=51m50s, eta=2h19m25s
Tushare financial backfill progress: 1694/6150 (27.5%), fetched=56, empty=1499, 
failed=139, inserted_rows=24, rate=32.4/min, elapsed=52m20s, eta=2h17m42s
Tushare financial backfill progress: 1706/6150 (27.7%), fetched=58, empty=1506, 
failed=142, inserted_rows=24, rate=32.3/min, elapsed=52m51s, eta=2h17m40s
Tushare financial backfill progress: 1734/6150 (28.2%), fetched=58, empty=1533, 
failed=143, inserted_rows=24, rate=32.5/min, elapsed=53m21s, eta=2h15m54s
Tushare financial backfill progress: 1744/6150 (28.4%), fetched=58, empty=1540, 
failed=146, inserted_rows=24, rate=32.3/min, elapsed=53m54s, eta=2h16m12s
Tushare financial backfill progress: 1762/6150 (28.7%), fetched=58, empty=1558, 
failed=146, inserted_rows=24, rate=32.4/min, elapsed=54m25s, eta=2h15m32s
Tushare financial backfill progress: 1772/6150 (28.8%), fetched=58, empty=1566, 
failed=148, inserted_rows=24, rate=32.2/min, elapsed=55m00s, eta=2h15m55s
Tushare financial backfill progress: 1791/6150 (29.1%), fetched=58, empty=1585, 
failed=148, inserted_rows=24, rate=32.2/min, elapsed=55m32s, eta=2h15m09s
Tushare financial backfill progress: 1801/6150 (29.3%), fetched=58, empty=1593, 
failed=150, inserted_rows=24, rate=32.1/min, elapsed=56m02s, eta=2h15m18s
Tushare financial backfill progress: 1820/6150 (29.6%), fetched=58, empty=1612, 
failed=150, inserted_rows=24, rate=32.2/min, elapsed=56m32s, eta=2h14m32s
Tushare financial backfill progress: 1828/6150 (29.7%), fetched=58, empty=1618, 
failed=152, inserted_rows=24, rate=32.0/min, elapsed=57m04s, eta=2h14m55s
Tushare financial backfill progress: 1855/6150 (30.2%), fetched=59, empty=1643, 
failed=153, inserted_rows=25, rate=32.2/min, elapsed=57m39s, eta=2h13m29s
Tushare financial backfill progress: 1863/6150 (30.3%), fetched=59, empty=1649, 
failed=155, inserted_rows=25, rate=32.0/min, elapsed=58m10s, eta=2h13m51s
Tushare financial backfill progress: 1888/6150 (30.7%), fetched=59, empty=1673, 
failed=156, inserted_rows=25, rate=32.2/min, elapsed=58m41s, eta=2h12m30s
Tushare financial backfill progress: 1904/6150 (31.0%), fetched=60, empty=1686, 
failed=158, inserted_rows=26, rate=32.2/min, elapsed=59m12s, eta=2h12m03s
Tushare financial backfill progress: 1927/6150 (31.3%), fetched=63, empty=1704, 
failed=160, inserted_rows=29, rate=32.2/min, elapsed=59m46s, eta=2h11m00s
Tushare financial backfill progress: 1949/6150 (31.7%), fetched=68, empty=1720, 
failed=161, inserted_rows=34, rate=32.3/min, elapsed=1h00m17s, eta=2h09m56s
Tushare financial backfill progress: 1967/6150 (32.0%), fetched=80, empty=1723, 
failed=164, inserted_rows=46, rate=32.3/min, elapsed=1h00m52s, eta=2h09m27s
Tushare financial backfill progress: 1994/6150 (32.4%), fetched=96, empty=1734, 
failed=164, inserted_rows=62, rate=32.5/min, elapsed=1h01m22s, eta=2h07m55s
Tushare financial backfill progress: 2008/6150 (32.7%), fetched=103, empty=1737,
failed=168, inserted_rows=69, rate=32.4/min, elapsed=1h01m58s, eta=2h07m51s
Tushare financial backfill progress: 2039/6150 (33.2%), fetched=120, empty=1751,
failed=168, inserted_rows=86, rate=32.6/min, elapsed=1h02m30s, eta=2h06m01s
Tushare financial backfill progress: 2045/6150 (33.3%), fetched=120, empty=1754,
failed=171, inserted_rows=86, rate=32.5/min, elapsed=1h03m00s, eta=2h06m29s
Tushare financial backfill progress: 2065/6150 (33.6%), fetched=120, empty=1774,
failed=171, inserted_rows=86, rate=32.5/min, elapsed=1h03m31s, eta=2h05m39s
Tushare financial backfill progress: 2077/6150 (33.8%), fetched=120, empty=1785,
failed=172, inserted_rows=86, rate=32.4/min, elapsed=1h04m02s, eta=2h05m35s
Tushare financial backfill progress: 2096/6150 (34.1%), fetched=120, empty=1804,
failed=172, inserted_rows=86, rate=32.5/min, elapsed=1h04m33s, eta=2h04m51s
Tushare financial backfill progress: 2110/6150 (34.3%), fetched=126, empty=1810,
failed=174, inserted_rows=92, rate=32.4/min, elapsed=1h05m03s, eta=2h04m33s
Tushare financial backfill progress: 2134/6150 (34.7%), fetched=134, empty=1826,
failed=174, inserted_rows=100, rate=32.6/min, elapsed=1h05m33s, eta=2h03m22s
Tushare financial backfill progress: 2141/6150 (34.8%), fetched=138, empty=1826,
failed=177, inserted_rows=104, rate=32.4/min, elapsed=1h06m03s, eta=2h03m41s
Tushare financial backfill progress: 2173/6150 (35.3%), fetched=166, empty=1829,
failed=178, inserted_rows=132, rate=32.6/min, elapsed=1h06m38s, eta=2h01m58s
Tushare financial backfill progress: 2185/6150 (35.5%), fetched=169, empty=1835,
failed=181, inserted_rows=135, rate=32.5/min, elapsed=1h07m09s, eta=2h01m52s
Tushare financial backfill progress: 2210/6150 (35.9%), fetched=173, empty=1854,
failed=183, inserted_rows=139, rate=32.6/min, elapsed=1h07m46s, eta=2h00m49s
Tushare financial backfill progress: 2226/6150 (36.2%), fetched=174, empty=1867,
failed=185, inserted_rows=140, rate=32.6/min, elapsed=1h08m16s, eta=2h00m21s
Tushare financial backfill progress: 2241/6150 (36.4%), fetched=174, empty=1880,
failed=187, inserted_rows=140, rate=32.6/min, elapsed=1h08m47s, eta=1h59m59s
Tushare financial backfill progress: 2252/6150 (36.6%), fetched=174, empty=1890,
failed=188, inserted_rows=140, rate=32.5/min, elapsed=1h09m17s, eta=1h59m56s
Tushare financial backfill progress: 2269/6150 (36.9%), fetched=174, empty=1906,
failed=189, inserted_rows=140, rate=32.5/min, elapsed=1h09m50s, eta=1h59m27s
Tushare financial backfill progress: 2281/6150 (37.1%), fetched=174, empty=1917,
failed=190, inserted_rows=140, rate=32.4/min, elapsed=1h10m21s, eta=1h59m20s
Tushare financial backfill progress: 2297/6150 (37.3%), fetched=174, empty=1932,
failed=191, inserted_rows=140, rate=32.4/min, elapsed=1h10m52s, eta=1h58m53s
Tushare financial backfill progress: 2311/6150 (37.6%), fetched=174, empty=1945,
failed=192, inserted_rows=140, rate=32.4/min, elapsed=1h11m23s, eta=1h58m35s
Tushare financial backfill progress: 2326/6150 (37.8%), fetched=174, empty=1958,
failed=194, inserted_rows=140, rate=32.3/min, elapsed=1h12m00s, eta=1h58m22s
Tushare financial backfill progress: 2340/6150 (38.0%), fetched=174, empty=1972,
failed=194, inserted_rows=140, rate=32.1/min, elapsed=1h12m57s, eta=1h58m46s
Tushare financial backfill progress: 2361/6150 (38.4%), fetched=174, empty=1993,
failed=194, inserted_rows=140, rate=32.1/min, elapsed=1h13m28s, eta=1h57m55s
Tushare financial backfill progress: 2373/6150 (38.6%), fetched=174, empty=2002,
failed=197, inserted_rows=140, rate=32.1/min, elapsed=1h14m00s, eta=1h57m47s
Tushare financial backfill progress: 2401/6150 (39.0%), fetched=184, empty=2020,
failed=197, inserted_rows=143, rate=32.2/min, elapsed=1h14m31s, eta=1h56m21s
Tushare financial backfill progress: 2410/6150 (39.2%), fetched=184, empty=2025,
failed=201, inserted_rows=143, rate=32.1/min, elapsed=1h15m03s, eta=1h56m29s
Tushare financial backfill progress: 2442/6150 (39.7%), fetched=192, empty=2049,
failed=201, inserted_rows=146, rate=32.3/min, elapsed=1h15m33s, eta=1h54m44s
Tushare financial backfill progress: 2448/6150 (39.8%), fetched=193, empty=2051,
failed=204, inserted_rows=146, rate=32.2/min, elapsed=1h16m08s, eta=1h55m08s
Tushare financial backfill progress: 2467/6150 (40.1%), fetched=193, empty=2070,
failed=204, inserted_rows=146, rate=32.2/min, elapsed=1h16m39s, eta=1h54m26s
Tushare financial backfill progress: 2478/6150 (40.3%), fetched=193, empty=2080,
failed=205, inserted_rows=146, rate=32.1/min, elapsed=1h17m09s, eta=1h54m20s
Tushare financial backfill progress: 2497/6150 (40.6%), fetched=193, empty=2099,
failed=205, inserted_rows=146, rate=32.2/min, elapsed=1h17m39s, eta=1h53m37s
Tushare financial backfill progress: 2511/6150 (40.8%), fetched=193, empty=2112,
failed=206, inserted_rows=146, rate=32.1/min, elapsed=1h18m10s, eta=1h53m17s
Tushare financial backfill progress: 2536/6150 (41.2%), fetched=197, empty=2133,
failed=206, inserted_rows=150, rate=32.2/min, elapsed=1h18m40s, eta=1h52m07s
Tushare financial backfill progress: 2547/6150 (41.4%), fetched=199, empty=2140,
failed=208, inserted_rows=152, rate=32.2/min, elapsed=1h19m10s, eta=1h52m00s
Tushare financial backfill progress: 2578/6150 (41.9%), fetched=200, empty=2170,
failed=208, inserted_rows=152, rate=32.3/min, elapsed=1h19m42s, eta=1h50m26s
Tushare financial backfill progress: 2591/6150 (42.1%), fetched=200, empty=2180,
failed=211, inserted_rows=152, rate=32.3/min, elapsed=1h20m14s, eta=1h50m13s
Traceback (most recent call last):
  File "<frozen runpy>", line 198, in _run_module_as_main
  File "<frozen runpy>", line 88, in _run_code
  File "/home/zj/workspace/stok-mapping/phase0/cli.py", line 1632, in <module>
    raise SystemExit(main())
                     ~~~~^^
  File "/home/zj/workspace/stok-mapping/phase0/cli.py", line 1500, in main
    result = backfill_tushare_financials_from_config(
        config_path,
    ...<13 lines>...
        progress_callback=lambda progress: _print_tushare_financial_progress(console, progress),
    )
  File "/home/zj/workspace/stok-mapping/phase0/tushare_history_backfill.py", line 1449, in backfill_tushare_financials_from_config
    _mark_financial_missing_field_task(
    ~~~~~~~~~~~~~~~~~~~~~~~~~~~~~~~~~~^
        conn,
        ^^^^^
    ...<4 lines>...
        missing_fields=task_missing_fields,
        ^^^^^^^^^^^^^^^^^^^^^^^^^^^^^^^^^^^
    )
    ^
  File "/home/zj/workspace/stok-mapping/phase0/tushare_history_backfill.py", line 709, in _mark_financial_missing_field_task
    conn.execute(
    ~~~~~~~~~~~~^
        f"""
        ^^^^
    ...<5 lines>...
        tuple(params),
        ^^^^^^^^^^^^^^
    )
    ^
sqlite3.OperationalError: database is locked
