Tushare financial backfill started
Tushare financial backfill selected: 0/6229 (0.0%), fetched=0, empty=0, 
failed=0, inserted_rows=0, rate=0.0/min, elapsed=0s, eta=unknown
Tushare financial backfill progress: 1/6229 (0.0%), fetched=0, empty=1, 
failed=0, inserted_rows=0, rate=1.8/min, elapsed=34s, eta=59h04m36s
Tushare financial backfill progress: 31/6229 (0.5%), fetched=2, empty=29, 
failed=0, inserted_rows=2, rate=28.5/min, elapsed=1m05s, eta=3h37m30s
Tushare financial backfill progress: 45/6229 (0.7%), fetched=2, empty=43, 
failed=0, inserted_rows=2, rate=17.8/min, elapsed=2m31s, eta=5h47m14s
Tushare financial backfill progress: 55/6229 (0.9%), fetched=2, empty=53, 
failed=0, inserted_rows=2, rate=16.5/min, elapsed=3m19s, eta=6h13m24s
Tushare financial backfill progress: 75/6229 (1.2%), fetched=2, empty=73, 
failed=0, inserted_rows=2, rate=19.5/min, elapsed=3m50s, eta=5h15m06s
Tushare financial backfill progress: 79/6229 (1.3%), fetched=2, empty=77, 
failed=0, inserted_rows=2, rate=17.6/min, elapsed=4m28s, eta=5h48m43s
Tushare financial backfill progress: 82/6229 (1.3%), fetched=2, empty=80, 
failed=0, inserted_rows=2, rate=16.1/min, elapsed=5m06s, eta=6h22m44s
Tushare financial backfill progress: 103/6229 (1.7%), fetched=2, empty=101, 
failed=0, inserted_rows=2, rate=18.3/min, elapsed=5m37s, eta=5h34m32s
Tushare financial backfill progress: 121/6229 (1.9%), fetched=2, empty=119, 
failed=0, inserted_rows=2, rate=19.7/min, elapsed=6m08s, eta=5h09m41s
Tushare financial backfill progress: 139/6229 (2.2%), fetched=3, empty=136, 
failed=0, inserted_rows=2, rate=20.9/min, elapsed=6m38s, eta=4h50m43s
Tushare financial backfill progress: 158/6229 (2.5%), fetched=3, empty=155, 
failed=0, inserted_rows=2, rate=20.8/min, elapsed=7m35s, eta=4h51m26s
Tushare financial backfill progress: 191/6229 (3.1%), fetched=7, empty=183, 
failed=1, inserted_rows=2, rate=23.3/min, elapsed=8m11s, eta=4h18m54s
Tushare financial backfill progress: 194/6229 (3.1%), fetched=7, empty=183, 
failed=4, inserted_rows=2, rate=21.4/min, elapsed=9m02s, eta=4h41m23s
Tushare financial backfill progress: 228/6229 (3.7%), fetched=7, empty=216, 
failed=5, inserted_rows=2, rate=23.6/min, elapsed=9m40s, eta=4h14m27s
Tushare financial backfill progress: 236/6229 (3.8%), fetched=7, empty=221, 
failed=8, inserted_rows=2, rate=23.2/min, elapsed=10m10s, eta=4h18m26s
Tushare financial backfill progress: 241/6229 (3.9%), fetched=7, empty=226, 
failed=8, inserted_rows=2, rate=22.2/min, elapsed=10m50s, eta=4h29m29s
Tushare financial backfill progress: 261/6229 (4.2%), fetched=7, empty=246, 
failed=8, inserted_rows=2, rate=23.0/min, elapsed=11m21s, eta=4h19m41s
Tushare financial backfill progress: 280/6229 (4.5%), fetched=8, empty=262, 
failed=10, inserted_rows=2, rate=23.4/min, elapsed=11m58s, eta=4h14m15s
Tushare financial backfill progress: 299/6229 (4.8%), fetched=11, empty=278, 
failed=10, inserted_rows=3, rate=24.0/min, elapsed=12m28s, eta=4h07m31s
Tushare financial backfill progress: 311/6229 (5.0%), fetched=11, empty=287, 
failed=13, inserted_rows=3, rate=23.9/min, elapsed=12m59s, eta=4h07m09s
Tushare financial backfill progress: 339/6229 (5.4%), fetched=13, empty=313, 
failed=13, inserted_rows=3, rate=25.1/min, elapsed=13m29s, eta=3h54m26s
Tushare financial backfill progress: 345/6229 (5.5%), fetched=13, empty=315, 
failed=17, inserted_rows=3, rate=24.5/min, elapsed=14m04s, eta=3h59m56s
Tushare financial backfill progress: 377/6229 (6.1%), fetched=16, empty=343, 
failed=18, inserted_rows=3, rate=25.7/min, elapsed=14m39s, eta=3h47m35s
Tushare financial backfill progress: 385/6229 (6.2%), fetched=16, empty=348, 
failed=21, inserted_rows=3, rate=25.4/min, elapsed=15m10s, eta=3h50m20s
Tushare financial backfill progress: 405/6229 (6.5%), fetched=16, empty=368, 
failed=21, inserted_rows=3, rate=25.8/min, elapsed=15m40s, eta=3h45m28s
Tushare financial backfill progress: 413/6229 (6.6%), fetched=16, empty=374, 
failed=23, inserted_rows=3, rate=25.5/min, elapsed=16m11s, eta=3h48m02s
Tushare financial backfill progress: 434/6229 (7.0%), fetched=16, empty=395, 
failed=23, inserted_rows=3, rate=26.0/min, elapsed=16m43s, eta=3h43m12s
Tushare financial backfill progress: 442/6229 (7.1%), fetched=16, empty=401, 
failed=25, inserted_rows=3, rate=25.7/min, elapsed=17m13s, eta=3h45m28s
Tushare financial backfill progress: 459/6229 (7.4%), fetched=16, empty=418, 
failed=25, inserted_rows=3, rate=25.2/min, elapsed=18m11s, eta=3h48m36s
Tushare financial backfill progress: 482/6229 (7.7%), fetched=17, empty=440, 
failed=25, inserted_rows=3, rate=25.8/min, elapsed=18m41s, eta=3h42m55s
Tushare financial backfill progress: 490/6229 (7.9%), fetched=18, empty=444, 
failed=28, inserted_rows=3, rate=25.5/min, elapsed=19m12s, eta=3h45m01s
Tushare financial backfill progress: 517/6229 (8.3%), fetched=19, empty=470, 
failed=28, inserted_rows=3, rate=26.2/min, elapsed=19m43s, eta=3h37m54s
Tushare financial backfill progress: 525/6229 (8.4%), fetched=19, empty=475, 
failed=31, inserted_rows=3, rate=26.0/min, elapsed=20m13s, eta=3h39m44s
Tushare financial backfill progress: 553/6229 (8.9%), fetched=22, empty=499, 
failed=32, inserted_rows=3, rate=26.6/min, elapsed=20m45s, eta=3h33m02s
Tushare financial backfill progress: 560/6229 (9.0%), fetched=22, empty=503, 
failed=35, inserted_rows=3, rate=26.3/min, elapsed=21m16s, eta=3h35m19s
Tushare financial backfill progress: 588/6229 (9.4%), fetched=24, empty=528, 
failed=36, inserted_rows=5, rate=26.9/min, elapsed=21m49s, eta=3h29m22s
Tushare financial backfill progress: 600/6229 (9.6%), fetched=24, empty=537, 
failed=39, inserted_rows=5, rate=26.9/min, elapsed=22m19s, eta=3h29m26s
Tushare financial backfill progress: 624/6229 (10.0%), fetched=25, empty=558, 
failed=41, inserted_rows=6, rate=27.2/min, elapsed=22m55s, eta=3h25m58s
Tushare financial backfill progress: 637/6229 (10.2%), fetched=26, empty=568, 
failed=43, inserted_rows=6, rate=27.2/min, elapsed=23m26s, eta=3h25m48s
Tushare financial backfill progress: 654/6229 (10.5%), fetched=26, empty=584, 
failed=44, inserted_rows=6, rate=27.3/min, elapsed=23m58s, eta=3h24m23s
Tushare financial backfill progress: 667/6229 (10.7%), fetched=26, empty=595, 
failed=46, inserted_rows=6, rate=27.2/min, elapsed=24m29s, eta=3h24m16s
Tushare financial backfill progress: 686/6229 (11.0%), fetched=27, empty=611, 
failed=48, inserted_rows=6, rate=27.4/min, elapsed=25m02s, eta=3h22m21s
Tushare financial backfill progress: 701/6229 (11.3%), fetched=27, empty=625, 
failed=49, inserted_rows=6, rate=27.4/min, elapsed=25m33s, eta=3h21m32s
Tushare financial backfill progress: 718/6229 (11.5%), fetched=27, empty=639, 
failed=52, inserted_rows=6, rate=27.5/min, elapsed=26m07s, eta=3h20m35s
Tushare financial backfill progress: 743/6229 (11.9%), fetched=29, empty=661, 
failed=53, inserted_rows=6, rate=27.9/min, elapsed=26m39s, eta=3h16m49s
Tushare financial backfill progress: 754/6229 (12.1%), fetched=29, empty=668, 
failed=57, inserted_rows=6, rate=27.7/min, elapsed=27m12s, eta=3h17m35s
Tushare financial backfill progress: 783/6229 (12.6%), fetched=31, empty=695, 
failed=57, inserted_rows=8, rate=28.2/min, elapsed=27m43s, eta=3h12m51s
Tushare financial backfill progress: 790/6229 (12.7%), fetched=31, empty=698, 
failed=61, inserted_rows=8, rate=27.9/min, elapsed=28m19s, eta=3h14m57s
Tushare financial backfill progress: 818/6229 (13.1%), fetched=32, empty=725, 
failed=61, inserted_rows=8, rate=28.4/min, elapsed=28m49s, eta=3h10m41s
Tushare financial backfill progress: 826/6229 (13.3%), fetched=32, empty=731, 
failed=63, inserted_rows=8, rate=28.2/min, elapsed=29m20s, eta=3h11m55s
Tushare financial backfill progress: 847/6229 (13.6%), fetched=32, empty=752, 
failed=63, inserted_rows=8, rate=28.4/min, elapsed=29m52s, eta=3h09m46s
Tushare financial backfill progress: 855/6229 (13.7%), fetched=32, empty=758, 
failed=65, inserted_rows=8, rate=28.1/min, elapsed=30m23s, eta=3h10m59s
Tushare financial backfill progress: 876/6229 (14.1%), fetched=32, empty=779, 
failed=65, inserted_rows=8, rate=28.3/min, elapsed=30m54s, eta=3h08m50s
Tushare financial backfill progress: 884/6229 (14.2%), fetched=32, empty=785, 
failed=67, inserted_rows=8, rate=28.1/min, elapsed=31m25s, eta=3h10m00s
Tushare financial backfill progress: 904/6229 (14.5%), fetched=32, empty=805, 
failed=67, inserted_rows=8, rate=28.3/min, elapsed=31m55s, eta=3h08m04s
Tushare financial backfill progress: 913/6229 (14.7%), fetched=33, empty=811, 
failed=69, inserted_rows=8, rate=28.1/min, elapsed=32m26s, eta=3h08m53s
Tushare financial backfill progress: 939/6229 (15.1%), fetched=35, empty=834, 
failed=70, inserted_rows=9, rate=28.4/min, elapsed=33m01s, eta=3h06m05s
Tushare financial backfill progress: 955/6229 (15.3%), fetched=35, empty=848, 
failed=72, inserted_rows=9, rate=28.5/min, elapsed=33m31s, eta=3h05m10s
Tushare financial backfill progress: 979/6229 (15.7%), fetched=35, empty=870, 
failed=74, inserted_rows=9, rate=28.7/min, elapsed=34m05s, eta=3h02m47s
Tushare financial backfill progress: 999/6229 (16.0%), fetched=36, empty=887, 
failed=76, inserted_rows=9, rate=28.9/min, elapsed=34m36s, eta=3h01m08s
Tushare financial backfill progress: 1017/6229 (16.3%), fetched=36, empty=902, 
failed=79, inserted_rows=9, rate=28.9/min, elapsed=35m11s, eta=3h00m23s
Tushare financial backfill progress: 1042/6229 (16.7%), fetched=42, empty=920, 
failed=80, inserted_rows=15, rate=29.2/min, elapsed=35m42s, eta=2h57m47s
Tushare financial backfill progress: 1054/6229 (16.9%), fetched=42, empty=928, 
failed=84, inserted_rows=15, rate=29.0/min, elapsed=36m18s, eta=2h58m15s
Tushare financial backfill progress: 1083/6229 (17.4%), fetched=47, empty=952, 
failed=84, inserted_rows=20, rate=29.4/min, elapsed=36m48s, eta=2h54m55s
Tushare financial backfill progress: 1091/6229 (17.5%), fetched=47, empty=957, 
failed=87, inserted_rows=20, rate=29.2/min, elapsed=37m21s, eta=2h55m58s
Tushare financial backfill progress: 1112/6229 (17.9%), fetched=47, empty=978, 
failed=87, inserted_rows=20, rate=29.4/min, elapsed=37m53s, eta=2h54m19s
Tushare financial backfill progress: 1123/6229 (18.0%), fetched=47, empty=987, 
failed=89, inserted_rows=20, rate=29.2/min, elapsed=38m24s, eta=2h54m38s
Tushare financial backfill progress: 1153/6229 (18.5%), fetched=61, empty=1003, 
failed=89, inserted_rows=34, rate=29.6/min, elapsed=38m54s, eta=2h51m17s
Tushare financial backfill progress: 1161/6229 (18.6%), fetched=61, empty=1008, 
failed=92, inserted_rows=34, rate=29.4/min, elapsed=39m25s, eta=2h52m06s
Tushare financial backfill progress: 1191/6229 (19.1%), fetched=85, empty=1013, 
failed=93, inserted_rows=58, rate=29.8/min, elapsed=39m59s, eta=2h49m09s
Tushare financial backfill progress: 1203/6229 (19.3%), fetched=88, empty=1019, 
failed=96, inserted_rows=61, rate=29.7/min, elapsed=40m30s, eta=2h49m12s
Tushare financial backfill progress: 1227/6229 (19.7%), fetched=89, empty=1041, 
failed=97, inserted_rows=62, rate=29.9/min, elapsed=41m00s, eta=2h47m09s
Tushare financial backfill progress: 1237/6229 (19.9%), fetched=89, empty=1049, 
failed=99, inserted_rows=62, rate=29.8/min, elapsed=41m30s, eta=2h47m31s
Tushare financial backfill progress: 1260/6229 (20.2%), fetched=91, empty=1069, 
failed=100, inserted_rows=64, rate=30.0/min, elapsed=42m01s, eta=2h45m44s
Tushare financial backfill progress: 1276/6229 (20.5%), fetched=96, empty=1078, 
failed=102, inserted_rows=69, rate=30.0/min, elapsed=42m32s, eta=2h45m06s
Tushare financial backfill progress: 1301/6229 (20.9%), fetched=102, empty=1096,
failed=103, inserted_rows=75, rate=30.2/min, elapsed=43m03s, eta=2h43m05s
Tushare financial backfill progress: 1311/6229 (21.0%), fetched=102, empty=1104,
failed=105, inserted_rows=75, rate=30.1/min, elapsed=43m33s, eta=2h43m23s
Tushare financial backfill progress: 1329/6229 (21.3%), fetched=102, empty=1121,
failed=106, inserted_rows=75, rate=30.1/min, elapsed=44m06s, eta=2h42m38s
Tushare financial backfill progress: 1341/6229 (21.5%), fetched=102, empty=1132,
failed=107, inserted_rows=75, rate=30.1/min, elapsed=44m37s, eta=2h42m39s
Tushare financial backfill progress: 1358/6229 (21.8%), fetched=102, empty=1148,
failed=108, inserted_rows=75, rate=30.1/min, elapsed=45m09s, eta=2h41m58s
Tushare financial backfill progress: 1370/6229 (22.0%), fetched=102, empty=1159,
failed=109, inserted_rows=75, rate=30.0/min, elapsed=45m40s, eta=2h42m01s
Tushare financial backfill progress: 1387/6229 (22.3%), fetched=102, empty=1175,
failed=110, inserted_rows=75, rate=30.0/min, elapsed=46m13s, eta=2h41m22s
Tushare financial backfill progress: 1399/6229 (22.5%), fetched=102, empty=1186,
failed=111, inserted_rows=75, rate=29.9/min, elapsed=46m44s, eta=2h41m22s
Tushare financial backfill progress: 1420/6229 (22.8%), fetched=104, empty=1203,
failed=113, inserted_rows=77, rate=30.0/min, elapsed=47m22s, eta=2h40m25s
Tushare financial backfill progress: 1449/6229 (23.3%), fetched=106, empty=1230,
failed=113, inserted_rows=79, rate=30.3/min, elapsed=47m52s, eta=2h37m54s
Tushare financial backfill progress: 1457/6229 (23.4%), fetched=107, empty=1234,
failed=116, inserted_rows=80, rate=30.1/min, elapsed=48m24s, eta=2h38m33s
Tushare financial backfill progress: 1491/6229 (23.9%), fetched=112, empty=1263,
failed=116, inserted_rows=85, rate=30.5/min, elapsed=48m56s, eta=2h35m30s
Tushare financial backfill progress: 1498/6229 (24.0%), fetched=112, empty=1267,
failed=119, inserted_rows=85, rate=30.3/min, elapsed=49m26s, eta=2h36m08s
Tushare financial backfill progress: 1532/6229 (24.6%), fetched=116, empty=1297,
failed=119, inserted_rows=89, rate=30.7/min, elapsed=49m57s, eta=2h33m09s
Tushare financial backfill progress: 1539/6229 (24.7%), fetched=116, empty=1301,
failed=122, inserted_rows=89, rate=30.5/min, elapsed=50m28s, eta=2h33m48s
Tushare financial backfill progress: 1562/6229 (25.1%), fetched=119, empty=1321,
failed=122, inserted_rows=92, rate=30.6/min, elapsed=50m59s, eta=2h32m20s
Tushare financial backfill progress: 1569/6229 (25.2%), fetched=119, empty=1326,
failed=124, inserted_rows=92, rate=30.5/min, elapsed=51m30s, eta=2h32m58s
Tushare financial backfill progress: 1589/6229 (25.5%), fetched=119, empty=1346,
failed=124, inserted_rows=92, rate=30.6/min, elapsed=52m00s, eta=2h31m52s
Tushare financial backfill progress: 1600/6229 (25.7%), fetched=124, empty=1349,
failed=127, inserted_rows=97, rate=30.5/min, elapsed=52m30s, eta=2h31m55s
Tushare financial backfill progress: 1625/6229 (26.1%), fetched=125, empty=1372,
failed=128, inserted_rows=98, rate=30.6/min, elapsed=53m05s, eta=2h30m26s
Tushare financial backfill progress: 1639/6229 (26.3%), fetched=126, empty=1383,
failed=130, inserted_rows=99, rate=30.6/min, elapsed=53m36s, eta=2h30m08s
Tushare financial backfill progress: 1665/6229 (26.7%), fetched=126, empty=1407,
failed=132, inserted_rows=99, rate=30.7/min, elapsed=54m12s, eta=2h28m36s
Tushare financial backfill progress: 1686/6229 (27.1%), fetched=133, empty=1420,
failed=133, inserted_rows=106, rate=30.8/min, elapsed=54m43s, eta=2h27m28s
Tushare financial backfill progress: 1705/6229 (27.4%), fetched=133, empty=1437,
failed=135, inserted_rows=106, rate=30.9/min, elapsed=55m14s, eta=2h26m33s
Tushare financial backfill progress: 1725/6229 (27.7%), fetched=133, empty=1456,
failed=136, inserted_rows=106, rate=30.9/min, elapsed=55m44s, eta=2h25m33s
Tushare financial backfill progress: 1742/6229 (28.0%), fetched=134, empty=1469,
failed=139, inserted_rows=107, rate=30.9/min, elapsed=56m17s, eta=2h25m00s
Tushare financial backfill progress: 1768/6229 (28.4%), fetched=137, empty=1491,
failed=140, inserted_rows=110, rate=31.1/min, elapsed=56m47s, eta=2h23m18s
Tushare financial backfill progress: 1783/6229 (28.6%), fetched=139, empty=1501,
failed=143, inserted_rows=112, rate=31.1/min, elapsed=57m19s, eta=2h22m56s
Tushare financial backfill progress: 1810/6229 (29.1%), fetched=140, empty=1527,
failed=143, inserted_rows=113, rate=31.3/min, elapsed=57m50s, eta=2h21m12s
Tushare financial backfill progress: 1820/6229 (29.2%), fetched=141, empty=1533,
failed=146, inserted_rows=114, rate=31.2/min, elapsed=58m21s, eta=2h21m23s
Tushare financial backfill progress: 1835/6229 (29.5%), fetched=141, empty=1548,
failed=146, inserted_rows=114, rate=31.2/min, elapsed=58m52s, eta=2h20m57s
Tushare financial backfill progress: 1846/6229 (29.6%), fetched=141, empty=1557,
failed=148, inserted_rows=114, rate=31.0/min, elapsed=59m28s, eta=2h21m13s
Tushare financial backfill progress: 1864/6229 (29.9%), fetched=141, empty=1575,
failed=148, inserted_rows=114, rate=31.1/min, elapsed=59m58s, eta=2h20m27s
Tushare financial backfill progress: 1874/6229 (30.1%), fetched=141, empty=1583,
failed=150, inserted_rows=114, rate=31.0/min, elapsed=1h00m28s, eta=2h20m33s
Tushare financial backfill progress: 1892/6229 (30.4%), fetched=141, empty=1601,
failed=150, inserted_rows=114, rate=31.0/min, elapsed=1h00m59s, eta=2h19m49s
Tushare financial backfill progress: 1899/6229 (30.5%), fetched=141, empty=1606,
failed=152, inserted_rows=114, rate=30.9/min, elapsed=1h01m29s, eta=2h20m13s
Tushare financial backfill progress: 1923/6229 (30.9%), fetched=143, empty=1627,
failed=153, inserted_rows=116, rate=31.0/min, elapsed=1h02m06s, eta=2h19m04s
Tushare financial backfill progress: 1935/6229 (31.1%), fetched=143, empty=1636,
failed=156, inserted_rows=116, rate=30.9/min, elapsed=1h02m36s, eta=2h18m56s
Tushare financial backfill progress: 1956/6229 (31.4%), fetched=143, empty=1656,
failed=157, inserted_rows=116, rate=31.0/min, elapsed=1h03m08s, eta=2h17m57s
Tushare financial backfill progress: 1971/6229 (31.6%), fetched=144, empty=1668,
failed=159, inserted_rows=117, rate=31.0/min, elapsed=1h03m39s, eta=2h17m31s
Tushare financial backfill progress: 1996/6229 (32.0%), fetched=144, empty=1691,
failed=161, inserted_rows=117, rate=31.1/min, elapsed=1h04m14s, eta=2h16m15s
Tushare financial backfill progress: 2018/6229 (32.4%), fetched=144, empty=1712,
failed=162, inserted_rows=117, rate=31.2/min, elapsed=1h04m45s, eta=2h15m07s
Tushare financial backfill progress: 2037/6229 (32.7%), fetched=152, empty=1720,
failed=165, inserted_rows=125, rate=31.2/min, elapsed=1h05m21s, eta=2h14m29s
Tushare financial backfill progress: 2064/6229 (33.1%), fetched=170, empty=1729,
failed=165, inserted_rows=143, rate=31.3/min, elapsed=1h05m51s, eta=2h12m54s
Tushare financial backfill progress: 2078/6229 (33.4%), fetched=173, empty=1737,
failed=168, inserted_rows=146, rate=31.3/min, elapsed=1h06m28s, eta=2h12m47s
Tushare financial backfill progress: 2113/6229 (33.9%), fetched=195, empty=1750,
failed=168, inserted_rows=168, rate=31.5/min, elapsed=1h06m58s, eta=2h10m28s
Tushare financial backfill progress: 2119/6229 (34.0%), fetched=196, empty=1752,
failed=171, inserted_rows=169, rate=31.4/min, elapsed=1h07m30s, eta=2h10m57s
Tushare financial backfill progress: 2140/6229 (34.4%), fetched=196, empty=1773,
failed=171, inserted_rows=169, rate=31.5/min, elapsed=1h08m02s, eta=2h10m00s
Tushare financial backfill progress: 2152/6229 (34.5%), fetched=196, empty=1784,
failed=172, inserted_rows=169, rate=31.4/min, elapsed=1h08m34s, eta=2h09m54s
Tushare financial backfill progress: 2172/6229 (34.9%), fetched=196, empty=1804,
failed=172, inserted_rows=169, rate=31.4/min, elapsed=1h09m05s, eta=2h09m03s
Tushare financial backfill progress: 2181/6229 (35.0%), fetched=199, empty=1808,
failed=174, inserted_rows=172, rate=31.3/min, elapsed=1h09m36s, eta=2h09m10s
Tushare financial backfill progress: 2204/6229 (35.4%), fetched=207, empty=1822,
failed=175, inserted_rows=180, rate=31.4/min, elapsed=1h10m10s, eta=2h08m08s
Tushare financial backfill progress: 2217/6229 (35.6%), fetched=217, empty=1823,
failed=177, inserted_rows=190, rate=31.4/min, elapsed=1h10m41s, eta=2h07m54s
Tushare financial backfill progress: 2240/6229 (36.0%), fetched=237, empty=1824,
failed=179, inserted_rows=210, rate=31.4/min, elapsed=1h11m13s, eta=2h06m51s
Tushare financial backfill progress: 2259/6229 (36.3%), fetched=245, empty=1833,
failed=181, inserted_rows=218, rate=31.5/min, elapsed=1h11m44s, eta=2h06m05s
Tushare financial backfill progress: 2279/6229 (36.6%), fetched=251, empty=1845,
failed=183, inserted_rows=224, rate=31.5/min, elapsed=1h12m15s, eta=2h05m13s
Tushare financial backfill progress: 2296/6229 (36.9%), fetched=252, empty=1859,
failed=185, inserted_rows=225, rate=31.6/min, elapsed=1h12m45s, eta=2h04m37s
Tushare financial backfill progress: 2316/6229 (37.2%), fetched=255, empty=1873,
failed=188, inserted_rows=228, rate=31.6/min, elapsed=1h13m20s, eta=2h03m55s
Tushare financial backfill progress: 2331/6229 (37.4%), fetched=255, empty=1887,
failed=189, inserted_rows=228, rate=31.6/min, elapsed=1h13m51s, eta=2h03m30s
Tushare financial backfill progress: 2345/6229 (37.6%), fetched=255, empty=1899,
failed=191, inserted_rows=228, rate=31.5/min, elapsed=1h14m26s, eta=2h03m17s
Tushare financial backfill progress: 2361/6229 (37.9%), fetched=255, empty=1915,
failed=191, inserted_rows=228, rate=31.5/min, elapsed=1h14m56s, eta=2h02m47s
Tushare financial backfill progress: 2374/6229 (38.1%), fetched=255, empty=1926,
failed=193, inserted_rows=228, rate=31.4/min, elapsed=1h15m30s, eta=2h02m36s
Tushare financial backfill progress: 2394/6229 (38.4%), fetched=255, empty=1946,
failed=193, inserted_rows=228, rate=31.5/min, elapsed=1h16m01s, eta=2h01m47s
Tushare financial backfill progress: 2404/6229 (38.6%), fetched=255, empty=1954,
failed=195, inserted_rows=228, rate=31.4/min, elapsed=1h16m32s, eta=2h01m47s
Tushare financial backfill progress: 2417/6229 (38.8%), fetched=255, empty=1967,
failed=195, inserted_rows=228, rate=31.2/min, elapsed=1h17m25s, eta=2h02m07s
Tushare financial backfill progress: 2438/6229 (39.1%), fetched=255, empty=1988,
failed=195, inserted_rows=228, rate=31.3/min, elapsed=1h17m56s, eta=2h01m11s
Tushare financial backfill progress: 2449/6229 (39.3%), fetched=255, empty=1996,
failed=198, inserted_rows=228, rate=31.2/min, elapsed=1h18m27s, eta=2h01m06s
Tushare financial backfill progress: 2476/6229 (39.7%), fetched=272, empty=2006,
failed=198, inserted_rows=245, rate=31.4/min, elapsed=1h18m57s, eta=1h59m41s
Tushare financial backfill progress: 2486/6229 (39.9%), fetched=278, empty=2006,
failed=202, inserted_rows=251, rate=31.3/min, elapsed=1h19m30s, eta=1h59m43s
Tushare financial backfill progress: 2517/6229 (40.4%), fetched=296, empty=2019,
failed=202, inserted_rows=269, rate=31.5/min, elapsed=1h20m00s, eta=1h58m00s
Tushare financial backfill progress: 2525/6229 (40.5%), fetched=299, empty=2021,
failed=205, inserted_rows=272, rate=31.3/min, elapsed=1h20m34s, eta=1h58m11s
Tushare financial backfill progress: 2539/6229 (40.8%), fetched=299, empty=2035,
failed=205, inserted_rows=272, rate=31.3/min, elapsed=1h21m05s, eta=1h57m50s
Tushare financial backfill progress: 2547/6229 (40.9%), fetched=299, empty=2041,
failed=207, inserted_rows=272, rate=31.2/min, elapsed=1h21m36s, eta=1h57m57s
Tushare financial backfill progress: 2561/6229 (41.1%), fetched=299, empty=2055,
failed=207, inserted_rows=272, rate=31.2/min, elapsed=1h22m07s, eta=1h57m37s
Tushare financial backfill progress: 2571/6229 (41.3%), fetched=299, empty=2064,
failed=208, inserted_rows=272, rate=31.1/min, elapsed=1h22m38s, eta=1h57m35s
Tushare financial backfill progress: 2585/6229 (41.5%), fetched=299, empty=2078,
failed=208, inserted_rows=272, rate=31.1/min, elapsed=1h23m09s, eta=1h57m13s
Tushare financial backfill progress: 2593/6229 (41.6%), fetched=299, empty=2084,
failed=210, inserted_rows=272, rate=31.0/min, elapsed=1h23m40s, eta=1h57m19s
Tushare financial backfill progress: 2613/6229 (41.9%), fetched=301, empty=2102,
failed=210, inserted_rows=274, rate=31.0/min, elapsed=1h24m11s, eta=1h56m29s
Tushare financial backfill progress: 2622/6229 (42.1%), fetched=301, empty=2108,
failed=213, inserted_rows=274, rate=31.0/min, elapsed=1h24m41s, eta=1h56m30s
Traceback (most recent call last):
  File "/home/zj/workspace/stok-mapping/.venv/lib/python3.14/site-packages/pandas/io/sql.py", line 2702, in execute
    cur.execute(sql, *args)
    ~~~~~~~~~~~^^^^^^^^^^^^
sqlite3.OperationalError: database is locked

The above exception was the direct cause of the following exception:

Traceback (most recent call last):
  File "<frozen runpy>", line 198, in _run_module_as_main
  File "<frozen runpy>", line 88, in _run_code
  File "/home/zj/workspace/stok-mapping/phase0/cli.py", line 1632, in <module>
    raise SystemExit(main())
                     ~~~~^^
  File "/home/zj/workspace/stok-mapping/phase0/cli.py", line 1500, in main
    result = backfill_tushare_financials_from_config(
        config_path,
    ...<13 lines>...
        progress_callback=lambda progress: _print_tushare_financial_progress(console, progress),
    )
  File "/home/zj/workspace/stok-mapping/phase0/tushare_history_backfill.py", line 1464, in backfill_tushare_financials_from_config
    before = pd.read_sql_query(
        f"""
    ...<7 lines>...
        params=(symbol, task_period),
    )
  File "/home/zj/workspace/stok-mapping/.venv/lib/python3.14/site-packages/pandas/io/sql.py", line 497, in read_sql_query
    return pandas_sql.read_query(
           ~~~~~~~~~~~~~~~~~~~~~^
        sql,
        ^^^^
    ...<6 lines>...
        dtype_backend=dtype_backend,
        ^^^^^^^^^^^^^^^^^^^^^^^^^^^^
    )
    ^
  File "/home/zj/workspace/stok-mapping/.venv/lib/python3.14/site-packages/pandas/io/sql.py", line 2766, in read_query
    cursor = self.execute(sql, params)
  File "/home/zj/workspace/stok-mapping/.venv/lib/python3.14/site-packages/pandas/io/sql.py", line 2714, in execute
    raise ex from exc
pandas.errors.DatabaseError: Execution failed on sql '
                    SELECT debt_to_asset
                    FROM market_financial_factors
                    WHERE market = 'CN'
                      AND symbol = ?
                      AND report_date = ?
                    ': database is locked
