Tushare financial backfill started
Tushare financial backfill selected: 0/6229 (0.0%), fetched=0, empty=0, 
failed=0, inserted_rows=0, rate=0.0/min, elapsed=0s, eta=unknown
Tushare financial backfill progress: 1/6229 (0.0%), fetched=1, empty=0, 
failed=0, inserted_rows=1, rate=1.8/min, elapsed=33s, eta=58h17m03s
Tushare financial backfill progress: 34/6229 (0.5%), fetched=6, empty=28, 
failed=0, inserted_rows=6, rate=31.5/min, elapsed=1m04s, eta=3h16m26s
Tushare financial backfill progress: 48/6229 (0.8%), fetched=7, empty=41, 
failed=0, inserted_rows=7, rate=18.9/min, elapsed=2m32s, eta=5h26m53s
Tushare financial backfill progress: 58/6229 (0.9%), fetched=7, empty=51, 
failed=0, inserted_rows=7, rate=17.4/min, elapsed=3m20s, eta=5h54m57s
Tushare financial backfill progress: 79/6229 (1.3%), fetched=7, empty=72, 
failed=0, inserted_rows=7, rate=20.5/min, elapsed=3m51s, eta=5h00m29s
Tushare financial backfill progress: 83/6229 (1.3%), fetched=7, empty=76, 
failed=0, inserted_rows=7, rate=18.4/min, elapsed=4m29s, eta=5h33m12s
Tushare financial backfill progress: 85/6229 (1.4%), fetched=7, empty=78, 
failed=0, inserted_rows=7, rate=16.7/min, elapsed=5m05s, eta=6h08m23s
Tushare financial backfill progress: 106/6229 (1.7%), fetched=7, empty=99, 
failed=0, inserted_rows=7, rate=18.9/min, elapsed=5m37s, eta=5h24m31s
Tushare financial backfill progress: 124/6229 (2.0%), fetched=7, empty=117, 
failed=0, inserted_rows=7, rate=20.2/min, elapsed=6m07s, eta=5h01m47s
Tushare financial backfill progress: 145/6229 (2.3%), fetched=7, empty=137, 
failed=1, inserted_rows=7, rate=21.8/min, elapsed=6m38s, eta=4h38m30s
Tushare financial backfill progress: 163/6229 (2.6%), fetched=7, empty=155, 
failed=1, inserted_rows=7, rate=21.5/min, elapsed=7m34s, eta=4h42m09s
Tushare financial backfill progress: 197/6229 (3.2%), fetched=14, empty=181, 
failed=2, inserted_rows=14, rate=24.0/min, elapsed=8m11s, eta=4h10m49s
Tushare financial backfill progress: 200/6229 (3.2%), fetched=14, empty=181, 
failed=5, inserted_rows=14, rate=22.1/min, elapsed=9m02s, eta=4h32m39s
Tushare financial backfill progress: 234/6229 (3.8%), fetched=21, empty=207, 
failed=6, inserted_rows=21, rate=24.2/min, elapsed=9m39s, eta=4h07m38s
Tushare financial backfill progress: 242/6229 (3.9%), fetched=21, empty=213, 
failed=8, inserted_rows=21, rate=23.8/min, elapsed=10m10s, eta=4h11m42s
Tushare financial backfill progress: 247/6229 (4.0%), fetched=21, empty=218, 
failed=8, inserted_rows=21, rate=22.7/min, elapsed=10m51s, eta=4h23m10s
Tushare financial backfill progress: 262/6229 (4.2%), fetched=21, empty=233, 
failed=8, inserted_rows=21, rate=23.0/min, elapsed=11m23s, eta=4h19m20s
Tushare financial backfill progress: 273/6229 (4.4%), fetched=21, empty=242, 
failed=10, inserted_rows=21, rate=22.8/min, elapsed=11m58s, eta=4h21m23s
Tushare financial backfill progress: 291/6229 (4.7%), fetched=25, empty=256, 
failed=10, inserted_rows=23, rate=23.3/min, elapsed=12m30s, eta=4h15m06s
Tushare financial backfill progress: 297/6229 (4.8%), fetched=25, empty=259, 
failed=13, inserted_rows=23, rate=22.8/min, elapsed=13m00s, eta=4h19m47s
Tushare financial backfill progress: 323/6229 (5.2%), fetched=27, empty=283, 
failed=13, inserted_rows=24, rate=23.9/min, elapsed=13m31s, eta=4h07m10s
Tushare financial backfill progress: 328/6229 (5.3%), fetched=27, empty=284, 
failed=17, inserted_rows=24, rate=23.3/min, elapsed=14m06s, eta=4h13m45s
Tushare financial backfill progress: 359/6229 (5.8%), fetched=30, empty=311, 
failed=18, inserted_rows=25, rate=24.5/min, elapsed=14m40s, eta=3h59m50s
Tushare financial backfill progress: 366/6229 (5.9%), fetched=30, empty=315, 
failed=21, inserted_rows=25, rate=24.1/min, elapsed=15m10s, eta=4h03m01s
Tushare financial backfill progress: 387/6229 (6.2%), fetched=31, empty=335, 
failed=21, inserted_rows=25, rate=24.6/min, elapsed=15m42s, eta=3h57m03s
Tushare financial backfill progress: 396/6229 (6.4%), fetched=31, empty=342, 
failed=23, inserted_rows=25, rate=24.4/min, elapsed=16m13s, eta=3h59m05s
Tushare financial backfill progress: 411/6229 (6.6%), fetched=31, empty=357, 
failed=23, inserted_rows=25, rate=24.5/min, elapsed=16m44s, eta=3h57m04s
Tushare financial backfill progress: 419/6229 (6.7%), fetched=31, empty=363, 
failed=25, inserted_rows=25, rate=24.3/min, elapsed=17m15s, eta=3h59m13s
Tushare financial backfill progress: 430/6229 (6.9%), fetched=31, empty=374, 
failed=25, inserted_rows=25, rate=23.7/min, elapsed=18m10s, eta=4h05m09s
Tushare financial backfill progress: 445/6229 (7.1%), fetched=31, empty=389, 
failed=25, inserted_rows=25, rate=23.8/min, elapsed=18m41s, eta=4h02m58s
Tushare financial backfill progress: 451/6229 (7.2%), fetched=31, empty=393, 
failed=27, inserted_rows=25, rate=23.4/min, elapsed=19m15s, eta=4h06m38s
Tushare financial backfill progress: 466/6229 (7.5%), fetched=31, empty=407, 
failed=28, inserted_rows=25, rate=23.4/min, elapsed=19m52s, eta=4h05m52s
Tushare financial backfill progress: 475/6229 (7.6%), fetched=31, empty=414, 
failed=30, inserted_rows=25, rate=23.3/min, elapsed=20m24s, eta=4h07m16s
Tushare financial backfill progress: 492/6229 (7.9%), fetched=33, empty=426, 
failed=33, inserted_rows=25, rate=23.4/min, elapsed=21m01s, eta=4h05m13s
Tushare financial backfill progress: 504/6229 (8.1%), fetched=33, empty=437, 
failed=34, inserted_rows=25, rate=23.4/min, elapsed=21m31s, eta=4h04m34s
Tushare financial backfill progress: 514/6229 (8.3%), fetched=34, empty=443, 
failed=37, inserted_rows=25, rate=23.3/min, elapsed=22m02s, eta=4h05m03s
Tushare financial backfill progress: 540/6229 (8.7%), fetched=35, empty=467, 
failed=38, inserted_rows=25, rate=24.0/min, elapsed=22m32s, eta=3h57m30s
Tushare financial backfill progress: 552/6229 (8.9%), fetched=36, empty=475, 
failed=41, inserted_rows=25, rate=23.9/min, elapsed=23m04s, eta=3h57m15s
Tushare financial backfill progress: 575/6229 (9.2%), fetched=40, empty=493, 
failed=42, inserted_rows=28, rate=24.4/min, elapsed=23m34s, eta=3h51m51s
Tushare financial backfill progress: 591/6229 (9.5%), fetched=41, empty=506, 
failed=44, inserted_rows=28, rate=24.5/min, elapsed=24m05s, eta=3h49m50s
Tushare financial backfill progress: 611/6229 (9.8%), fetched=41, empty=526, 
failed=44, inserted_rows=28, rate=24.8/min, elapsed=24m36s, eta=3h46m12s
Tushare financial backfill progress: 624/6229 (10.0%), fetched=41, empty=536, 
failed=47, inserted_rows=28, rate=24.8/min, elapsed=25m10s, eta=3h46m06s
Tushare financial backfill progress: 638/6229 (10.2%), fetched=41, empty=550, 
failed=47, inserted_rows=28, rate=24.8/min, elapsed=25m41s, eta=3h45m06s
Tushare financial backfill progress: 644/6229 (10.3%), fetched=41, empty=553, 
failed=50, inserted_rows=28, rate=24.6/min, elapsed=26m13s, eta=3h47m21s
Tushare financial backfill progress: 658/6229 (10.6%), fetched=41, empty=567, 
failed=50, inserted_rows=28, rate=24.6/min, elapsed=26m43s, eta=3h46m19s
Tushare financial backfill progress: 662/6229 (10.6%), fetched=41, empty=568, 
failed=53, inserted_rows=28, rate=24.2/min, elapsed=27m19s, eta=3h49m47s
Tushare financial backfill progress: 683/6229 (11.0%), fetched=41, empty=588, 
failed=54, inserted_rows=28, rate=24.5/min, elapsed=27m54s, eta=3h46m35s
Tushare financial backfill progress: 688/6229 (11.0%), fetched=41, empty=591, 
failed=56, inserted_rows=28, rate=24.2/min, elapsed=28m24s, eta=3h48m48s
Tushare financial backfill progress: 712/6229 (11.4%), fetched=41, empty=615, 
failed=56, inserted_rows=28, rate=24.6/min, elapsed=28m55s, eta=3h44m10s
Tushare financial backfill progress: 721/6229 (11.6%), fetched=41, empty=622, 
failed=58, inserted_rows=28, rate=24.5/min, elapsed=29m26s, eta=3h44m54s
Tushare financial backfill progress: 753/6229 (12.1%), fetched=48, empty=647, 
failed=58, inserted_rows=30, rate=25.1/min, elapsed=29m56s, eta=3h37m45s
Tushare financial backfill progress: 765/6229 (12.3%), fetched=49, empty=656, 
failed=60, inserted_rows=31, rate=25.1/min, elapsed=30m26s, eta=3h37m27s
Tushare financial backfill progress: 798/6229 (12.8%), fetched=49, empty=688, 
failed=61, inserted_rows=31, rate=25.7/min, elapsed=31m04s, eta=3h31m27s
Tushare financial backfill progress: 813/6229 (13.1%), fetched=49, empty=702, 
failed=62, inserted_rows=31, rate=25.7/min, elapsed=31m35s, eta=3h30m28s
Tushare financial backfill progress: 825/6229 (13.2%), fetched=49, empty=713, 
failed=63, inserted_rows=31, rate=25.7/min, elapsed=32m07s, eta=3h30m23s
Tushare financial backfill progress: 836/6229 (13.4%), fetched=49, empty=723, 
failed=64, inserted_rows=31, rate=25.6/min, elapsed=32m38s, eta=3h30m33s
Tushare financial backfill progress: 846/6229 (13.6%), fetched=49, empty=731, 
failed=66, inserted_rows=31, rate=25.5/min, elapsed=33m12s, eta=3h31m15s
Tushare financial backfill progress: 858/6229 (13.8%), fetched=49, empty=743, 
failed=66, inserted_rows=31, rate=25.4/min, elapsed=33m43s, eta=3h31m09s
Tushare financial backfill progress: 864/6229 (13.9%), fetched=49, empty=746, 
failed=69, inserted_rows=31, rate=25.2/min, elapsed=34m16s, eta=3h32m47s
Tushare financial backfill progress: 878/6229 (14.1%), fetched=49, empty=760, 
failed=69, inserted_rows=31, rate=25.2/min, elapsed=34m47s, eta=3h32m04s
Tushare financial backfill progress: 882/6229 (14.2%), fetched=49, empty=761, 
failed=72, inserted_rows=31, rate=24.9/min, elapsed=35m24s, eta=3h34m37s
Tushare financial backfill progress: 895/6229 (14.4%), fetched=49, empty=773, 
failed=73, inserted_rows=31, rate=24.9/min, elapsed=35m58s, eta=3h34m23s
Tushare financial backfill progress: 901/6229 (14.5%), fetched=49, empty=777, 
failed=75, inserted_rows=31, rate=24.7/min, elapsed=36m30s, eta=3h35m52s
Tushare financial backfill progress: 919/6229 (14.8%), fetched=49, empty=794, 
failed=76, inserted_rows=31, rate=24.8/min, elapsed=37m01s, eta=3h33m57s
Tushare financial backfill progress: 931/6229 (14.9%), fetched=49, empty=804, 
failed=78, inserted_rows=31, rate=24.8/min, elapsed=37m33s, eta=3h33m44s
Tushare financial backfill progress: 951/6229 (15.3%), fetched=49, empty=823, 
failed=79, inserted_rows=31, rate=24.9/min, elapsed=38m10s, eta=3h31m54s
Tushare financial backfill progress: 975/6229 (15.7%), fetched=49, empty=846, 
failed=80, inserted_rows=31, rate=25.2/min, elapsed=38m41s, eta=3h28m29s
Tushare financial backfill progress: 992/6229 (15.9%), fetched=49, empty=861, 
failed=82, inserted_rows=31, rate=25.3/min, elapsed=39m11s, eta=3h26m54s
Tushare financial backfill progress: 1014/6229 (16.3%), fetched=50, empty=881, 
failed=83, inserted_rows=31, rate=25.5/min, elapsed=39m41s, eta=3h24m09s
Tushare financial backfill progress: 1027/6229 (16.5%), fetched=50, empty=891, 
failed=86, inserted_rows=31, rate=25.5/min, elapsed=40m14s, eta=3h23m50s
Tushare financial backfill progress: 1052/6229 (16.9%), fetched=50, empty=916, 
failed=86, inserted_rows=31, rate=25.8/min, elapsed=40m45s, eta=3h20m35s
Tushare financial backfill progress: 1063/6229 (17.1%), fetched=50, empty=924, 
failed=89, inserted_rows=31, rate=25.8/min, elapsed=41m16s, eta=3h20m34s
Tushare financial backfill progress: 1083/6229 (17.4%), fetched=51, empty=943, 
failed=89, inserted_rows=32, rate=25.9/min, elapsed=41m47s, eta=3h18m34s
Tushare financial backfill progress: 1089/6229 (17.5%), fetched=51, empty=946, 
failed=92, inserted_rows=32, rate=25.7/min, elapsed=42m20s, eta=3h19m50s
Tushare financial backfill progress: 1104/6229 (17.7%), fetched=51, empty=961, 
failed=92, inserted_rows=32, rate=25.8/min, elapsed=42m51s, eta=3h18m58s
Tushare financial backfill progress: 1109/6229 (17.8%), fetched=51, empty=963, 
failed=95, inserted_rows=32, rate=25.6/min, elapsed=43m22s, eta=3h20m14s
Tushare financial backfill progress: 1124/6229 (18.0%), fetched=51, empty=978, 
failed=95, inserted_rows=32, rate=25.6/min, elapsed=43m52s, eta=3h19m18s
Tushare financial backfill progress: 1135/6229 (18.2%), fetched=51, empty=986, 
failed=98, inserted_rows=32, rate=25.6/min, elapsed=44m23s, eta=3h19m12s
Tushare financial backfill progress: 1157/6229 (18.6%), fetched=54, empty=1005, 
failed=98, inserted_rows=35, rate=25.8/min, elapsed=44m53s, eta=3h16m49s
Tushare financial backfill progress: 1166/6229 (18.7%), fetched=55, empty=1011, 
failed=100, inserted_rows=35, rate=25.7/min, elapsed=45m25s, eta=3h17m12s
Tushare financial backfill progress: 1196/6229 (19.2%), fetched=56, empty=1040, 
failed=100, inserted_rows=35, rate=26.0/min, elapsed=45m56s, eta=3h13m18s
Tushare financial backfill progress: 1210/6229 (19.4%), fetched=56, empty=1052, 
failed=102, inserted_rows=35, rate=26.0/min, elapsed=46m31s, eta=3h12m58s
Tushare financial backfill progress: 1236/6229 (19.8%), fetched=56, empty=1078, 
failed=102, inserted_rows=35, rate=26.3/min, elapsed=47m02s, eta=3h10m00s
Tushare financial backfill progress: 1252/6229 (20.1%), fetched=56, empty=1093, 
failed=103, inserted_rows=35, rate=26.3/min, elapsed=47m33s, eta=3h09m01s
Tushare financial backfill progress: 1277/6229 (20.5%), fetched=58, empty=1114, 
failed=105, inserted_rows=36, rate=26.5/min, elapsed=48m09s, eta=3h06m45s
Tushare financial backfill progress: 1297/6229 (20.8%), fetched=58, empty=1133, 
failed=106, inserted_rows=36, rate=26.6/min, elapsed=48m40s, eta=3h05m06s
Tushare financial backfill progress: 1307/6229 (21.0%), fetched=58, empty=1141, 
failed=108, inserted_rows=36, rate=26.5/min, elapsed=49m13s, eta=3h05m24s
Tushare financial backfill progress: 1319/6229 (21.2%), fetched=58, empty=1152, 
failed=109, inserted_rows=36, rate=26.5/min, elapsed=49m46s, eta=3h05m16s
Tushare financial backfill progress: 1327/6229 (21.3%), fetched=58, empty=1158, 
failed=111, inserted_rows=36, rate=26.4/min, elapsed=50m16s, eta=3h05m43s
Tushare financial backfill progress: 1339/6229 (21.5%), fetched=58, empty=1170, 
failed=111, inserted_rows=36, rate=26.4/min, elapsed=50m47s, eta=3h05m30s
Tushare financial backfill progress: 1349/6229 (21.7%), fetched=58, empty=1178, 
failed=113, inserted_rows=36, rate=26.3/min, elapsed=51m21s, eta=3h05m46s
Tushare financial backfill progress: 1363/6229 (21.9%), fetched=58, empty=1192, 
failed=113, inserted_rows=36, rate=26.3/min, elapsed=51m52s, eta=3h05m12s
Tushare financial backfill progress: 1370/6229 (22.0%), fetched=58, empty=1197, 
failed=115, inserted_rows=36, rate=26.1/min, elapsed=52m26s, eta=3h06m00s
Tushare financial backfill progress: 1385/6229 (22.2%), fetched=58, empty=1212, 
failed=115, inserted_rows=36, rate=26.1/min, elapsed=52m58s, eta=3h05m16s
Tushare financial backfill progress: 1390/6229 (22.3%), fetched=58, empty=1215, 
failed=117, inserted_rows=36, rate=26.0/min, elapsed=53m29s, eta=3h06m12s
Tushare financial backfill progress: 1406/6229 (22.6%), fetched=58, empty=1230, 
failed=118, inserted_rows=36, rate=26.0/min, elapsed=54m06s, eta=3h05m36s
Tushare financial backfill progress: 1417/6229 (22.7%), fetched=58, empty=1239, 
failed=120, inserted_rows=36, rate=25.9/min, elapsed=54m38s, eta=3h05m32s
Tushare financial backfill progress: 1430/6229 (23.0%), fetched=59, empty=1249, 
failed=122, inserted_rows=36, rate=25.9/min, elapsed=55m14s, eta=3h05m21s
Tushare financial backfill progress: 1450/6229 (23.3%), fetched=59, empty=1268, 
failed=123, inserted_rows=36, rate=26.0/min, elapsed=55m44s, eta=3h03m44s
Tushare financial backfill progress: 1466/6229 (23.5%), fetched=61, empty=1279, 
failed=126, inserted_rows=36, rate=26.0/min, elapsed=56m20s, eta=3h03m04s
Tushare financial backfill progress: 1489/6229 (23.9%), fetched=61, empty=1302, 
failed=126, inserted_rows=36, rate=26.2/min, elapsed=56m52s, eta=3h01m02s
Tushare financial backfill progress: 1499/6229 (24.1%), fetched=61, empty=1309, 
failed=129, inserted_rows=36, rate=26.1/min, elapsed=57m28s, eta=3h01m20s
Tushare financial backfill progress: 1526/6229 (24.5%), fetched=63, empty=1334, 
failed=129, inserted_rows=36, rate=26.3/min, elapsed=57m58s, eta=2h58m39s
Tushare financial backfill progress: 1530/6229 (24.6%), fetched=63, empty=1335, 
failed=132, inserted_rows=36, rate=26.2/min, elapsed=58m29s, eta=2h59m37s
Tushare financial backfill progress: 1553/6229 (24.9%), fetched=65, empty=1356, 
failed=132, inserted_rows=37, rate=26.3/min, elapsed=58m59s, eta=2h57m37s
Tushare financial backfill progress: 1560/6229 (25.0%), fetched=65, empty=1361, 
failed=134, inserted_rows=37, rate=26.2/min, elapsed=59m33s, eta=2h58m14s
Tushare financial backfill progress: 1574/6229 (25.3%), fetched=65, empty=1375, 
failed=134, inserted_rows=37, rate=26.2/min, elapsed=1h00m03s, eta=2h57m37s
Tushare financial backfill progress: 1582/6229 (25.4%), fetched=65, empty=1381, 
failed=136, inserted_rows=37, rate=26.1/min, elapsed=1h00m34s, eta=2h57m55s
Tushare financial backfill progress: 1601/6229 (25.7%), fetched=67, empty=1398, 
failed=136, inserted_rows=39, rate=26.2/min, elapsed=1h01m04s, eta=2h56m32s
Tushare financial backfill progress: 1611/6229 (25.9%), fetched=67, empty=1406, 
failed=138, inserted_rows=39, rate=26.2/min, elapsed=1h01m35s, eta=2h56m32s
Tushare financial backfill progress: 1626/6229 (26.1%), fetched=67, empty=1420, 
failed=139, inserted_rows=39, rate=26.2/min, elapsed=1h02m06s, eta=2h55m49s
Tushare financial backfill progress: 1638/6229 (26.3%), fetched=67, empty=1430, 
failed=141, inserted_rows=39, rate=26.2/min, elapsed=1h02m37s, eta=2h55m30s
Tushare financial backfill progress: 1661/6229 (26.7%), fetched=67, empty=1452, 
failed=142, inserted_rows=39, rate=26.3/min, elapsed=1h03m09s, eta=2h53m41s
Tushare financial backfill progress: 1676/6229 (26.9%), fetched=67, empty=1465, 
failed=144, inserted_rows=39, rate=26.3/min, elapsed=1h03m39s, eta=2h52m56s
Tushare financial backfill progress: 1698/6229 (27.3%), fetched=67, empty=1485, 
failed=146, inserted_rows=39, rate=26.4/min, elapsed=1h04m15s, eta=2h51m27s
Tushare financial backfill progress: 1717/6229 (27.6%), fetched=67, empty=1503, 
failed=147, inserted_rows=39, rate=26.5/min, elapsed=1h04m45s, eta=2h50m11s
Tushare financial backfill progress: 1733/6229 (27.8%), fetched=67, empty=1517, 
failed=149, inserted_rows=39, rate=26.6/min, elapsed=1h05m16s, eta=2h49m20s
Tushare financial backfill progress: 1756/6229 (28.2%), fetched=70, empty=1536, 
failed=150, inserted_rows=39, rate=26.7/min, elapsed=1h05m46s, eta=2h47m32s
Tushare financial backfill progress: 1773/6229 (28.5%), fetched=70, empty=1550, 
failed=153, inserted_rows=39, rate=26.7/min, elapsed=1h06m22s, eta=2h46m47s
Tushare financial backfill progress: 1799/6229 (28.9%), fetched=70, empty=1576, 
failed=153, inserted_rows=39, rate=26.9/min, elapsed=1h06m52s, eta=2h44m40s
Tushare financial backfill progress: 1812/6229 (29.1%), fetched=70, empty=1586, 
failed=156, inserted_rows=39, rate=26.9/min, elapsed=1h07m23s, eta=2h44m16s
Tushare financial backfill progress: 1827/6229 (29.3%), fetched=72, empty=1599, 
failed=156, inserted_rows=40, rate=26.9/min, elapsed=1h07m55s, eta=2h43m38s
Tushare financial backfill progress: 1837/6229 (29.5%), fetched=72, empty=1608, 
failed=157, inserted_rows=40, rate=26.8/min, elapsed=1h08m29s, eta=2h43m46s
Tushare financial backfill progress: 1851/6229 (29.7%), fetched=72, empty=1622, 
failed=157, inserted_rows=40, rate=26.8/min, elapsed=1h09m01s, eta=2h43m14s
Tushare financial backfill progress: 1858/6229 (29.8%), fetched=72, empty=1627, 
failed=159, inserted_rows=40, rate=26.7/min, elapsed=1h09m31s, eta=2h43m34s
Tushare financial backfill progress: 1873/6229 (30.1%), fetched=72, empty=1641, 
failed=160, inserted_rows=40, rate=26.7/min, elapsed=1h10m09s, eta=2h43m11s
Tushare financial backfill progress: 1881/6229 (30.2%), fetched=72, empty=1647, 
failed=162, inserted_rows=40, rate=26.6/min, elapsed=1h10m40s, eta=2h43m21s
Tushare financial backfill progress: 1892/6229 (30.4%), fetched=72, empty=1656, 
failed=164, inserted_rows=40, rate=26.5/min, elapsed=1h11m17s, eta=2h43m25s
Tushare financial backfill progress: 1902/6229 (30.5%), fetched=72, empty=1665, 
failed=165, inserted_rows=40, rate=26.5/min, elapsed=1h11m48s, eta=2h43m22s
Tushare financial backfill progress: 1910/6229 (30.7%), fetched=72, empty=1670, 
failed=168, inserted_rows=40, rate=26.4/min, elapsed=1h12m25s, eta=2h43m46s
Tushare financial backfill progress: 1932/6229 (31.0%), fetched=74, empty=1690, 
failed=168, inserted_rows=40, rate=26.5/min, elapsed=1h12m55s, eta=2h42m12s
Tushare financial backfill progress: 1938/6229 (31.1%), fetched=74, empty=1693, 
failed=171, inserted_rows=40, rate=26.4/min, elapsed=1h13m26s, eta=2h42m37s
Tushare financial backfill progress: 1957/6229 (31.4%), fetched=74, empty=1712, 
failed=171, inserted_rows=40, rate=26.5/min, elapsed=1h13m57s, eta=2h41m26s
Tushare financial backfill progress: 1975/6229 (31.7%), fetched=74, empty=1728, 
failed=173, inserted_rows=40, rate=26.5/min, elapsed=1h14m33s, eta=2h40m35s
Tushare financial backfill progress: 2008/6229 (32.2%), fetched=74, empty=1761, 
failed=173, inserted_rows=40, rate=26.7/min, elapsed=1h15m03s, eta=2h37m47s
Tushare financial backfill progress: 2025/6229 (32.5%), fetched=74, empty=1776, 
failed=175, inserted_rows=40, rate=26.8/min, elapsed=1h15m35s, eta=2h36m55s
Tushare financial backfill progress: 2057/6229 (33.0%), fetched=82, empty=1800, 
failed=175, inserted_rows=43, rate=27.0/min, elapsed=1h16m07s, eta=2h34m22s
Tushare financial backfill progress: 2071/6229 (33.2%), fetched=83, empty=1811, 
failed=177, inserted_rows=43, rate=27.0/min, elapsed=1h16m37s, eta=2h33m51s
Tushare financial backfill progress: 2084/6229 (33.5%), fetched=84, empty=1823, 
failed=177, inserted_rows=44, rate=26.9/min, elapsed=1h17m24s, eta=2h33m58s
Tushare financial backfill progress: 2114/6229 (33.9%), fetched=91, empty=1846, 
failed=177, inserted_rows=44, rate=27.1/min, elapsed=1h17m55s, eta=2h31m41s
Tushare financial backfill progress: 2124/6229 (34.1%), fetched=92, empty=1853, 
failed=179, inserted_rows=44, rate=27.0/min, elapsed=1h18m32s, eta=2h31m48s
Tushare financial backfill progress: 2138/6229 (34.3%), fetched=92, empty=1866, 
failed=180, inserted_rows=44, rate=27.0/min, elapsed=1h19m10s, eta=2h31m30s
Tushare financial backfill progress: 2145/6229 (34.4%), fetched=92, empty=1871, 
failed=182, inserted_rows=44, rate=26.9/min, elapsed=1h19m42s, eta=2h31m45s
Tushare financial backfill progress: 2156/6229 (34.6%), fetched=92, empty=1880, 
failed=184, inserted_rows=44, rate=26.8/min, elapsed=1h20m20s, eta=2h31m47s
Tushare financial backfill progress: 2166/6229 (34.8%), fetched=92, empty=1889, 
failed=185, inserted_rows=44, rate=26.8/min, elapsed=1h20m51s, eta=2h31m41s
Tushare financial backfill progress: 2180/6229 (35.0%), fetched=93, empty=1901, 
failed=186, inserted_rows=44, rate=26.8/min, elapsed=1h21m25s, eta=2h31m14s
Tushare financial backfill progress: 2198/6229 (35.3%), fetched=95, empty=1916, 
failed=187, inserted_rows=44, rate=26.8/min, elapsed=1h21m56s, eta=2h30m16s
Tushare financial backfill progress: 2217/6229 (35.6%), fetched=103, empty=1926,
failed=188, inserted_rows=44, rate=26.9/min, elapsed=1h22m30s, eta=2h29m18s
Tushare financial backfill progress: 2243/6229 (36.0%), fetched=122, empty=1933,
failed=188, inserted_rows=47, rate=27.0/min, elapsed=1h23m01s, eta=2h27m32s
Tushare financial backfill progress: 2259/6229 (36.3%), fetched=124, empty=1945,
failed=190, inserted_rows=47, rate=27.0/min, elapsed=1h23m32s, eta=2h26m49s
Tushare financial backfill progress: 2287/6229 (36.7%), fetched=125, empty=1972,
failed=190, inserted_rows=48, rate=27.2/min, elapsed=1h24m03s, eta=2h24m53s
Tushare financial backfill progress: 2299/6229 (36.9%), fetched=125, empty=1982,
failed=192, inserted_rows=48, rate=27.2/min, elapsed=1h24m34s, eta=2h24m34s
Tushare financial backfill progress: 2323/6229 (37.3%), fetched=129, empty=2002,
failed=192, inserted_rows=48, rate=27.3/min, elapsed=1h25m06s, eta=2h23m05s
Traceback (most recent call last):
  File "<frozen runpy>", line 198, in _run_module_as_main
  File "<frozen runpy>", line 88, in _run_code
  File "/home/zj/workspace/stok-mapping/phase0/cli.py", line 1632, in <module>
    raise SystemExit(main())
                     ~~~~^^
  File "/home/zj/workspace/stok-mapping/phase0/cli.py", line 1500, in main
    result = backfill_tushare_financials_from_config(
        config_path,
    ...<13 lines>...
        progress_callback=lambda progress: _print_tushare_financial_progress(console, progress),
    )
  File "/home/zj/workspace/stok-mapping/phase0/tushare_history_backfill.py", line 1449, in backfill_tushare_financials_from_config
    _mark_financial_missing_field_task(
    ~~~~~~~~~~~~~~~~~~~~~~~~~~~~~~~~~~^
        conn,
        ^^^^^
    ...<4 lines>...
        missing_fields=task_missing_fields,
        ^^^^^^^^^^^^^^^^^^^^^^^^^^^^^^^^^^^
    )
    ^
  File "/home/zj/workspace/stok-mapping/phase0/tushare_history_backfill.py", line 709, in _mark_financial_missing_field_task
    conn.execute(
    ~~~~~~~~~~~~^
        f"""
        ^^^^
    ...<5 lines>...
        tuple(params),
        ^^^^^^^^^^^^^^
    )
    ^
sqlite3.OperationalError: database is locked
