Tushare financial backfill started
Tushare financial backfill selected: 0/6003 (0.0%), fetched=0, empty=0, 
failed=0, inserted_rows=0, rate=0.0/min, elapsed=0s, eta=unknown
Tushare financial backfill progress: 6/6003 (0.1%), fetched=1, empty=2, 
failed=3, inserted_rows=1, rate=10.9/min, elapsed=32s, eta=9h09m26s
Tushare financial backfill progress: 8/6003 (0.1%), fetched=1, empty=4, 
failed=3, inserted_rows=1, rate=6.5/min, elapsed=1m13s, eta=15h15m26s
Tushare financial backfill progress: 17/6003 (0.3%), fetched=1, empty=13, 
failed=3, inserted_rows=1, rate=9.5/min, elapsed=1m46s, eta=10h27m05s
Tushare financial backfill progress: 23/6003 (0.4%), fetched=1, empty=17, 
failed=5, inserted_rows=1, rate=9.8/min, elapsed=2m21s, eta=10h12m20s
Tushare financial backfill progress: 32/6003 (0.5%), fetched=1, empty=26, 
failed=5, inserted_rows=1, rate=11.0/min, elapsed=2m54s, eta=9h03m06s
Tushare financial backfill progress: 36/6003 (0.6%), fetched=1, empty=27, 
failed=8, inserted_rows=1, rate=10.6/min, elapsed=3m24s, eta=9h25m26s
Tushare financial backfill progress: 44/6003 (0.7%), fetched=1, empty=34, 
failed=9, inserted_rows=1, rate=11.0/min, elapsed=4m00s, eta=9h02m50s
Tushare financial backfill progress: 50/6003 (0.8%), fetched=2, empty=36, 
failed=12, inserted_rows=1, rate=10.9/min, elapsed=4m34s, eta=9h03m47s
Tushare financial backfill progress: 56/6003 (0.9%), fetched=2, empty=41, 
failed=13, inserted_rows=1, rate=11.0/min, elapsed=5m04s, eta=8h59m03s
Tushare financial backfill progress: 62/6003 (1.0%), fetched=2, empty=45, 
failed=15, inserted_rows=1, rate=11.1/min, elapsed=5m36s, eta=8h56m43s
Tushare financial backfill progress: 70/6003 (1.2%), fetched=2, empty=52, 
failed=16, inserted_rows=1, rate=11.2/min, elapsed=6m14s, eta=8h49m08s
Tushare financial backfill progress: 77/6003 (1.3%), fetched=3, empty=57, 
failed=17, inserted_rows=1, rate=11.4/min, elapsed=6m44s, eta=8h39m10s
Tushare financial backfill progress: 84/6003 (1.4%), fetched=3, empty=63, 
failed=18, inserted_rows=1, rate=11.5/min, elapsed=7m19s, eta=8h35m48s
Tushare financial backfill progress: 92/6003 (1.5%), fetched=3, empty=70, 
failed=19, inserted_rows=1, rate=11.7/min, elapsed=7m50s, eta=8h23m59s
Tushare financial backfill progress: 95/6003 (1.6%), fetched=3, empty=73, 
failed=19, inserted_rows=1, rate=11.1/min, elapsed=8m35s, eta=8h54m04s
Tushare financial backfill progress: 104/6003 (1.7%), fetched=3, empty=82, 
failed=19, inserted_rows=1, rate=11.4/min, elapsed=9m07s, eta=8h37m37s
Tushare financial backfill progress: 110/6003 (1.8%), fetched=4, empty=84, 
failed=22, inserted_rows=1, rate=11.4/min, elapsed=9m39s, eta=8h37m10s
Tushare financial backfill progress: 117/6003 (1.9%), fetched=4, empty=90, 
failed=23, inserted_rows=1, rate=11.4/min, elapsed=10m13s, eta=8h34m35s
Tushare financial backfill progress: 124/6003 (2.1%), fetched=4, empty=95, 
failed=25, inserted_rows=1, rate=11.5/min, elapsed=10m45s, eta=8h30m01s
Tushare financial backfill progress: 130/6003 (2.2%), fetched=4, empty=98, 
failed=28, inserted_rows=1, rate=11.4/min, elapsed=11m21s, eta=8h32m57s
Tushare financial backfill progress: 138/6003 (2.3%), fetched=5, empty=104, 
failed=29, inserted_rows=1, rate=11.6/min, elapsed=11m54s, eta=8h26m20s
Tushare financial backfill progress: 143/6003 (2.4%), fetched=6, empty=105, 
failed=32, inserted_rows=1, rate=11.5/min, elapsed=12m26s, eta=8h29m48s
Tushare financial backfill progress: 151/6003 (2.5%), fetched=7, empty=111, 
failed=33, inserted_rows=1, rate=11.6/min, elapsed=12m58s, eta=8h22m58s
Tushare financial backfill progress: 156/6003 (2.6%), fetched=7, empty=113, 
failed=36, inserted_rows=1, rate=11.5/min, elapsed=13m36s, eta=8h29m56s
Tushare financial backfill progress: 165/6003 (2.7%), fetched=7, empty=122, 
failed=36, inserted_rows=1, rate=11.6/min, elapsed=14m09s, eta=8h21m10s
Tushare financial backfill progress: 170/6003 (2.8%), fetched=7, empty=124, 
failed=39, inserted_rows=1, rate=11.6/min, elapsed=14m40s, eta=8h23m39s
Tushare financial backfill progress: 178/6003 (3.0%), fetched=7, empty=131, 
failed=40, inserted_rows=1, rate=11.6/min, elapsed=15m19s, eta=8h21m21s
Tushare financial backfill progress: 185/6003 (3.1%), fetched=7, empty=136, 
failed=42, inserted_rows=1, rate=11.7/min, elapsed=15m52s, eta=8h19m11s
Tushare financial backfill progress: 191/6003 (3.2%), fetched=7, empty=140, 
failed=44, inserted_rows=1, rate=11.6/min, elapsed=16m26s, eta=8h20m20s
Tushare financial backfill progress: 199/6003 (3.3%), fetched=7, empty=147, 
failed=45, inserted_rows=1, rate=11.7/min, elapsed=16m59s, eta=8h15m35s
Tushare financial backfill progress: 203/6003 (3.4%), fetched=7, empty=148, 
failed=48, inserted_rows=1, rate=11.6/min, elapsed=17m30s, eta=8h20m07s
Tushare financial backfill progress: 211/6003 (3.5%), fetched=7, empty=156, 
failed=48, inserted_rows=1, rate=11.7/min, elapsed=18m04s, eta=8h15m56s
Tushare financial backfill progress: 215/6003 (3.6%), fetched=7, empty=156, 
failed=52, inserted_rows=1, rate=11.5/min, elapsed=18m37s, eta=8h21m31s
Tushare financial backfill progress: 224/6003 (3.7%), fetched=7, empty=165, 
failed=52, inserted_rows=1, rate=11.7/min, elapsed=19m11s, eta=8h15m06s
Tushare financial backfill progress: 229/6003 (3.8%), fetched=7, empty=168, 
failed=54, inserted_rows=1, rate=11.6/min, elapsed=19m42s, eta=8h17m03s
Tushare financial backfill progress: 237/6003 (3.9%), fetched=7, empty=176, 
failed=54, inserted_rows=1, rate=11.7/min, elapsed=20m14s, eta=8h12m29s
Tushare financial backfill progress: 242/6003 (4.0%), fetched=7, empty=179, 
failed=56, inserted_rows=1, rate=11.6/min, elapsed=20m46s, eta=8h14m43s
Tushare financial backfill progress: 250/6003 (4.2%), fetched=7, empty=187, 
failed=56, inserted_rows=1, rate=11.7/min, elapsed=21m18s, eta=8h10m29s
Tushare financial backfill progress: 256/6003 (4.3%), fetched=7, empty=191, 
failed=58, inserted_rows=1, rate=11.7/min, elapsed=21m50s, eta=8h10m21s
Tushare financial backfill progress: 264/6003 (4.4%), fetched=8, empty=197, 
failed=59, inserted_rows=1, rate=11.7/min, elapsed=22m28s, eta=8h08m41s
Tushare financial backfill progress: 271/6003 (4.5%), fetched=8, empty=203, 
failed=60, inserted_rows=1, rate=11.8/min, elapsed=22m59s, eta=8h06m17s
Tushare financial backfill progress: 277/6003 (4.6%), fetched=8, empty=207, 
failed=62, inserted_rows=1, rate=11.8/min, elapsed=23m33s, eta=8h06m59s
Tushare financial backfill progress: 285/6003 (4.7%), fetched=9, empty=214, 
failed=62, inserted_rows=1, rate=11.8/min, elapsed=24m05s, eta=8h03m25s
Tushare financial backfill progress: 290/6003 (4.8%), fetched=9, empty=215, 
failed=66, inserted_rows=1, rate=11.8/min, elapsed=24m39s, eta=8h05m52s
Tushare financial backfill progress: 299/6003 (5.0%), fetched=9, empty=223, 
failed=67, inserted_rows=1, rate=11.8/min, elapsed=25m18s, eta=8h02m45s
Tushare financial backfill progress: 305/6003 (5.1%), fetched=9, empty=226, 
failed=70, inserted_rows=1, rate=11.8/min, elapsed=25m48s, eta=8h02m16s
Tushare financial backfill progress: 311/6003 (5.2%), fetched=9, empty=231, 
failed=71, inserted_rows=1, rate=11.8/min, elapsed=26m19s, eta=8h01m43s
Tushare financial backfill progress: 317/6003 (5.3%), fetched=9, empty=234, 
failed=74, inserted_rows=1, rate=11.8/min, elapsed=26m49s, eta=8h01m13s
Tushare financial backfill progress: 324/6003 (5.4%), fetched=9, empty=240, 
failed=75, inserted_rows=1, rate=11.8/min, elapsed=27m23s, eta=8h00m15s
Tushare financial backfill progress: 331/6003 (5.5%), fetched=9, empty=245, 
failed=77, inserted_rows=1, rate=11.8/min, elapsed=27m57s, eta=7h59m06s
Tushare financial backfill progress: 338/6003 (5.6%), fetched=9, empty=251, 
failed=78, inserted_rows=1, rate=11.8/min, elapsed=28m32s, eta=7h58m14s
Tushare financial backfill progress: 346/6003 (5.8%), fetched=9, empty=258, 
failed=79, inserted_rows=1, rate=11.9/min, elapsed=29m05s, eta=7h55m44s
Tushare financial backfill progress: 351/6003 (5.8%), fetched=9, empty=260, 
failed=82, inserted_rows=1, rate=11.8/min, elapsed=29m38s, eta=7h57m26s
Tushare financial backfill progress: 359/6003 (6.0%), fetched=9, empty=268, 
failed=82, inserted_rows=1, rate=11.9/min, elapsed=30m11s, eta=7h54m34s
Tushare financial backfill progress: 363/6003 (6.0%), fetched=9, empty=268, 
failed=86, inserted_rows=1, rate=11.8/min, elapsed=30m41s, eta=7h56m54s
Tushare financial backfill progress: 372/6003 (6.2%), fetched=9, empty=277, 
failed=86, inserted_rows=1, rate=11.9/min, elapsed=31m14s, eta=7h52m54s
Tushare financial backfill progress: 376/6003 (6.3%), fetched=9, empty=278, 
failed=89, inserted_rows=1, rate=11.8/min, elapsed=31m44s, eta=7h55m06s
Tushare financial backfill progress: 385/6003 (6.4%), fetched=9, empty=286, 
failed=90, inserted_rows=1, rate=11.9/min, elapsed=32m23s, eta=7h52m45s
Tushare financial backfill progress: 391/6003 (6.5%), fetched=9, empty=290, 
failed=92, inserted_rows=1, rate=11.9/min, elapsed=32m54s, eta=7h52m13s
Tushare financial backfill progress: 397/6003 (6.6%), fetched=9, empty=295, 
failed=93, inserted_rows=1, rate=11.9/min, elapsed=33m24s, eta=7h51m41s
Tushare financial backfill progress: 403/6003 (6.7%), fetched=10, empty=298, 
failed=95, inserted_rows=1, rate=11.9/min, elapsed=33m54s, eta=7h51m14s
Tushare financial backfill progress: 410/6003 (6.8%), fetched=10, empty=304, 
failed=96, inserted_rows=1, rate=11.9/min, elapsed=34m29s, eta=7h50m27s
Tushare financial backfill progress: 417/6003 (6.9%), fetched=10, empty=310, 
failed=97, inserted_rows=1, rate=11.9/min, elapsed=35m02s, eta=7h49m23s
Tushare financial backfill progress: 423/6003 (7.0%), fetched=10, empty=315, 
failed=98, inserted_rows=1, rate=11.9/min, elapsed=35m32s, eta=7h48m54s
Tushare financial backfill progress: 431/6003 (7.2%), fetched=10, empty=322, 
failed=99, inserted_rows=1, rate=11.9/min, elapsed=36m05s, eta=7h46m42s
Tushare financial backfill progress: 437/6003 (7.3%), fetched=10, empty=327, 
failed=100, inserted_rows=1, rate=11.9/min, elapsed=36m36s, eta=7h46m16s
Tushare financial backfill progress: 445/6003 (7.4%), fetched=11, empty=334, 
failed=100, inserted_rows=1, rate=12.0/min, elapsed=37m09s, eta=7h44m00s
Tushare financial backfill progress: 451/6003 (7.5%), fetched=11, empty=339, 
failed=101, inserted_rows=1, rate=12.0/min, elapsed=37m39s, eta=7h43m35s
Tushare financial backfill progress: 459/6003 (7.6%), fetched=11, empty=347, 
failed=101, inserted_rows=1, rate=12.0/min, elapsed=38m12s, eta=7h41m26s
Tushare financial backfill progress: 463/6003 (7.7%), fetched=11, empty=348, 
failed=104, inserted_rows=1, rate=12.0/min, elapsed=38m42s, eta=7h43m08s
Tushare financial backfill progress: 472/6003 (7.9%), fetched=11, empty=357, 
failed=104, inserted_rows=1, rate=12.0/min, elapsed=39m15s, eta=7h39m56s
Tushare financial backfill progress: 477/6003 (7.9%), fetched=11, empty=359, 
failed=107, inserted_rows=1, rate=12.0/min, elapsed=39m46s, eta=7h40m47s
Tushare financial backfill progress: 486/6003 (8.1%), fetched=11, empty=368, 
failed=107, inserted_rows=1, rate=12.0/min, elapsed=40m20s, eta=7h37m57s
Tushare financial backfill progress: 492/6003 (8.2%), fetched=11, empty=372, 
failed=109, inserted_rows=1, rate=12.0/min, elapsed=40m54s, eta=7h38m08s
Tushare financial backfill progress: 500/6003 (8.3%), fetched=11, empty=380, 
failed=109, inserted_rows=1, rate=12.1/min, elapsed=41m25s, eta=7h35m58s
Tushare financial backfill progress: 506/6003 (8.4%), fetched=12, empty=383, 
failed=111, inserted_rows=1, rate=12.1/min, elapsed=41m58s, eta=7h35m57s
Tushare financial backfill progress: 513/6003 (8.5%), fetched=13, empty=388, 
failed=112, inserted_rows=1, rate=12.1/min, elapsed=42m32s, eta=7h35m19s
Tushare financial backfill progress: 521/6003 (8.7%), fetched=13, empty=394, 
failed=114, inserted_rows=1, rate=12.1/min, elapsed=43m06s, eta=7h33m35s
Tushare financial backfill progress: 527/6003 (8.8%), fetched=13, empty=397, 
failed=117, inserted_rows=1, rate=12.1/min, elapsed=43m42s, eta=7h34m13s
Tushare financial backfill progress: 535/6003 (8.9%), fetched=13, empty=405, 
failed=117, inserted_rows=1, rate=12.1/min, elapsed=44m14s, eta=7h32m06s
Tushare financial backfill progress: 540/6003 (9.0%), fetched=13, empty=407, 
failed=120, inserted_rows=1, rate=12.1/min, elapsed=44m48s, eta=7h33m17s
Tushare financial backfill progress: 549/6003 (9.1%), fetched=13, empty=416, 
failed=120, inserted_rows=1, rate=12.1/min, elapsed=45m20s, eta=7h30m31s
Tushare financial backfill progress: 553/6003 (9.2%), fetched=13, empty=417, 
failed=123, inserted_rows=1, rate=12.1/min, elapsed=45m51s, eta=7h31m54s
Tushare financial backfill progress: 562/6003 (9.4%), fetched=13, empty=425, 
failed=124, inserted_rows=1, rate=12.1/min, elapsed=46m29s, eta=7h30m09s
Tushare financial backfill progress: 569/6003 (9.5%), fetched=13, empty=430, 
failed=126, inserted_rows=1, rate=12.1/min, elapsed=47m02s, eta=7h29m15s
Tushare financial backfill progress: 575/6003 (9.6%), fetched=13, empty=434, 
failed=128, inserted_rows=1, rate=12.1/min, elapsed=47m35s, eta=7h29m11s
Tushare financial backfill progress: 583/6003 (9.7%), fetched=13, empty=441, 
failed=129, inserted_rows=1, rate=12.1/min, elapsed=48m08s, eta=7h27m36s
Tushare financial backfill progress: 588/6003 (9.8%), fetched=13, empty=443, 
failed=132, inserted_rows=1, rate=12.1/min, elapsed=48m44s, eta=7h28m47s
Tushare financial backfill progress: 597/6003 (9.9%), fetched=13, empty=452, 
failed=132, inserted_rows=1, rate=12.1/min, elapsed=49m17s, eta=7h26m22s
Tushare financial backfill progress: 602/6003 (10.0%), fetched=13, empty=455, 
failed=134, inserted_rows=1, rate=12.1/min, elapsed=49m51s, eta=7h27m21s
Tushare financial backfill progress: 611/6003 (10.2%), fetched=13, empty=464, 
failed=134, inserted_rows=1, rate=12.1/min, elapsed=50m25s, eta=7h24m56s
Tushare financial backfill progress: 616/6003 (10.3%), fetched=13, empty=467, 
failed=136, inserted_rows=1, rate=12.1/min, elapsed=50m55s, eta=7h25m17s
Tushare financial backfill progress: 625/6003 (10.4%), fetched=13, empty=475, 
failed=137, inserted_rows=1, rate=12.1/min, elapsed=51m35s, eta=7h23m55s
Tushare financial backfill progress: 632/6003 (10.5%), fetched=13, empty=481, 
failed=138, inserted_rows=1, rate=12.1/min, elapsed=52m08s, eta=7h23m10s
Tushare financial backfill progress: 637/6003 (10.6%), fetched=13, empty=484, 
failed=140, inserted_rows=1, rate=12.1/min, elapsed=52m38s, eta=7h23m30s
Tushare financial backfill progress: 645/6003 (10.7%), fetched=13, empty=491, 
failed=141, inserted_rows=1, rate=12.1/min, elapsed=53m12s, eta=7h21m58s
Tushare financial backfill progress: 650/6003 (10.8%), fetched=13, empty=493, 
failed=144, inserted_rows=1, rate=12.1/min, elapsed=53m46s, eta=7h22m53s
Tushare financial backfill progress: 659/6003 (11.0%), fetched=13, empty=502, 
failed=144, inserted_rows=1, rate=12.1/min, elapsed=54m20s, eta=7h20m38s
Tushare financial backfill progress: 664/6003 (11.1%), fetched=13, empty=504, 
failed=147, inserted_rows=1, rate=12.1/min, elapsed=54m51s, eta=7h21m09s
Tushare financial backfill progress: 672/6003 (11.2%), fetched=13, empty=511, 
failed=148, inserted_rows=1, rate=12.1/min, elapsed=55m30s, eta=7h20m18s
Tushare financial backfill progress: 679/6003 (11.3%), fetched=13, empty=516, 
failed=150, inserted_rows=1, rate=12.1/min, elapsed=56m03s, eta=7h19m34s
Tushare financial backfill progress: 685/6003 (11.4%), fetched=13, empty=520, 
failed=152, inserted_rows=1, rate=12.1/min, elapsed=56m35s, eta=7h19m18s
Tushare financial backfill progress: 692/6003 (11.5%), fetched=15, empty=524, 
failed=153, inserted_rows=1, rate=12.1/min, elapsed=57m06s, eta=7h18m15s
Tushare financial backfill progress: 698/6003 (11.6%), fetched=15, empty=528, 
failed=155, inserted_rows=1, rate=12.1/min, elapsed=57m38s, eta=7h18m09s
Tushare financial backfill progress: 705/6003 (11.7%), fetched=15, empty=534, 
failed=156, inserted_rows=1, rate=12.1/min, elapsed=58m09s, eta=7h17m06s
Tushare financial backfill progress: 712/6003 (11.9%), fetched=15, empty=540, 
failed=157, inserted_rows=1, rate=12.1/min, elapsed=58m44s, eta=7h16m29s
Tushare financial backfill progress: 720/6003 (12.0%), fetched=15, empty=548, 
failed=157, inserted_rows=1, rate=12.1/min, elapsed=59m17s, eta=7h15m00s
Tushare financial backfill progress: 726/6003 (12.1%), fetched=15, empty=552, 
failed=159, inserted_rows=1, rate=12.1/min, elapsed=59m52s, eta=7h15m12s
Tushare financial backfill progress: 735/6003 (12.2%), fetched=15, empty=560, 
failed=160, inserted_rows=1, rate=12.1/min, elapsed=1h00m31s, eta=7h13m47s
Tushare financial backfill progress: 742/6003 (12.4%), fetched=15, empty=565, 
failed=162, inserted_rows=1, rate=12.1/min, elapsed=1h01m04s, eta=7h13m03s
Tushare financial backfill progress: 748/6003 (12.5%), fetched=15, empty=569, 
failed=164, inserted_rows=1, rate=12.1/min, elapsed=1h01m37s, eta=7h12m58s
Tushare financial backfill progress: 755/6003 (12.6%), fetched=15, empty=575, 
failed=165, inserted_rows=1, rate=12.1/min, elapsed=1h02m09s, eta=7h12m01s
Tushare financial backfill progress: 761/6003 (12.7%), fetched=15, empty=578, 
failed=168, inserted_rows=1, rate=12.1/min, elapsed=1h02m43s, eta=7h12m03s
Tushare financial backfill progress: 769/6003 (12.8%), fetched=16, empty=584, 
failed=169, inserted_rows=1, rate=12.2/min, elapsed=1h03m14s, eta=7h10m27s
Tushare financial backfill progress: 774/6003 (12.9%), fetched=16, empty=585, 
failed=173, inserted_rows=1, rate=12.1/min, elapsed=1h03m50s, eta=7h11m17s
Tushare financial backfill progress: 783/6003 (13.0%), fetched=16, empty=594, 
failed=173, inserted_rows=1, rate=12.2/min, elapsed=1h04m23s, eta=7h09m14s
Tushare financial backfill progress: 788/6003 (13.1%), fetched=16, empty=597, 
failed=175, inserted_rows=1, rate=12.1/min, elapsed=1h04m55s, eta=7h09m39s
Tushare financial backfill progress: 797/6003 (13.3%), fetched=19, empty=603, 
failed=175, inserted_rows=3, rate=12.2/min, elapsed=1h05m28s, eta=7h07m39s
Tushare financial backfill progress: 803/6003 (13.4%), fetched=19, empty=607, 
failed=177, inserted_rows=3, rate=12.2/min, elapsed=1h06m01s, eta=7h07m30s
Tushare financial backfill progress: 811/6003 (13.5%), fetched=19, empty=615, 
failed=177, inserted_rows=3, rate=12.2/min, elapsed=1h06m34s, eta=7h06m11s
Tushare financial backfill progress: 818/6003 (13.6%), fetched=19, empty=620, 
failed=179, inserted_rows=3, rate=12.2/min, elapsed=1h07m07s, eta=7h05m30s
Tushare financial backfill progress: 820/6003 (13.7%), fetched=19, empty=622, 
failed=179, inserted_rows=3, rate=12.1/min, elapsed=1h07m47s, eta=7h08m29s
Tushare financial backfill progress: 829/6003 (13.8%), fetched=19, empty=631, 
failed=179, inserted_rows=3, rate=12.1/min, elapsed=1h08m20s, eta=7h06m32s
Tushare financial backfill progress: 834/6003 (13.9%), fetched=19, empty=633, 
failed=182, inserted_rows=3, rate=12.1/min, elapsed=1h08m51s, eta=7h06m48s
Tushare financial backfill progress: 843/6003 (14.0%), fetched=19, empty=642, 
failed=182, inserted_rows=3, rate=12.1/min, elapsed=1h09m24s, eta=7h04m51s
Tushare financial backfill progress: 847/6003 (14.1%), fetched=19, empty=643, 
failed=185, inserted_rows=3, rate=12.1/min, elapsed=1h09m55s, eta=7h05m41s
Tushare financial backfill progress: 856/6003 (14.3%), fetched=20, empty=650, 
failed=186, inserted_rows=3, rate=12.1/min, elapsed=1h10m35s, eta=7h04m29s
Tushare financial backfill progress: 863/6003 (14.4%), fetched=20, empty=655, 
failed=188, inserted_rows=3, rate=12.1/min, elapsed=1h11m09s, eta=7h03m47s
Tushare financial backfill progress: 871/6003 (14.5%), fetched=20, empty=662, 
failed=189, inserted_rows=3, rate=12.1/min, elapsed=1h11m47s, eta=7h03m00s
Tushare financial backfill progress: 879/6003 (14.6%), fetched=20, empty=670, 
failed=189, inserted_rows=3, rate=12.1/min, elapsed=1h12m21s, eta=7h01m45s
Tushare financial backfill progress: 885/6003 (14.7%), fetched=20, empty=675, 
failed=190, inserted_rows=3, rate=12.1/min, elapsed=1h12m51s, eta=7h01m20s
Tushare financial backfill progress: 892/6003 (14.9%), fetched=20, empty=682, 
failed=190, inserted_rows=3, rate=12.2/min, elapsed=1h13m21s, eta=7h00m19s
Tushare financial backfill progress: 898/6003 (15.0%), fetched=20, empty=687, 
failed=191, inserted_rows=3, rate=12.1/min, elapsed=1h13m57s, eta=7h00m27s
Tushare financial backfill progress: 907/6003 (15.1%), fetched=21, empty=695, 
failed=191, inserted_rows=3, rate=12.2/min, elapsed=1h14m30s, eta=6h58m38s
Tushare financial backfill progress: 912/6003 (15.2%), fetched=21, empty=698, 
failed=193, inserted_rows=3, rate=12.2/min, elapsed=1h15m02s, eta=6h58m52s
Traceback (most recent call last):
  File "/home/zj/workspace/stok-mapping/.venv/lib/python3.14/site-packages/pandas/io/sql.py", line 2702, in execute
    cur.execute(sql, *args)
    ~~~~~~~~~~~^^^^^^^^^^^^
sqlite3.OperationalError: database is locked

The above exception was the direct cause of the following exception:

Traceback (most recent call last):
  File "<frozen runpy>", line 198, in _run_module_as_main
  File "<frozen runpy>", line 88, in _run_code
  File "/home/zj/workspace/stok-mapping/phase0/cli.py", line 1632, in <module>
    raise SystemExit(main())
                     ~~~~^^
  File "/home/zj/workspace/stok-mapping/phase0/cli.py", line 1500, in main
    result = backfill_tushare_financials_from_config(
        config_path,
    ...<13 lines>...
        progress_callback=lambda progress: _print_tushare_financial_progress(console, progress),
    )
  File "/home/zj/workspace/stok-mapping/phase0/tushare_history_backfill.py", line 1464, in backfill_tushare_financials_from_config
    before = pd.read_sql_query(
        f"""
    ...<7 lines>...
        params=(symbol, task_period),
    )
  File "/home/zj/workspace/stok-mapping/.venv/lib/python3.14/site-packages/pandas/io/sql.py", line 497, in read_sql_query
    return pandas_sql.read_query(
           ~~~~~~~~~~~~~~~~~~~~~^
        sql,
        ^^^^
    ...<6 lines>...
        dtype_backend=dtype_backend,
        ^^^^^^^^^^^^^^^^^^^^^^^^^^^^
    )
    ^
  File "/home/zj/workspace/stok-mapping/.venv/lib/python3.14/site-packages/pandas/io/sql.py", line 2766, in read_query
    cursor = self.execute(sql, params)
  File "/home/zj/workspace/stok-mapping/.venv/lib/python3.14/site-packages/pandas/io/sql.py", line 2714, in execute
    raise ex from exc
pandas.errors.DatabaseError: Execution failed on sql '
                    SELECT revenue_growth, profit_growth, debt_to_asset
                    FROM market_financial_factors
                    WHERE market = 'CN'
                      AND symbol = ?
                      AND report_date = ?
                    ': database is locked
