Tushare financial backfill started
Tushare financial backfill selected: 0/6003 (0.0%), fetched=0, empty=0, 
failed=0, inserted_rows=0, rate=0.0/min, elapsed=0s, eta=unknown
Tushare financial backfill progress: 6/6003 (0.1%), fetched=0, empty=3, 
failed=3, inserted_rows=0, rate=10.9/min, elapsed=32s, eta=9h08m55s
Tushare financial backfill progress: 8/6003 (0.1%), fetched=0, empty=5, 
failed=3, inserted_rows=0, rate=6.4/min, elapsed=1m15s, eta=15h40m16s
Tushare financial backfill progress: 16/6003 (0.3%), fetched=0, empty=13, 
failed=3, inserted_rows=0, rate=9.1/min, elapsed=1m45s, eta=10h57m36s
Tushare financial backfill progress: 22/6003 (0.4%), fetched=0, empty=17, 
failed=5, inserted_rows=0, rate=9.4/min, elapsed=2m21s, eta=10h39m25s
Tushare financial backfill progress: 30/6003 (0.5%), fetched=0, empty=25, 
failed=5, inserted_rows=0, rate=10.5/min, elapsed=2m51s, eta=9h29m05s
Tushare financial backfill progress: 35/6003 (0.6%), fetched=0, empty=28, 
failed=7, inserted_rows=0, rate=10.1/min, elapsed=3m27s, eta=9h49m03s
Tushare financial backfill progress: 42/6003 (0.7%), fetched=0, empty=34, 
failed=8, inserted_rows=0, rate=10.5/min, elapsed=3m59s, eta=9h27m29s
Tushare financial backfill progress: 47/6003 (0.8%), fetched=0, empty=37, 
failed=10, inserted_rows=0, rate=10.4/min, elapsed=4m29s, eta=9h30m03s
Tushare financial backfill progress: 53/6003 (0.9%), fetched=2, empty=40, 
failed=11, inserted_rows=0, rate=10.5/min, elapsed=5m01s, eta=9h24m05s
Tushare financial backfill progress: 59/6003 (1.0%), fetched=2, empty=43, 
failed=14, inserted_rows=0, rate=10.6/min, elapsed=5m33s, eta=9h20m48s
Tushare financial backfill progress: 67/6003 (1.1%), fetched=2, empty=51, 
failed=14, inserted_rows=0, rate=11.0/min, elapsed=6m06s, eta=9h01m00s
Tushare financial backfill progress: 73/6003 (1.2%), fetched=2, empty=55, 
failed=16, inserted_rows=0, rate=11.0/min, elapsed=6m38s, eta=8h59m14s
Tushare financial backfill progress: 81/6003 (1.3%), fetched=2, empty=63, 
failed=16, inserted_rows=0, rate=11.3/min, elapsed=7m10s, eta=8h44m19s
Tushare financial backfill progress: 87/6003 (1.4%), fetched=2, empty=68, 
failed=17, inserted_rows=0, rate=11.3/min, elapsed=7m42s, eta=8h43m40s
Tushare financial backfill progress: 92/6003 (1.5%), fetched=4, empty=71, 
failed=17, inserted_rows=0, rate=10.7/min, elapsed=8m34s, eta=9h10m25s
Tushare financial backfill progress: 101/6003 (1.7%), fetched=5, empty=79, 
failed=17, inserted_rows=0, rate=11.1/min, elapsed=9m06s, eta=8h52m15s
Tushare financial backfill progress: 107/6003 (1.8%), fetched=5, empty=82, 
failed=20, inserted_rows=0, rate=11.1/min, elapsed=9m39s, eta=8h51m44s
Tushare financial backfill progress: 114/6003 (1.9%), fetched=6, empty=87, 
failed=21, inserted_rows=0, rate=11.1/min, elapsed=10m13s, eta=8h48m29s
Tushare financial backfill progress: 121/6003 (2.0%), fetched=6, empty=92, 
failed=23, inserted_rows=0, rate=11.2/min, elapsed=10m47s, eta=8h44m23s
Tushare financial backfill progress: 127/6003 (2.1%), fetched=6, empty=95, 
failed=26, inserted_rows=0, rate=11.1/min, elapsed=11m23s, eta=8h47m21s
Tushare financial backfill progress: 135/6003 (2.2%), fetched=7, empty=101, 
failed=27, inserted_rows=0, rate=11.3/min, elapsed=11m54s, eta=8h37m54s
Tushare financial backfill progress: 140/6003 (2.3%), fetched=7, empty=103, 
failed=30, inserted_rows=0, rate=11.2/min, elapsed=12m27s, eta=8h41m51s
Tushare financial backfill progress: 148/6003 (2.5%), fetched=7, empty=111, 
failed=30, inserted_rows=0, rate=11.4/min, elapsed=12m58s, eta=8h33m27s
Tushare financial backfill progress: 152/6003 (2.5%), fetched=7, empty=112, 
failed=33, inserted_rows=0, rate=11.2/min, elapsed=13m32s, eta=8h41m18s
Tushare financial backfill progress: 161/6003 (2.7%), fetched=7, empty=121, 
failed=33, inserted_rows=0, rate=11.4/min, elapsed=14m06s, eta=8h32m04s
Tushare financial backfill progress: 165/6003 (2.7%), fetched=7, empty=123, 
failed=35, inserted_rows=0, rate=11.3/min, elapsed=14m38s, eta=8h38m09s
Tushare financial backfill progress: 173/6003 (2.9%), fetched=7, empty=131, 
failed=35, inserted_rows=0, rate=11.4/min, elapsed=15m08s, eta=8h30m27s
Tushare financial backfill progress: 178/6003 (3.0%), fetched=7, empty=133, 
failed=38, inserted_rows=0, rate=11.3/min, elapsed=15m42s, eta=8h34m14s
Tushare financial backfill progress: 185/6003 (3.1%), fetched=7, empty=139, 
failed=39, inserted_rows=0, rate=11.4/min, elapsed=16m17s, eta=8h32m06s
Tushare financial backfill progress: 191/6003 (3.2%), fetched=7, empty=143, 
failed=41, inserted_rows=0, rate=11.4/min, elapsed=16m47s, eta=8h30m59s
Tushare financial backfill progress: 197/6003 (3.3%), fetched=7, empty=147, 
failed=43, inserted_rows=0, rate=11.3/min, elapsed=17m23s, eta=8h32m22s
Tushare financial backfill progress: 203/6003 (3.4%), fetched=7, empty=152, 
failed=44, inserted_rows=0, rate=11.3/min, elapsed=17m54s, eta=8h31m42s
Tushare financial backfill progress: 208/6003 (3.5%), fetched=7, empty=155, 
failed=46, inserted_rows=0, rate=11.3/min, elapsed=18m25s, eta=8h33m26s
Tushare financial backfill progress: 215/6003 (3.6%), fetched=7, empty=161, 
failed=47, inserted_rows=0, rate=11.4/min, elapsed=18m56s, eta=8h29m52s
Tushare financial backfill progress: 221/6003 (3.7%), fetched=7, empty=166, 
failed=48, inserted_rows=0, rate=11.4/min, elapsed=19m27s, eta=8h28m58s
Tushare financial backfill progress: 228/6003 (3.8%), fetched=7, empty=172, 
failed=49, inserted_rows=0, rate=11.4/min, elapsed=19m57s, eta=8h25m40s
Tushare financial backfill progress: 234/6003 (3.9%), fetched=7, empty=177, 
failed=50, inserted_rows=0, rate=11.4/min, elapsed=20m30s, eta=8h25m47s
Tushare financial backfill progress: 241/6003 (4.0%), fetched=7, empty=183, 
failed=51, inserted_rows=0, rate=11.5/min, elapsed=21m01s, eta=8h22m48s
Tushare financial backfill progress: 247/6003 (4.1%), fetched=7, empty=187, 
failed=53, inserted_rows=0, rate=11.4/min, elapsed=21m36s, eta=8h23m42s
Tushare financial backfill progress: 256/6003 (4.3%), fetched=7, empty=196, 
failed=53, inserted_rows=0, rate=11.5/min, elapsed=22m10s, eta=8h17m38s
Tushare financial backfill progress: 261/6003 (4.3%), fetched=7, empty=199, 
failed=55, inserted_rows=0, rate=11.5/min, elapsed=22m42s, eta=8h19m35s
Tushare financial backfill progress: 269/6003 (4.5%), fetched=7, empty=207, 
failed=55, inserted_rows=0, rate=11.6/min, elapsed=23m12s, eta=8h14m46s
Tushare financial backfill progress: 273/6003 (4.5%), fetched=7, empty=209, 
failed=57, inserted_rows=0, rate=11.5/min, elapsed=23m43s, eta=8h17m57s
Tushare financial backfill progress: 282/6003 (4.7%), fetched=8, empty=216, 
failed=58, inserted_rows=0, rate=11.6/min, elapsed=24m22s, eta=8h14m29s
Tushare financial backfill progress: 289/6003 (4.8%), fetched=8, empty=221, 
failed=60, inserted_rows=0, rate=11.6/min, elapsed=24m56s, eta=8h13m09s
Tushare financial backfill progress: 295/6003 (4.9%), fetched=8, empty=224, 
failed=63, inserted_rows=0, rate=11.5/min, elapsed=25m34s, eta=8h14m52s
Tushare financial backfill progress: 303/6003 (5.0%), fetched=8, empty=232, 
failed=63, inserted_rows=0, rate=11.6/min, elapsed=26m06s, eta=8h11m00s
Tushare financial backfill progress: 308/6003 (5.1%), fetched=8, empty=234, 
failed=66, inserted_rows=0, rate=11.5/min, elapsed=26m42s, eta=8h13m43s
Tushare financial backfill progress: 317/6003 (5.3%), fetched=9, empty=242, 
failed=66, inserted_rows=0, rate=11.6/min, elapsed=27m14s, eta=8h08m33s
Tushare financial backfill progress: 323/6003 (5.4%), fetched=10, empty=244, 
failed=69, inserted_rows=0, rate=11.6/min, elapsed=27m47s, eta=8h08m42s
Tushare financial backfill progress: 331/6003 (5.5%), fetched=11, empty=251, 
failed=69, inserted_rows=0, rate=11.7/min, elapsed=28m19s, eta=8h05m27s
Tushare financial backfill progress: 337/6003 (5.6%), fetched=11, empty=255, 
failed=71, inserted_rows=0, rate=11.7/min, elapsed=28m50s, eta=8h04m47s
Tushare financial backfill progress: 344/6003 (5.7%), fetched=11, empty=261, 
failed=72, inserted_rows=0, rate=11.7/min, elapsed=29m24s, eta=8h03m54s
Tushare financial backfill progress: 350/6003 (5.8%), fetched=11, empty=265, 
failed=74, inserted_rows=0, rate=11.7/min, elapsed=29m55s, eta=8h03m12s
Tushare financial backfill progress: 356/6003 (5.9%), fetched=11, empty=270, 
failed=75, inserted_rows=0, rate=11.7/min, elapsed=30m26s, eta=8h02m45s
Tushare financial backfill progress: 363/6003 (6.0%), fetched=11, empty=275, 
failed=77, inserted_rows=0, rate=11.7/min, elapsed=30m57s, eta=8h00m55s
Tushare financial backfill progress: 369/6003 (6.1%), fetched=12, empty=278, 
failed=79, inserted_rows=0, rate=11.7/min, elapsed=31m31s, eta=8h01m19s
Tushare financial backfill progress: 376/6003 (6.3%), fetched=12, empty=284, 
failed=80, inserted_rows=0, rate=11.7/min, elapsed=32m04s, eta=8h00m05s
Tushare financial backfill progress: 382/6003 (6.4%), fetched=12, empty=287, 
failed=83, inserted_rows=0, rate=11.7/min, elapsed=32m41s, eta=8h00m58s
Tushare financial backfill progress: 391/6003 (6.5%), fetched=13, empty=295, 
failed=83, inserted_rows=0, rate=11.8/min, elapsed=33m13s, eta=7h56m59s
Tushare financial backfill progress: 395/6003 (6.6%), fetched=13, empty=296, 
failed=86, inserted_rows=0, rate=11.7/min, elapsed=33m46s, eta=7h59m34s
Tushare financial backfill progress: 403/6003 (6.7%), fetched=13, empty=304, 
failed=86, inserted_rows=0, rate=11.8/min, elapsed=34m16s, eta=7h56m22s
Tushare financial backfill progress: 409/6003 (6.8%), fetched=13, empty=308, 
failed=88, inserted_rows=0, rate=11.7/min, elapsed=34m50s, eta=7h56m39s
Tushare financial backfill progress: 417/6003 (6.9%), fetched=13, empty=316, 
failed=88, inserted_rows=0, rate=11.8/min, elapsed=35m22s, eta=7h53m53s
Tushare financial backfill progress: 423/6003 (7.0%), fetched=13, empty=320, 
failed=90, inserted_rows=0, rate=11.8/min, elapsed=35m56s, eta=7h54m11s
Tushare financial backfill progress: 431/6003 (7.2%), fetched=13, empty=328, 
failed=90, inserted_rows=0, rate=11.8/min, elapsed=36m28s, eta=7h51m29s
Tushare financial backfill progress: 436/6003 (7.3%), fetched=13, empty=332, 
failed=91, inserted_rows=0, rate=11.8/min, elapsed=36m59s, eta=7h52m17s
Tushare financial backfill progress: 444/6003 (7.4%), fetched=13, empty=339, 
failed=92, inserted_rows=0, rate=11.8/min, elapsed=37m36s, eta=7h50m46s
Tushare financial backfill progress: 452/6003 (7.5%), fetched=13, empty=346, 
failed=93, inserted_rows=0, rate=11.9/min, elapsed=38m08s, eta=7h48m25s
Tushare financial backfill progress: 457/6003 (7.6%), fetched=13, empty=349, 
failed=95, inserted_rows=0, rate=11.8/min, elapsed=38m45s, eta=7h50m16s
Tushare financial backfill progress: 465/6003 (7.7%), fetched=13, empty=357, 
failed=95, inserted_rows=0, rate=11.8/min, elapsed=39m15s, eta=7h47m30s
Tushare financial backfill progress: 469/6003 (7.8%), fetched=13, empty=359, 
failed=97, inserted_rows=0, rate=11.8/min, elapsed=39m45s, eta=7h49m08s
Tushare financial backfill progress: 478/6003 (8.0%), fetched=13, empty=368, 
failed=97, inserted_rows=0, rate=11.9/min, elapsed=40m18s, eta=7h45m57s
Tushare financial backfill progress: 483/6003 (8.0%), fetched=13, empty=370, 
failed=100, inserted_rows=0, rate=11.8/min, elapsed=40m48s, eta=7h46m28s
Tushare financial backfill progress: 491/6003 (8.2%), fetched=13, empty=378, 
failed=100, inserted_rows=0, rate=11.9/min, elapsed=41m22s, eta=7h44m27s
Tushare financial backfill progress: 497/6003 (8.3%), fetched=13, empty=382, 
failed=102, inserted_rows=0, rate=11.9/min, elapsed=41m52s, eta=7h43m58s
Tushare financial backfill progress: 505/6003 (8.4%), fetched=14, empty=388, 
failed=103, inserted_rows=0, rate=11.9/min, elapsed=42m31s, eta=7h42m53s
Tushare financial backfill progress: 512/6003 (8.5%), fetched=14, empty=393, 
failed=105, inserted_rows=0, rate=11.9/min, elapsed=43m02s, eta=7h41m36s
Tushare financial backfill progress: 518/6003 (8.6%), fetched=14, empty=397, 
failed=107, inserted_rows=0, rate=11.9/min, elapsed=43m35s, eta=7h41m37s
Tushare financial backfill progress: 525/6003 (8.7%), fetched=14, empty=403, 
failed=108, inserted_rows=0, rate=11.9/min, elapsed=44m05s, eta=7h40m08s
Tushare financial backfill progress: 530/6003 (8.8%), fetched=14, empty=406, 
failed=110, inserted_rows=0, rate=11.9/min, elapsed=44m35s, eta=7h40m32s
Tushare financial backfill progress: 537/6003 (8.9%), fetched=14, empty=412, 
failed=111, inserted_rows=0, rate=11.9/min, elapsed=45m06s, eta=7h39m11s
Tushare financial backfill progress: 542/6003 (9.0%), fetched=14, empty=415, 
failed=113, inserted_rows=0, rate=11.9/min, elapsed=45m38s, eta=7h39m53s
Tushare financial backfill progress: 550/6003 (9.2%), fetched=14, empty=422, 
failed=114, inserted_rows=0, rate=11.9/min, elapsed=46m10s, eta=7h37m52s
Tushare financial backfill progress: 555/6003 (9.2%), fetched=14, empty=424, 
failed=117, inserted_rows=0, rate=11.9/min, elapsed=46m44s, eta=7h38m47s
Tushare financial backfill progress: 563/6003 (9.4%), fetched=15, empty=431, 
failed=117, inserted_rows=0, rate=11.9/min, elapsed=47m15s, eta=7h36m41s
Tushare financial backfill progress: 568/6003 (9.5%), fetched=15, empty=433, 
failed=120, inserted_rows=0, rate=11.9/min, elapsed=47m51s, eta=7h37m59s
Tushare financial backfill progress: 576/6003 (9.6%), fetched=15, empty=440, 
failed=121, inserted_rows=0, rate=11.9/min, elapsed=48m28s, eta=7h36m45s
Tushare financial backfill progress: 582/6003 (9.7%), fetched=16, empty=443, 
failed=123, inserted_rows=1, rate=11.9/min, elapsed=49m00s, eta=7h36m26s
Tushare financial backfill progress: 589/6003 (9.8%), fetched=16, empty=449, 
failed=124, inserted_rows=1, rate=11.9/min, elapsed=49m35s, eta=7h35m53s
Tushare financial backfill progress: 596/6003 (9.9%), fetched=16, empty=455, 
failed=125, inserted_rows=1, rate=11.9/min, elapsed=50m06s, eta=7h34m38s
Tushare financial backfill progress: 602/6003 (10.0%), fetched=16, empty=460, 
failed=126, inserted_rows=1, rate=11.9/min, elapsed=50m37s, eta=7h34m15s
Tushare financial backfill progress: 609/6003 (10.1%), fetched=16, empty=466, 
failed=127, inserted_rows=1, rate=11.9/min, elapsed=51m10s, eta=7h33m16s
Tushare financial backfill progress: 615/6003 (10.2%), fetched=16, empty=470, 
failed=129, inserted_rows=1, rate=11.9/min, elapsed=51m45s, eta=7h33m23s
Tushare financial backfill progress: 623/6003 (10.4%), fetched=16, empty=478, 
failed=129, inserted_rows=1, rate=11.9/min, elapsed=52m15s, eta=7h31m17s
Tushare financial backfill progress: 627/6003 (10.4%), fetched=16, empty=479, 
failed=132, inserted_rows=1, rate=11.9/min, elapsed=52m47s, eta=7h32m37s
Tushare financial backfill progress: 635/6003 (10.6%), fetched=16, empty=487, 
failed=132, inserted_rows=1, rate=11.9/min, elapsed=53m17s, eta=7h30m30s
Tushare financial backfill progress: 638/6003 (10.6%), fetched=16, empty=487, 
failed=135, inserted_rows=1, rate=11.9/min, elapsed=53m48s, eta=7h32m29s
Tushare financial backfill progress: 646/6003 (10.8%), fetched=16, empty=495, 
failed=135, inserted_rows=1, rate=11.9/min, elapsed=54m18s, eta=7h30m22s
Tushare financial backfill progress: 650/6003 (10.8%), fetched=16, empty=497, 
failed=137, inserted_rows=1, rate=11.9/min, elapsed=54m50s, eta=7h31m40s
Tushare financial backfill progress: 659/6003 (11.0%), fetched=16, empty=505, 
failed=138, inserted_rows=1, rate=11.9/min, elapsed=55m31s, eta=7h30m16s
Tushare financial backfill progress: 665/6003 (11.1%), fetched=16, empty=509, 
failed=140, inserted_rows=1, rate=11.9/min, elapsed=56m03s, eta=7h30m00s
Tushare financial backfill progress: 671/6003 (11.2%), fetched=16, empty=513, 
failed=142, inserted_rows=1, rate=11.8/min, elapsed=56m38s, eta=7h30m09s
Tushare financial backfill progress: 678/6003 (11.3%), fetched=16, empty=519, 
failed=143, inserted_rows=1, rate=11.9/min, elapsed=57m10s, eta=7h28m59s
Tushare financial backfill progress: 684/6003 (11.4%), fetched=16, empty=522, 
failed=146, inserted_rows=1, rate=11.8/min, elapsed=57m46s, eta=7h29m18s
Tushare financial backfill progress: 692/6003 (11.5%), fetched=17, empty=529, 
failed=146, inserted_rows=1, rate=11.9/min, elapsed=58m18s, eta=7h27m28s
Tushare financial backfill progress: 698/6003 (11.6%), fetched=17, empty=534, 
failed=147, inserted_rows=1, rate=11.9/min, elapsed=58m52s, eta=7h27m24s
Tushare financial backfill progress: 707/6003 (11.8%), fetched=17, empty=543, 
failed=147, inserted_rows=1, rate=11.9/min, elapsed=59m26s, eta=7h25m15s
Tushare financial backfill progress: 711/6003 (11.8%), fetched=17, empty=545, 
failed=149, inserted_rows=1, rate=11.9/min, elapsed=59m56s, eta=7h26m09s
Tushare financial backfill progress: 719/6003 (12.0%), fetched=17, empty=552, 
failed=150, inserted_rows=1, rate=11.9/min, elapsed=1h00m34s, eta=7h25m07s
Tushare financial backfill progress: 726/6003 (12.1%), fetched=17, empty=557, 
failed=152, inserted_rows=1, rate=11.9/min, elapsed=1h01m05s, eta=7h24m03s
Tushare financial backfill progress: 731/6003 (12.2%), fetched=17, empty=560, 
failed=154, inserted_rows=1, rate=11.9/min, elapsed=1h01m35s, eta=7h24m14s
Tushare financial backfill progress: 738/6003 (12.3%), fetched=17, empty=565, 
failed=156, inserted_rows=1, rate=11.9/min, elapsed=1h02m06s, eta=7h23m08s
Tushare financial backfill progress: 743/6003 (12.4%), fetched=17, empty=568, 
failed=158, inserted_rows=1, rate=11.9/min, elapsed=1h02m37s, eta=7h23m19s
Tushare financial backfill progress: 750/6003 (12.5%), fetched=17, empty=574, 
failed=159, inserted_rows=1, rate=11.9/min, elapsed=1h03m10s, eta=7h22m25s
Tushare financial backfill progress: 756/6003 (12.6%), fetched=17, empty=577, 
failed=162, inserted_rows=1, rate=11.9/min, elapsed=1h03m46s, eta=7h22m40s
Tushare financial backfill progress: 764/6003 (12.7%), fetched=17, empty=585, 
failed=162, inserted_rows=1, rate=11.9/min, elapsed=1h04m20s, eta=7h21m12s
Tushare financial backfill progress: 769/6003 (12.8%), fetched=17, empty=588, 
failed=164, inserted_rows=1, rate=11.9/min, elapsed=1h04m50s, eta=7h21m22s
Tushare financial backfill progress: 778/6003 (13.0%), fetched=17, empty=597, 
failed=164, inserted_rows=1, rate=11.9/min, elapsed=1h05m24s, eta=7h19m14s
Tushare financial backfill progress: 784/6003 (13.1%), fetched=17, empty=601, 
failed=166, inserted_rows=1, rate=11.9/min, elapsed=1h05m55s, eta=7h18m52s
Tushare financial backfill progress: 792/6003 (13.2%), fetched=17, empty=609, 
failed=166, inserted_rows=1, rate=11.9/min, elapsed=1h06m28s, eta=7h17m19s
Tushare financial backfill progress: 798/6003 (13.3%), fetched=17, empty=613, 
failed=168, inserted_rows=1, rate=11.9/min, elapsed=1h06m58s, eta=7h16m53s
Tushare financial backfill progress: 802/6003 (13.4%), fetched=17, empty=617, 
failed=168, inserted_rows=1, rate=11.8/min, elapsed=1h07m47s, eta=7h19m36s
Tushare financial backfill progress: 811/6003 (13.5%), fetched=17, empty=626, 
failed=168, inserted_rows=1, rate=11.9/min, elapsed=1h08m20s, eta=7h17m29s
Tushare financial backfill progress: 816/6003 (13.6%), fetched=17, empty=629, 
failed=170, inserted_rows=1, rate=11.8/min, elapsed=1h08m54s, eta=7h17m59s
Tushare financial backfill progress: 825/6003 (13.7%), fetched=17, empty=637, 
failed=171, inserted_rows=1, rate=11.9/min, elapsed=1h09m34s, eta=7h16m37s
Tushare financial backfill progress: 831/6003 (13.8%), fetched=17, empty=641, 
failed=173, inserted_rows=1, rate=11.9/min, elapsed=1h10m07s, eta=7h16m24s
Tushare financial backfill progress: 838/6003 (14.0%), fetched=17, empty=646, 
failed=175, inserted_rows=1, rate=11.8/min, elapsed=1h10m44s, eta=7h16m01s
Tushare financial backfill progress: 846/6003 (14.1%), fetched=17, empty=653, 
failed=176, inserted_rows=1, rate=11.9/min, elapsed=1h11m16s, eta=7h14m30s
Tushare financial backfill progress: 852/6003 (14.2%), fetched=17, empty=658, 
failed=177, inserted_rows=1, rate=11.9/min, elapsed=1h11m47s, eta=7h13m59s
Tushare financial backfill progress: 859/6003 (14.3%), fetched=17, empty=664, 
failed=178, inserted_rows=1, rate=11.9/min, elapsed=1h12m17s, eta=7h12m53s
Tushare financial backfill progress: 866/6003 (14.4%), fetched=17, empty=670, 
failed=179, inserted_rows=1, rate=11.9/min, elapsed=1h12m52s, eta=7h12m15s
Tushare financial backfill progress: 874/6003 (14.6%), fetched=17, empty=678, 
failed=179, inserted_rows=1, rate=11.9/min, elapsed=1h13m22s, eta=7h10m37s
Tushare financial backfill progress: 880/6003 (14.7%), fetched=17, empty=683, 
failed=180, inserted_rows=1, rate=11.9/min, elapsed=1h13m59s, eta=7h10m42s
Tushare financial backfill progress: 888/6003 (14.8%), fetched=17, empty=691, 
failed=180, inserted_rows=1, rate=11.9/min, elapsed=1h14m29s, eta=7h09m04s
Tushare financial backfill progress: 893/6003 (14.9%), fetched=17, empty=694, 
failed=182, inserted_rows=1, rate=11.9/min, elapsed=1h14m59s, eta=7h09m07s
Tushare financial backfill progress: 901/6003 (15.0%), fetched=17, empty=702, 
failed=182, inserted_rows=1, rate=11.9/min, elapsed=1h15m31s, eta=7h07m38s
Traceback (most recent call last):
  File "<frozen runpy>", line 198, in _run_module_as_main
  File "<frozen runpy>", line 88, in _run_code
  File "/home/zj/workspace/stok-mapping/phase0/cli.py", line 1632, in <module>
    raise SystemExit(main())
                     ~~~~^^
  File "/home/zj/workspace/stok-mapping/phase0/cli.py", line 1500, in main
    result = backfill_tushare_financials_from_config(
        config_path,
    ...<13 lines>...
        progress_callback=lambda progress: _print_tushare_financial_progress(console, progress),
    )
  File "/home/zj/workspace/stok-mapping/phase0/tushare_history_backfill.py", line 1449, in backfill_tushare_financials_from_config
    _mark_financial_missing_field_task(
    ~~~~~~~~~~~~~~~~~~~~~~~~~~~~~~~~~~^
        conn,
        ^^^^^
    ...<4 lines>...
        missing_fields=task_missing_fields,
        ^^^^^^^^^^^^^^^^^^^^^^^^^^^^^^^^^^^
    )
    ^
  File "/home/zj/workspace/stok-mapping/phase0/tushare_history_backfill.py", line 709, in _mark_financial_missing_field_task
    conn.execute(
    ~~~~~~~~~~~~^
        f"""
        ^^^^
    ...<5 lines>...
        tuple(params),
        ^^^^^^^^^^^^^^
    )
    ^
sqlite3.OperationalError: database is locked
